Archive member included to satisfy reference by file (symbol)

e:/stm32+clion/gcc-arm-none-eabi-9-2020-q2-update-win32/bin/../lib/gcc/arm-none-eabi/9.3.1/thumb/v7e-m/nofp\libgcc.a(_arm_mulsf3.o)
                              CMakeFiles/C_Board.elf.dir/Board_test/bsp_adc.c.obj (__aeabi_fmul)
e:/stm32+clion/gcc-arm-none-eabi-9-2020-q2-update-win32/bin/../lib/gcc/arm-none-eabi/9.3.1/thumb/v7e-m/nofp\libgcc.a(_arm_addsubsf3.o)
                              CMakeFiles/C_Board.elf.dir/Board_test/bsp_adc.c.obj (__aeabi_fsub)
e:/stm32+clion/gcc-arm-none-eabi-9-2020-q2-update-win32/bin/../lib/gcc/arm-none-eabi/9.3.1/thumb/v7e-m/nofp\libgcc.a(_arm_muldivsf3.o)
                              CMakeFiles/C_Board.elf.dir/Board_test/bsp_adc.c.obj (__aeabi_fdiv)
e:/stm32+clion/gcc-arm-none-eabi-9-2020-q2-update-win32/bin/../lib/gcc/arm-none-eabi/9.3.1/thumb/v7e-m/nofp\libgcc.a(_arm_fixunssfsi.o)
                              CMakeFiles/C_Board.elf.dir/divices/OLED.c.obj (__aeabi_f2uiz)
e:/stm32+clion/gcc-arm-none-eabi-9-2020-q2-update-win32/bin/../lib/gcc/arm-none-eabi/9.3.1/thumb/v7e-m/nofp\libgcc.a(_aeabi_uldivmod.o)
                              CMakeFiles/C_Board.elf.dir/Drivers/STM32F4xx_HAL_Driver/Src/stm32f4xx_hal_rcc.c.obj (__aeabi_uldivmod)
e:/stm32+clion/gcc-arm-none-eabi-9-2020-q2-update-win32/bin/../lib/gcc/arm-none-eabi/9.3.1/thumb/v7e-m/nofp\libgcc.a(_udivmoddi4.o)
                              e:/stm32+clion/gcc-arm-none-eabi-9-2020-q2-update-win32/bin/../lib/gcc/arm-none-eabi/9.3.1/thumb/v7e-m/nofp\libgcc.a(_aeabi_uldivmod.o) (__udivmoddi4)
e:/stm32+clion/gcc-arm-none-eabi-9-2020-q2-update-win32/bin/../lib/gcc/arm-none-eabi/9.3.1/thumb/v7e-m/nofp\libgcc.a(_dvmd_tls.o)
                              e:/stm32+clion/gcc-arm-none-eabi-9-2020-q2-update-win32/bin/../lib/gcc/arm-none-eabi/9.3.1/thumb/v7e-m/nofp\libgcc.a(_aeabi_uldivmod.o) (__aeabi_ldiv0)
e:/stm32+clion/gcc-arm-none-eabi-9-2020-q2-update-win32/bin/../lib/gcc/arm-none-eabi/9.3.1/../../../../arm-none-eabi/lib/thumb/v7e-m/nofp\libg.a(lib_a-errno.o)
                              CMakeFiles/C_Board.elf.dir/Core/Src/syscalls.c.obj (__errno)
e:/stm32+clion/gcc-arm-none-eabi-9-2020-q2-update-win32/bin/../lib/gcc/arm-none-eabi/9.3.1/../../../../arm-none-eabi/lib/thumb/v7e-m/nofp\libg.a(lib_a-exit.o)
                              e:/stm32+clion/gcc-arm-none-eabi-9-2020-q2-update-win32/bin/../lib/gcc/arm-none-eabi/9.3.1/../../../../arm-none-eabi/lib/thumb/v7e-m/nofp/crt0.o (exit)
e:/stm32+clion/gcc-arm-none-eabi-9-2020-q2-update-win32/bin/../lib/gcc/arm-none-eabi/9.3.1/../../../../arm-none-eabi/lib/thumb/v7e-m/nofp\libg.a(lib_a-impure.o)
                              e:/stm32+clion/gcc-arm-none-eabi-9-2020-q2-update-win32/bin/../lib/gcc/arm-none-eabi/9.3.1/../../../../arm-none-eabi/lib/thumb/v7e-m/nofp\libg.a(lib_a-exit.o) (_global_impure_ptr)
e:/stm32+clion/gcc-arm-none-eabi-9-2020-q2-update-win32/bin/../lib/gcc/arm-none-eabi/9.3.1/../../../../arm-none-eabi/lib/thumb/v7e-m/nofp\libg.a(lib_a-init.o)
                              e:/stm32+clion/gcc-arm-none-eabi-9-2020-q2-update-win32/bin/../lib/gcc/arm-none-eabi/9.3.1/../../../../arm-none-eabi/lib/thumb/v7e-m/nofp/crt0.o (__libc_init_array)
e:/stm32+clion/gcc-arm-none-eabi-9-2020-q2-update-win32/bin/../lib/gcc/arm-none-eabi/9.3.1/../../../../arm-none-eabi/lib/thumb/v7e-m/nofp\libg.a(lib_a-memset.o)
                              e:/stm32+clion/gcc-arm-none-eabi-9-2020-q2-update-win32/bin/../lib/gcc/arm-none-eabi/9.3.1/../../../../arm-none-eabi/lib/thumb/v7e-m/nofp/crt0.o (memset)
e:/stm32+clion/gcc-arm-none-eabi-9-2020-q2-update-win32/bin/../lib/gcc/arm-none-eabi/9.3.1/../../../../arm-none-eabi/lib/thumb/v7e-m/nofp\libg.a(lib_a-vsprintf.o)
                              CMakeFiles/C_Board.elf.dir/divices/OLED.c.obj (vsprintf)
e:/stm32+clion/gcc-arm-none-eabi-9-2020-q2-update-win32/bin/../lib/gcc/arm-none-eabi/9.3.1/../../../../arm-none-eabi/lib/thumb/v7e-m/nofp\libg.a(lib_a-__call_atexit.o)
                              e:/stm32+clion/gcc-arm-none-eabi-9-2020-q2-update-win32/bin/../lib/gcc/arm-none-eabi/9.3.1/../../../../arm-none-eabi/lib/thumb/v7e-m/nofp\libg.a(lib_a-exit.o) (__call_exitprocs)
e:/stm32+clion/gcc-arm-none-eabi-9-2020-q2-update-win32/bin/../lib/gcc/arm-none-eabi/9.3.1/../../../../arm-none-eabi/lib/thumb/v7e-m/nofp\libg.a(lib_a-atexit.o)
                              e:/stm32+clion/gcc-arm-none-eabi-9-2020-q2-update-win32/bin/../lib/gcc/arm-none-eabi/9.3.1/../../../../arm-none-eabi/lib/thumb/v7e-m/nofp\libg.a(lib_a-__call_atexit.o) (atexit)
e:/stm32+clion/gcc-arm-none-eabi-9-2020-q2-update-win32/bin/../lib/gcc/arm-none-eabi/9.3.1/../../../../arm-none-eabi/lib/thumb/v7e-m/nofp\libg.a(lib_a-fini.o)
                              e:/stm32+clion/gcc-arm-none-eabi-9-2020-q2-update-win32/bin/../lib/gcc/arm-none-eabi/9.3.1/../../../../arm-none-eabi/lib/thumb/v7e-m/nofp\libg.a(lib_a-__call_atexit.o) (__libc_fini_array)
[...]
Memory Configuration

Name             Origin             Length             Attributes
RAM              0x20000000         0x00020000         xrw
CCMRAM           0x10000000         0x00010000         xrw
FLASH            0x08000000         0x00100000         xr
*default*        0x00000000         0xffffffff

Linker script and memory map

LOAD e:/stm32+clion/gcc-arm-none-eabi-9-2020-q2-update-win32/bin/../lib/gcc/arm-none-eabi/9.3.1/thumb/v7e-m/nofp/crti.o
LOAD e:/stm32+clion/gcc-arm-none-eabi-9-2020-q2-update-win32/bin/../lib/gcc/arm-none-eabi/9.3.1/thumb/v7e-m/nofp/crtbegin.o
LOAD e:/stm32+clion/gcc-arm-none-eabi-9-2020-q2-update-win32/bin/../lib/gcc/arm-none-eabi/9.3.1/../../../../arm-none-eabi/lib/thumb/v7e-m/nofp/crt0.o
LOAD CMakeFiles/C_Board.elf.dir/APP/remote_control.c.obj
LOAD CMakeFiles/C_Board.elf.dir/Board_test/bsp_adc.c.obj
LOAD CMakeFiles/C_Board.elf.dir/Board_test/bsp_buzzer.c.obj
LOAD CMakeFiles/C_Board.elf.dir/Board_test/bsp_delay.c.obj
LOAD CMakeFiles/C_Board.elf.dir/Board_test/bsp_key.c.obj
LOAD CMakeFiles/C_Board.elf.dir/Board_test/bsp_led.c.obj
LOAD CMakeFiles/C_Board.elf.dir/Board_test/bsp_rc.c.obj
LOAD CMakeFiles/C_Board.elf.dir/Board_test/bsp_usart.c.obj
LOAD CMakeFiles/C_Board.elf.dir/Core/Src/adc.c.obj
LOAD CMakeFiles/C_Board.elf.dir/Core/Src/dma.c.obj
LOAD CMakeFiles/C_Board.elf.dir/Core/Src/gpio.c.obj
LOAD CMakeFiles/C_Board.elf.dir/Core/Src/i2c.c.obj
LOAD CMakeFiles/C_Board.elf.dir/Core/Src/main.c.obj
LOAD CMakeFiles/C_Board.elf.dir/Core/Src/stm32f4xx_hal_msp.c.obj
LOAD CMakeFiles/C_Board.elf.dir/Core/Src/stm32f4xx_it.c.obj
LOAD CMakeFiles/C_Board.elf.dir/Core/Src/syscalls.c.obj
LOAD CMakeFiles/C_Board.elf.dir/Core/Src/system_stm32f4xx.c.obj
LOAD CMakeFiles/C_Board.elf.dir/Core/Src/tim.c.obj
LOAD CMakeFiles/C_Board.elf.dir/Core/Src/usart.c.obj
LOAD CMakeFiles/C_Board.elf.dir/Drivers/STM32F4xx_HAL_Driver/Src/stm32f4xx_hal.c.obj
LOAD CMakeFiles/C_Board.elf.dir/Drivers/STM32F4xx_HAL_Driver/Src/stm32f4xx_hal_adc.c.obj
LOAD CMakeFiles/C_Board.elf.dir/Drivers/STM32F4xx_HAL_Driver/Src/stm32f4xx_hal_adc_ex.c.obj
LOAD CMakeFiles/C_Board.elf.dir/Drivers/STM32F4xx_HAL_Driver/Src/stm32f4xx_hal_cortex.c.obj
LOAD CMakeFiles/C_Board.elf.dir/Drivers/STM32F4xx_HAL_Driver/Src/stm32f4xx_hal_dma.c.obj
LOAD CMakeFiles/C_Board.elf.dir/Drivers/STM32F4xx_HAL_Driver/Src/stm32f4xx_hal_dma_ex.c.obj
LOAD CMakeFiles/C_Board.elf.dir/Drivers/STM32F4xx_HAL_Driver/Src/stm32f4xx_hal_exti.c.obj
LOAD CMakeFiles/C_Board.elf.dir/Drivers/STM32F4xx_HAL_Driver/Src/stm32f4xx_hal_flash.c.obj
LOAD CMakeFiles/C_Board.elf.dir/Drivers/STM32F4xx_HAL_Driver/Src/stm32f4xx_hal_flash_ex.c.obj
LOAD CMakeFiles/C_Board.elf.dir/Drivers/STM32F4xx_HAL_Driver/Src/stm32f4xx_hal_flash_ramfunc.c.obj
LOAD CMakeFiles/C_Board.elf.dir/Drivers/STM32F4xx_HAL_Driver/Src/stm32f4xx_hal_gpio.c.obj
LOAD CMakeFiles/C_Board.elf.dir/Drivers/STM32F4xx_HAL_Driver/Src/stm32f4xx_hal_i2c.c.obj
LOAD CMakeFiles/C_Board.elf.dir/Drivers/STM32F4xx_HAL_Driver/Src/stm32f4xx_hal_i2c_ex.c.obj
LOAD CMakeFiles/C_Board.elf.dir/Drivers/STM32F4xx_HAL_Driver/Src/stm32f4xx_hal_pwr.c.obj
LOAD CMakeFiles/C_Board.elf.dir/Drivers/STM32F4xx_HAL_Driver/Src/stm32f4xx_hal_pwr_ex.c.obj
LOAD CMakeFiles/C_Board.elf.dir/Drivers/STM32F4xx_HAL_Driver/Src/stm32f4xx_hal_rcc.c.obj
LOAD CMakeFiles/C_Board.elf.dir/Drivers/STM32F4xx_HAL_Driver/Src/stm32f4xx_hal_rcc_ex.c.obj
LOAD CMakeFiles/C_Board.elf.dir/Drivers/STM32F4xx_HAL_Driver/Src/stm32f4xx_hal_tim.c.obj
LOAD CMakeFiles/C_Board.elf.dir/Drivers/STM32F4xx_HAL_Driver/Src/stm32f4xx_hal_tim_ex.c.obj
LOAD CMakeFiles/C_Board.elf.dir/Drivers/STM32F4xx_HAL_Driver/Src/stm32f4xx_hal_uart.c.obj
LOAD CMakeFiles/C_Board.elf.dir/divices/OLED.c.obj
LOAD CMakeFiles/C_Board.elf.dir/startup/startup_stm32f407xx.s.obj
START GROUP
LOAD e:/stm32+clion/gcc-arm-none-eabi-9-2020-q2-update-win32/bin/../lib/gcc/arm-none-eabi/9.3.1/thumb/v7e-m/nofp\libgcc.a
LOAD e:/stm32+clion/gcc-arm-none-eabi-9-2020-q2-update-win32/bin/../lib/gcc/arm-none-eabi/9.3.1/../../../../arm-none-eabi/lib/thumb/v7e-m/nofp\libg.a
LOAD e:/stm32+clion/gcc-arm-none-eabi-9-2020-q2-update-win32/bin/../lib/gcc/arm-none-eabi/9.3.1/../../../../arm-none-eabi/lib/thumb/v7e-m/nofp\libc.a
END GROUP
LOAD e:/stm32+clion/gcc-arm-none-eabi-9-2020-q2-update-win32/bin/../lib/gcc/arm-none-eabi/9.3.1/thumb/v7e-m/nofp/crtend.o
LOAD e:/stm32+clion/gcc-arm-none-eabi-9-2020-q2-update-win32/bin/../lib/gcc/arm-none-eabi/9.3.1/thumb/v7e-m/nofp/crtn.o
                0x20020000                _estack = 0x20020000
                0x00000200                _Min_Heap_Size = 0x200
                0x00000400                _Min_Stack_Size = 0x400

.isr_vector     0x08000000      0x188
                0x08000000                . = ALIGN (0x4)
 *(.isr_vector)
 .isr_vector    0x08000000      0x188 CMakeFiles/C_Board.elf.dir/startup/startup_stm32f407xx.s.obj
                0x08000000                g_pfnVectors
                0x08000188                . = ALIGN (0x4)

.text           0x08000188     0x3aac
                0x08000188                . = ALIGN (0x4)
 *(.text)
 .text          0x08000188       0x40 e:/stm32+clion/gcc-arm-none-eabi-9-2020-q2-update-win32/bin/../lib/gcc/arm-none-eabi/9.3.1/thumb/v7e-m/nofp/crtbegin.o
 .text          0x080001c8      0x21c e:/stm32+clion/gcc-arm-none-eabi-9-2020-q2-update-win32/bin/../lib/gcc/arm-none-eabi/9.3.1/thumb/v7e-m/nofp\libgcc.a(_arm_addsubsf3.o)
                0x080001c8                __aeabi_frsub
                0x080001d0                __subsf3
                0x080001d0                __aeabi_fsub
                0x080001d4                __aeabi_fadd
                0x080001d4                __addsf3
                0x08000334                __aeabi_ui2f
                0x08000334                __floatunsisf
                0x0800033c                __aeabi_i2f
                0x0800033c                __floatsisf
                0x08000358                __aeabi_ul2f
                0x08000358                __floatundisf
                0x08000368                __aeabi_l2f
                0x08000368                __floatdisf
 .text          0x080003e4      0x2a0 e:/stm32+clion/gcc-arm-none-eabi-9-2020-q2-update-win32/bin/../lib/gcc/arm-none-eabi/9.3.1/thumb/v7e-m/nofp\libgcc.a(_arm_muldivsf3.o)
                0x080003e4                __mulsf3
                0x080003e4                __aeabi_fmul
                0x0800054c                __aeabi_fdiv
                0x0800054c                __divsf3
 .text          0x08000684       0x30 e:/stm32+clion/gcc-arm-none-eabi-9-2020-q2-update-win32/bin/../lib/gcc/arm-none-eabi/9.3.1/thumb/v7e-m/nofp\libgcc.a(_aeabi_uldivmod.o)
                0x08000684                __aeabi_uldivmod
 .text          0x080006b4      0x2c0 e:/stm32+clion/gcc-arm-none-eabi-9-2020-q2-update-win32/bin/../lib/gcc/arm-none-eabi/9.3.1/thumb/v7e-m/nofp\libgcc.a(_udivmoddi4.o)
                0x080006b4                __udivmoddi4
 .text          0x08000974        0x4 e:/stm32+clion/gcc-arm-none-eabi-9-2020-q2-update-win32/bin/../lib/gcc/arm-none-eabi/9.3.1/thumb/v7e-m/nofp\libgcc.a(_dvmd_tls.o)
                0x08000974                __aeabi_idiv0
                0x08000974                __aeabi_ldiv0
 *(.text*)
 .text.sbus_to_rc
                0x08000978       0xbc CMakeFiles/C_Board.elf.dir/APP/remote_control.c.obj
 .text.remote_control_init
                0x08000a34       0x14 CMakeFiles/C_Board.elf.dir/APP/remote_control.c.obj
                0x08000a34                remote_control_init
 .text.get_remote_control_point
                0x08000a48        0x8 CMakeFiles/C_Board.elf.dir/APP/remote_control.c.obj
                0x08000a48                get_remote_control_point
 .text.USART3_IRQHandler
                0x08000a50       0xe4 CMakeFiles/C_Board.elf.dir/APP/remote_control.c.obj
                0x08000a50                USART3_IRQHandler
 .text.adcx_get_chx_value
                0x08000b34       0x3c CMakeFiles/C_Board.elf.dir/Board_test/bsp_adc.c.obj
 .text.init_vrefint_reciprocal
                0x08000b70       0x3c CMakeFiles/C_Board.elf.dir/Board_test/bsp_adc.c.obj
                0x08000b70                init_vrefint_reciprocal
 .text.HAL_GPIO_EXTI_Callback
                0x08000bac       0x30 CMakeFiles/C_Board.elf.dir/Board_test/bsp_key.c.obj
                0x08000bac                HAL_GPIO_EXTI_Callback
 .text.RC_init  0x08000bdc       0x68 CMakeFiles/C_Board.elf.dir/Board_test/bsp_rc.c.obj
                0x08000bdc                RC_init
 .text.usart1_tx_dma_init
                0x08000c44       0x14 CMakeFiles/C_Board.elf.dir/Board_test/bsp_usart.c.obj
                0x08000c44                usart1_tx_dma_init
 .text.MX_ADC1_Init
                0x08000c58       0x70 CMakeFiles/C_Board.elf.dir/Core/Src/adc.c.obj
                0x08000c58                MX_ADC1_Init
 .text.MX_ADC3_Init
                0x08000cc8       0x70 CMakeFiles/C_Board.elf.dir/Core/Src/adc.c.obj
                0x08000cc8                MX_ADC3_Init
 .text.HAL_ADC_MspInit
                0x08000d38       0x90 CMakeFiles/C_Board.elf.dir/Core/Src/adc.c.obj
                0x08000d38                HAL_ADC_MspInit
 .text.MX_DMA_Init
                0x08000dc8       0x58 CMakeFiles/C_Board.elf.dir/Core/Src/dma.c.obj
                0x08000dc8                MX_DMA_Init
 .text.MX_GPIO_Init
                0x08000e20       0xe4 CMakeFiles/C_Board.elf.dir/Core/Src/gpio.c.obj
                0x08000e20                MX_GPIO_Init
 .text.MX_I2C2_Init
                0x08000f04       0x3c CMakeFiles/C_Board.elf.dir/Core/Src/i2c.c.obj
                0x08000f04                MX_I2C2_Init
 .text.HAL_I2C_MspInit
                0x08000f40       0x70 CMakeFiles/C_Board.elf.dir/Core/Src/i2c.c.obj
                0x08000f40                HAL_I2C_MspInit
 .text.SystemClock_Config
                0x08000fb0       0x98 CMakeFiles/C_Board.elf.dir/Core/Src/main.c.obj
                0x08000fb0                SystemClock_Config
 .text.main     0x08001048       0x44 CMakeFiles/C_Board.elf.dir/Core/Src/main.c.obj
                0x08001048                main
 .text.Error_Handler
                0x0800108c        0x2 CMakeFiles/C_Board.elf.dir/Core/Src/main.c.obj
                0x0800108c                Error_Handler
 *fill*         0x0800108e        0x2 
 .text.HAL_MspInit
                0x08001090       0x38 CMakeFiles/C_Board.elf.dir/Core/Src/stm32f4xx_hal_msp.c.obj
                0x08001090                HAL_MspInit
 .text.NMI_Handler
                0x080010c8        0x2 CMakeFiles/C_Board.elf.dir/Core/Src/stm32f4xx_it.c.obj
                0x080010c8                NMI_Handler
 .text.HardFault_Handler
                0x080010ca        0x2 CMakeFiles/C_Board.elf.dir/Core/Src/stm32f4xx_it.c.obj
                0x080010ca                HardFault_Handler
 .text.MemManage_Handler
                0x080010cc        0x2 CMakeFiles/C_Board.elf.dir/Core/Src/stm32f4xx_it.c.obj
                0x080010cc                MemManage_Handler
 .text.BusFault_Handler
                0x080010ce        0x2 CMakeFiles/C_Board.elf.dir/Core/Src/stm32f4xx_it.c.obj
                0x080010ce                BusFault_Handler
 .text.UsageFault_Handler
                0x080010d0        0x2 CMakeFiles/C_Board.elf.dir/Core/Src/stm32f4xx_it.c.obj
                0x080010d0                UsageFault_Handler
 .text.SVC_Handler
                0x080010d2        0x2 CMakeFiles/C_Board.elf.dir/Core/Src/stm32f4xx_it.c.obj
                0x080010d2                SVC_Handler
 .text.DebugMon_Handler
                0x080010d4        0x2 CMakeFiles/C_Board.elf.dir/Core/Src/stm32f4xx_it.c.obj
                0x080010d4                DebugMon_Handler
 .text.PendSV_Handler
                0x080010d6        0x2 CMakeFiles/C_Board.elf.dir/Core/Src/stm32f4xx_it.c.obj
                0x080010d6                PendSV_Handler
 .text.SysTick_Handler
                0x080010d8        0x8 CMakeFiles/C_Board.elf.dir/Core/Src/stm32f4xx_it.c.obj
                0x080010d8                SysTick_Handler
 .text.EXTI0_IRQHandler
                0x080010e0        0xa CMakeFiles/C_Board.elf.dir/Core/Src/stm32f4xx_it.c.obj
                0x080010e0                EXTI0_IRQHandler
 *fill*         0x080010ea        0x2 
 .text.DMA1_Stream1_IRQHandler
                0x080010ec       0x10 CMakeFiles/C_Board.elf.dir/Core/Src/stm32f4xx_it.c.obj
                0x080010ec                DMA1_Stream1_IRQHandler
 .text.TIM1_UP_TIM10_IRQHandler
                0x080010fc       0x10 CMakeFiles/C_Board.elf.dir/Core/Src/stm32f4xx_it.c.obj
                0x080010fc                TIM1_UP_TIM10_IRQHandler
 .text.USART1_IRQHandler
                0x0800110c       0x10 CMakeFiles/C_Board.elf.dir/Core/Src/stm32f4xx_it.c.obj
                0x0800110c                USART1_IRQHandler
 .text.DMA2_Stream7_IRQHandler
                0x0800111c       0x10 CMakeFiles/C_Board.elf.dir/Core/Src/stm32f4xx_it.c.obj
                0x0800111c                DMA2_Stream7_IRQHandler
 .text.SystemInit
                0x0800112c       0x10 CMakeFiles/C_Board.elf.dir/Core/Src/system_stm32f4xx.c.obj
                0x0800112c                SystemInit
 .text.MX_TIM1_Init
                0x0800113c       0x74 CMakeFiles/C_Board.elf.dir/Core/Src/tim.c.obj
                0x0800113c                MX_TIM1_Init
 .text.HAL_TIM_Base_MspInit
                0x080011b0       0x68 CMakeFiles/C_Board.elf.dir/Core/Src/tim.c.obj
                0x080011b0                HAL_TIM_Base_MspInit
 .text.HAL_TIM_MspPostInit
                0x08001218       0x5c CMakeFiles/C_Board.elf.dir/Core/Src/tim.c.obj
                0x08001218                HAL_TIM_MspPostInit
 .text.MX_TIM4_Init
                0x08001274       0xac CMakeFiles/C_Board.elf.dir/Core/Src/tim.c.obj
                0x08001274                MX_TIM4_Init
 .text.MX_USART1_UART_Init
                0x08001320       0x34 CMakeFiles/C_Board.elf.dir/Core/Src/usart.c.obj
                0x08001320                MX_USART1_UART_Init
 .text.MX_USART3_UART_Init
                0x08001354       0x38 CMakeFiles/C_Board.elf.dir/Core/Src/usart.c.obj
                0x08001354                MX_USART3_UART_Init
 .text.HAL_UART_MspInit
                0x0800138c      0x168 CMakeFiles/C_Board.elf.dir/Core/Src/usart.c.obj
                0x0800138c                HAL_UART_MspInit
 .text.HAL_InitTick
                0x080014f4       0x4c CMakeFiles/C_Board.elf.dir/Drivers/STM32F4xx_HAL_Driver/Src/stm32f4xx_hal.c.obj
                0x080014f4                HAL_InitTick
 .text.HAL_Init
                0x08001540       0x34 CMakeFiles/C_Board.elf.dir/Drivers/STM32F4xx_HAL_Driver/Src/stm32f4xx_hal.c.obj
                0x08001540                HAL_Init
 .text.HAL_IncTick
                0x08001574       0x18 CMakeFiles/C_Board.elf.dir/Drivers/STM32F4xx_HAL_Driver/Src/stm32f4xx_hal.c.obj
                0x08001574                HAL_IncTick
 .text.HAL_GetTick
                0x0800158c        0xc CMakeFiles/C_Board.elf.dir/Drivers/STM32F4xx_HAL_Driver/Src/stm32f4xx_hal.c.obj
                0x0800158c                HAL_GetTick
 .text.ADC_Init
                0x08001598      0x134 CMakeFiles/C_Board.elf.dir/Drivers/STM32F4xx_HAL_Driver/Src/stm32f4xx_hal_adc.c.obj
 .text.HAL_ADC_Init
                0x080016cc       0x56 CMakeFiles/C_Board.elf.dir/Drivers/STM32F4xx_HAL_Driver/Src/stm32f4xx_hal_adc.c.obj
                0x080016cc                HAL_ADC_Init
 *fill*         0x08001722        0x2 
 .text.HAL_ADC_Start
                0x08001724      0x130 CMakeFiles/C_Board.elf.dir/Drivers/STM32F4xx_HAL_Driver/Src/stm32f4xx_hal_adc.c.obj
                0x08001724                HAL_ADC_Start
 .text.HAL_ADC_PollForConversion
                0x08001854       0xac CMakeFiles/C_Board.elf.dir/Drivers/STM32F4xx_HAL_Driver/Src/stm32f4xx_hal_adc.c.obj
                0x08001854                HAL_ADC_PollForConversion
 .text.HAL_ADC_GetValue
                0x08001900        0x6 CMakeFiles/C_Board.elf.dir/Drivers/STM32F4xx_HAL_Driver/Src/stm32f4xx_hal_adc.c.obj
                0x08001900                HAL_ADC_GetValue
 *fill*         0x08001906        0x2 
 .text.HAL_ADC_ConfigChannel
                0x08001908      0x190 CMakeFiles/C_Board.elf.dir/Drivers/STM32F4xx_HAL_Driver/Src/stm32f4xx_hal_adc.c.obj
                0x08001908                HAL_ADC_ConfigChannel
 .text.HAL_NVIC_SetPriorityGrouping
                0x08001a98       0x24 CMakeFiles/C_Board.elf.dir/Drivers/STM32F4xx_HAL_Driver/Src/stm32f4xx_hal_cortex.c.obj
                0x08001a98                HAL_NVIC_SetPriorityGrouping
 .text.HAL_NVIC_SetPriority
                0x08001abc       0x68 CMakeFiles/C_Board.elf.dir/Drivers/STM32F4xx_HAL_Driver/Src/stm32f4xx_hal_cortex.c.obj
                0x08001abc                HAL_NVIC_SetPriority
 .text.HAL_NVIC_EnableIRQ
                0x08001b24       0x1c CMakeFiles/C_Board.elf.dir/Drivers/STM32F4xx_HAL_Driver/Src/stm32f4xx_hal_cortex.c.obj
                0x08001b24                HAL_NVIC_EnableIRQ
 .text.HAL_SYSTICK_Config
                0x08001b40       0x2c CMakeFiles/C_Board.elf.dir/Drivers/STM32F4xx_HAL_Driver/Src/stm32f4xx_hal_cortex.c.obj
                0x08001b40                HAL_SYSTICK_Config
 .text.DMA_CalcBaseAndBitshift
                0x08001b6c       0x40 CMakeFiles/C_Board.elf.dir/Drivers/STM32F4xx_HAL_Driver/Src/stm32f4xx_hal_dma.c.obj
 .text.DMA_CheckFifoParam
                0x08001bac       0x8e CMakeFiles/C_Board.elf.dir/Drivers/STM32F4xx_HAL_Driver/Src/stm32f4xx_hal_dma.c.obj
 *fill*         0x08001c3a        0x2 
 .text.HAL_DMA_Init
                0x08001c3c       0xcc CMakeFiles/C_Board.elf.dir/Drivers/STM32F4xx_HAL_Driver/Src/stm32f4xx_hal_dma.c.obj
                0x08001c3c                HAL_DMA_Init
 .text.HAL_DMA_Abort_IT
                0x08001d08       0x26 CMakeFiles/C_Board.elf.dir/Drivers/STM32F4xx_HAL_Driver/Src/stm32f4xx_hal_dma.c.obj
                0x08001d08                HAL_DMA_Abort_IT
 *fill*         0x08001d2e        0x2 
 .text.HAL_DMA_IRQHandler
                0x08001d30      0x1dc CMakeFiles/C_Board.elf.dir/Drivers/STM32F4xx_HAL_Driver/Src/stm32f4xx_hal_dma.c.obj
                0x08001d30                HAL_DMA_IRQHandler
 .text.HAL_GPIO_Init
                0x08001f0c      0x1cc CMakeFiles/C_Board.elf.dir/Drivers/STM32F4xx_HAL_Driver/Src/stm32f4xx_hal_gpio.c.obj
                0x08001f0c                HAL_GPIO_Init
 .text.HAL_GPIO_ReadPin
                0x080020d8        0xe CMakeFiles/C_Board.elf.dir/Drivers/STM32F4xx_HAL_Driver/Src/stm32f4xx_hal_gpio.c.obj
                0x080020d8                HAL_GPIO_ReadPin
 .text.HAL_GPIO_WritePin
                0x080020e6        0xc CMakeFiles/C_Board.elf.dir/Drivers/STM32F4xx_HAL_Driver/Src/stm32f4xx_hal_gpio.c.obj
                0x080020e6                HAL_GPIO_WritePin
 *fill*         0x080020f2        0x2 
 .text.HAL_GPIO_EXTI_IRQHandler
                0x080020f4       0x1c CMakeFiles/C_Board.elf.dir/Drivers/STM32F4xx_HAL_Driver/Src/stm32f4xx_hal_gpio.c.obj
                0x080020f4                HAL_GPIO_EXTI_IRQHandler
 .text.I2C_IsAcknowledgeFailed
                0x08002110       0x32 CMakeFiles/C_Board.elf.dir/Drivers/STM32F4xx_HAL_Driver/Src/stm32f4xx_hal_i2c.c.obj
 .text.I2C_WaitOnFlagUntilTimeout
                0x08002142       0x74 CMakeFiles/C_Board.elf.dir/Drivers/STM32F4xx_HAL_Driver/Src/stm32f4xx_hal_i2c.c.obj
 .text.I2C_WaitOnMasterAddressFlagUntilTimeout
                0x080021b6       0xaa CMakeFiles/C_Board.elf.dir/Drivers/STM32F4xx_HAL_Driver/Src/stm32f4xx_hal_i2c.c.obj
 .text.I2C_MasterRequestWrite
                0x08002260       0xb4 CMakeFiles/C_Board.elf.dir/Drivers/STM32F4xx_HAL_Driver/Src/stm32f4xx_hal_i2c.c.obj
 .text.I2C_WaitOnTXEFlagUntilTimeout
                0x08002314       0x54 CMakeFiles/C_Board.elf.dir/Drivers/STM32F4xx_HAL_Driver/Src/stm32f4xx_hal_i2c.c.obj
 .text.I2C_WaitOnBTFFlagUntilTimeout
                0x08002368       0x54 CMakeFiles/C_Board.elf.dir/Drivers/STM32F4xx_HAL_Driver/Src/stm32f4xx_hal_i2c.c.obj
 .text.HAL_I2C_Init
                0x080023bc      0x1bc CMakeFiles/C_Board.elf.dir/Drivers/STM32F4xx_HAL_Driver/Src/stm32f4xx_hal_i2c.c.obj
                0x080023bc                HAL_I2C_Init
 .text.HAL_I2C_Master_Transmit
                0x08002578      0x178 CMakeFiles/C_Board.elf.dir/Drivers/STM32F4xx_HAL_Driver/Src/stm32f4xx_hal_i2c.c.obj
                0x08002578                HAL_I2C_Master_Transmit
 .text.HAL_RCC_OscConfig
                0x080026f0      0x3ec CMakeFiles/C_Board.elf.dir/Drivers/STM32F4xx_HAL_Driver/Src/stm32f4xx_hal_rcc.c.obj
                0x080026f0                HAL_RCC_OscConfig
 .text.HAL_RCC_GetSysClockFreq
                0x08002adc       0xa0 CMakeFiles/C_Board.elf.dir/Drivers/STM32F4xx_HAL_Driver/Src/stm32f4xx_hal_rcc.c.obj
                0x08002adc                HAL_RCC_GetSysClockFreq
 .text.HAL_RCC_ClockConfig
                0x08002b7c      0x160 CMakeFiles/C_Board.elf.dir/Drivers/STM32F4xx_HAL_Driver/Src/stm32f4xx_hal_rcc.c.obj
                0x08002b7c                HAL_RCC_ClockConfig
 .text.HAL_RCC_GetHCLKFreq
                0x08002cdc        0xc CMakeFiles/C_Board.elf.dir/Drivers/STM32F4xx_HAL_Driver/Src/stm32f4xx_hal_rcc.c.obj
                0x08002cdc                HAL_RCC_GetHCLKFreq
 .text.HAL_RCC_GetPCLK1Freq
                0x08002ce8       0x20 CMakeFiles/C_Board.elf.dir/Drivers/STM32F4xx_HAL_Driver/Src/stm32f4xx_hal_rcc.c.obj
                0x08002ce8                HAL_RCC_GetPCLK1Freq
 .text.HAL_RCC_GetPCLK2Freq
                0x08002d08       0x20 CMakeFiles/C_Board.elf.dir/Drivers/STM32F4xx_HAL_Driver/Src/stm32f4xx_hal_rcc.c.obj
                0x08002d08                HAL_RCC_GetPCLK2Freq
 .text.TIM_OC1_SetConfig
                0x08002d28       0x68 CMakeFiles/C_Board.elf.dir/Drivers/STM32F4xx_HAL_Driver/Src/stm32f4xx_hal_tim.c.obj
 .text.TIM_OC3_SetConfig
                0x08002d90       0x70 CMakeFiles/C_Board.elf.dir/Drivers/STM32F4xx_HAL_Driver/Src/stm32f4xx_hal_tim.c.obj
 .text.TIM_OC4_SetConfig
                0x08002e00       0x50 CMakeFiles/C_Board.elf.dir/Drivers/STM32F4xx_HAL_Driver/Src/stm32f4xx_hal_tim.c.obj
 .text.TIM_TI1_ConfigInputStage
                0x08002e50       0x24 CMakeFiles/C_Board.elf.dir/Drivers/STM32F4xx_HAL_Driver/Src/stm32f4xx_hal_tim.c.obj
 .text.TIM_TI2_ConfigInputStage
                0x08002e74       0x26 CMakeFiles/C_Board.elf.dir/Drivers/STM32F4xx_HAL_Driver/Src/stm32f4xx_hal_tim.c.obj
 .text.TIM_ITRx_SetConfig
                0x08002e9a       0x10 CMakeFiles/C_Board.elf.dir/Drivers/STM32F4xx_HAL_Driver/Src/stm32f4xx_hal_tim.c.obj
 .text.HAL_TIM_PWM_MspInit
                0x08002eaa        0x2 CMakeFiles/C_Board.elf.dir/Drivers/STM32F4xx_HAL_Driver/Src/stm32f4xx_hal_tim.c.obj
                0x08002eaa                HAL_TIM_PWM_MspInit
 .text.HAL_TIM_PeriodElapsedCallback
                0x08002eac        0x2 CMakeFiles/C_Board.elf.dir/Drivers/STM32F4xx_HAL_Driver/Src/stm32f4xx_hal_tim.c.obj
                0x08002eac                HAL_TIM_PeriodElapsedCallback
 .text.HAL_TIM_OC_DelayElapsedCallback
                0x08002eae        0x2 CMakeFiles/C_Board.elf.dir/Drivers/STM32F4xx_HAL_Driver/Src/stm32f4xx_hal_tim.c.obj
                0x08002eae                HAL_TIM_OC_DelayElapsedCallback
 .text.HAL_TIM_IC_CaptureCallback
                0x08002eb0        0x2 CMakeFiles/C_Board.elf.dir/Drivers/STM32F4xx_HAL_Driver/Src/stm32f4xx_hal_tim.c.obj
                0x08002eb0                HAL_TIM_IC_CaptureCallback
 .text.HAL_TIM_PWM_PulseFinishedCallback
                0x08002eb2        0x2 CMakeFiles/C_Board.elf.dir/Drivers/STM32F4xx_HAL_Driver/Src/stm32f4xx_hal_tim.c.obj
                0x08002eb2                HAL_TIM_PWM_PulseFinishedCallback
 .text.HAL_TIM_TriggerCallback
                0x08002eb4        0x2 CMakeFiles/C_Board.elf.dir/Drivers/STM32F4xx_HAL_Driver/Src/stm32f4xx_hal_tim.c.obj
                0x08002eb4                HAL_TIM_TriggerCallback
 .text.HAL_TIM_IRQHandler
                0x08002eb6      0x17a CMakeFiles/C_Board.elf.dir/Drivers/STM32F4xx_HAL_Driver/Src/stm32f4xx_hal_tim.c.obj
                0x08002eb6                HAL_TIM_IRQHandler
 .text.TIM_Base_SetConfig
                0x08003030       0xc8 CMakeFiles/C_Board.elf.dir/Drivers/STM32F4xx_HAL_Driver/Src/stm32f4xx_hal_tim.c.obj
                0x08003030                TIM_Base_SetConfig
 .text.HAL_TIM_Base_Init
                0x080030f8       0x34 CMakeFiles/C_Board.elf.dir/Drivers/STM32F4xx_HAL_Driver/Src/stm32f4xx_hal_tim.c.obj
                0x080030f8                HAL_TIM_Base_Init
 .text.HAL_TIM_PWM_Init
                0x0800312c       0x34 CMakeFiles/C_Board.elf.dir/Drivers/STM32F4xx_HAL_Driver/Src/stm32f4xx_hal_tim.c.obj
                0x0800312c                HAL_TIM_PWM_Init
 .text.TIM_OC2_SetConfig
                0x08003160       0x70 CMakeFiles/C_Board.elf.dir/Drivers/STM32F4xx_HAL_Driver/Src/stm32f4xx_hal_tim.c.obj
                0x08003160                TIM_OC2_SetConfig
 .text.HAL_TIM_PWM_ConfigChannel
                0x080031d0       0xdc CMakeFiles/C_Board.elf.dir/Drivers/STM32F4xx_HAL_Driver/Src/stm32f4xx_hal_tim.c.obj
                0x080031d0                HAL_TIM_PWM_ConfigChannel
 .text.TIM_ETR_SetConfig
                0x080032ac       0x16 CMakeFiles/C_Board.elf.dir/Drivers/STM32F4xx_HAL_Driver/Src/stm32f4xx_hal_tim.c.obj
                0x080032ac                TIM_ETR_SetConfig
 .text.HAL_TIM_ConfigClockSource
                0x080032c2       0xda CMakeFiles/C_Board.elf.dir/Drivers/STM32F4xx_HAL_Driver/Src/stm32f4xx_hal_tim.c.obj
                0x080032c2                HAL_TIM_ConfigClockSource
 .text.HAL_TIMEx_MasterConfigSynchronization
                0x0800339c       0x88 CMakeFiles/C_Board.elf.dir/Drivers/STM32F4xx_HAL_Driver/Src/stm32f4xx_hal_tim_ex.c.obj
                0x0800339c                HAL_TIMEx_MasterConfigSynchronization
 .text.HAL_TIMEx_CommutCallback
                0x08003424        0x2 CMakeFiles/C_Board.elf.dir/Drivers/STM32F4xx_HAL_Driver/Src/stm32f4xx_hal_tim_ex.c.obj
                0x08003424                HAL_TIMEx_CommutCallback
 .text.HAL_TIMEx_BreakCallback
                0x08003426        0x2 CMakeFiles/C_Board.elf.dir/Drivers/STM32F4xx_HAL_Driver/Src/stm32f4xx_hal_tim_ex.c.obj
                0x08003426                HAL_TIMEx_BreakCallback
 .text.UART_EndRxTransfer
                0x08003428       0x1c CMakeFiles/C_Board.elf.dir/Drivers/STM32F4xx_HAL_Driver/Src/stm32f4xx_hal_uart.c.obj
 .text.UART_Transmit_IT
                0x08003444       0x66 CMakeFiles/C_Board.elf.dir/Drivers/STM32F4xx_HAL_Driver/Src/stm32f4xx_hal_uart.c.obj
 *fill*         0x080034aa        0x2 
 .text.UART_SetConfig
                0x080034ac      0x1e8 CMakeFiles/C_Board.elf.dir/Drivers/STM32F4xx_HAL_Driver/Src/stm32f4xx_hal_uart.c.obj
 .text.HAL_UART_Init
                0x08003694       0x5e CMakeFiles/C_Board.elf.dir/Drivers/STM32F4xx_HAL_Driver/Src/stm32f4xx_hal_uart.c.obj
                0x08003694                HAL_UART_Init
 .text.HAL_UART_TxCpltCallback
                0x080036f2        0x2 CMakeFiles/C_Board.elf.dir/Drivers/STM32F4xx_HAL_Driver/Src/stm32f4xx_hal_uart.c.obj
                0x080036f2                HAL_UART_TxCpltCallback
 .text.UART_EndTransmit_IT
                0x080036f4       0x1a CMakeFiles/C_Board.elf.dir/Drivers/STM32F4xx_HAL_Driver/Src/stm32f4xx_hal_uart.c.obj
 .text.HAL_UART_RxCpltCallback
                0x0800370e        0x2 CMakeFiles/C_Board.elf.dir/Drivers/STM32F4xx_HAL_Driver/Src/stm32f4xx_hal_uart.c.obj
                0x0800370e                HAL_UART_RxCpltCallback
 .text.UART_Receive_IT
                0x08003710       0x9e CMakeFiles/C_Board.elf.dir/Drivers/STM32F4xx_HAL_Driver/Src/stm32f4xx_hal_uart.c.obj
 .text.HAL_UART_ErrorCallback
                0x080037ae        0x2 CMakeFiles/C_Board.elf.dir/Drivers/STM32F4xx_HAL_Driver/Src/stm32f4xx_hal_uart.c.obj
                0x080037ae                HAL_UART_ErrorCallback
 .text.HAL_UART_IRQHandler
                0x080037b0      0x128 CMakeFiles/C_Board.elf.dir/Drivers/STM32F4xx_HAL_Driver/Src/stm32f4xx_hal_uart.c.obj
                0x080037b0                HAL_UART_IRQHandler
 .text.UART_DMAAbortOnError
                0x080038d8       0x10 CMakeFiles/C_Board.elf.dir/Drivers/STM32F4xx_HAL_Driver/Src/stm32f4xx_hal_uart.c.obj
 .text.oled_write_byte
                0x080038e8       0x34 CMakeFiles/C_Board.elf.dir/divices/OLED.c.obj
                0x080038e8                oled_write_byte
 .text.OLED_init
                0x0800391c       0xe4 CMakeFiles/C_Board.elf.dir/divices/OLED.c.obj
                0x0800391c                OLED_init
 .text.Reset_Handler
                0x08003a00       0x50 CMakeFiles/C_Board.elf.dir/startup/startup_stm32f407xx.s.obj
                0x08003a00                Reset_Handler
 .text.Default_Handler
                0x08003a50        0x2 CMakeFiles/C_Board.elf.dir/startup/startup_stm32f407xx.s.obj
                0x08003a50                RTC_Alarm_IRQHandler
                0x08003a50                HASH_RNG_IRQHandler
                0x08003a50                EXTI2_IRQHandler
                0x08003a50                TIM8_CC_IRQHandler
                0x08003a50                TIM1_CC_IRQHandler
                0x08003a50                DMA2_Stream5_IRQHandler
                0x08003a50                DMA1_Stream5_IRQHandler
                0x08003a50                PVD_IRQHandler
                0x08003a50                SDIO_IRQHandler
                0x08003a50                TAMP_STAMP_IRQHandler
                0x08003a50                CAN2_RX1_IRQHandler
                0x08003a50                EXTI3_IRQHandler
                0x08003a50                TIM8_TRG_COM_TIM14_IRQHandler
                0x08003a50                TIM8_UP_TIM13_IRQHandler
                0x08003a50                I2C3_ER_IRQHandler
                0x08003a50                I2C2_EV_IRQHandler
                0x08003a50                DMA1_Stream2_IRQHandler
                0x08003a50                CAN1_RX0_IRQHandler
                0x08003a50                FPU_IRQHandler
                0x08003a50                OTG_HS_WKUP_IRQHandler
                0x08003a50                CAN2_SCE_IRQHandler
                0x08003a50                DMA2_Stream2_IRQHandler
                0x08003a50                SPI1_IRQHandler
                0x08003a50                TIM6_DAC_IRQHandler
                0x08003a50                TIM1_BRK_TIM9_IRQHandler
                0x08003a50                DCMI_IRQHandler
                0x08003a50                CAN2_RX0_IRQHandler
                0x08003a50                DMA2_Stream3_IRQHandler
                0x08003a50                USART6_IRQHandler
                0x08003a50                CAN1_RX1_IRQHandler
                0x08003a50                UART5_IRQHandler
                0x08003a50                DMA2_Stream0_IRQHandler
                0x08003a50                TIM4_IRQHandler
                0x08003a50                I2C1_EV_IRQHandler
                0x08003a50                DMA1_Stream6_IRQHandler
                0x08003a50                UART4_IRQHandler
                0x08003a50                TIM3_IRQHandler
                0x08003a50                RCC_IRQHandler
                0x08003a50                TIM8_BRK_TIM12_IRQHandler
                0x08003a50                Default_Handler
                0x08003a50                EXTI15_10_IRQHandler
                0x08003a50                ADC_IRQHandler
                0x08003a50                DMA1_Stream7_IRQHandler
                0x08003a50                TIM7_IRQHandler
                0x08003a50                CAN2_TX_IRQHandler
                0x08003a50                TIM5_IRQHandler
                0x08003a50                I2C3_EV_IRQHandler
                0x08003a50                EXTI9_5_IRQHandler
                0x08003a50                RTC_WKUP_IRQHandler
                0x08003a50                ETH_WKUP_IRQHandler
                0x08003a50                SPI2_IRQHandler
                0x08003a50                OTG_HS_EP1_IN_IRQHandler
                0x08003a50                DMA1_Stream0_IRQHandler
                0x08003a50                CAN1_TX_IRQHandler
                0x08003a50                EXTI4_IRQHandler
                0x08003a50                FSMC_IRQHandler
                0x08003a50                ETH_IRQHandler
                0x08003a50                OTG_HS_EP1_OUT_IRQHandler
                0x08003a50                WWDG_IRQHandler
                0x08003a50                TIM2_IRQHandler
                0x08003a50                OTG_FS_WKUP_IRQHandler
                0x08003a50                TIM1_TRG_COM_TIM11_IRQHandler
                0x08003a50                OTG_HS_IRQHandler
                0x08003a50                EXTI1_IRQHandler
                0x08003a50                USART2_IRQHandler
                0x08003a50                I2C2_ER_IRQHandler
                0x08003a50                DMA2_Stream1_IRQHandler
                0x08003a50                CAN1_SCE_IRQHandler
                0x08003a50                FLASH_IRQHandler
                0x08003a50                DMA2_Stream4_IRQHandler
                0x08003a50                OTG_FS_IRQHandler
                0x08003a50                SPI3_IRQHandler
                0x08003a50                DMA1_Stream4_IRQHandler
                0x08003a50                I2C1_ER_IRQHandler
                0x08003a50                DMA2_Stream6_IRQHandler
                0x08003a50                DMA1_Stream3_IRQHandler
 *fill*         0x08003a52        0x2 
 .text.__libc_init_array
                0x08003a54       0x48 e:/stm32+clion/gcc-arm-none-eabi-9-2020-q2-update-win32/bin/../lib/gcc/arm-none-eabi/9.3.1/../../../../arm-none-eabi/lib/thumb/v7e-m/nofp\libg.a(lib_a-init.o)
                0x08003a54                __libc_init_array
 .text.memset   0x08003a9c       0xa0 e:/stm32+clion/gcc-arm-none-eabi-9-2020-q2-update-win32/bin/../lib/gcc/arm-none-eabi/9.3.1/../../../../arm-none-eabi/lib/thumb/v7e-m/nofp\libg.a(lib_a-memset.o)
                0x08003a9c                memset
 .text.startup.register_fini
                0x08003b3c       0x14 e:/stm32+clion/gcc-arm-none-eabi-9-2020-q2-update-win32/bin/../lib/gcc/arm-none-eabi/9.3.1/../../../../arm-none-eabi/lib/thumb/v7e-m/nofp\libg.a(lib_a-__call_atexit.o)
 .text.atexit   0x08003b50        0xc e:/stm32+clion/gcc-arm-none-eabi-9-2020-q2-update-win32/bin/../lib/gcc/arm-none-eabi/9.3.1/../../../../arm-none-eabi/lib/thumb/v7e-m/nofp\libg.a(lib_a-atexit.o)
                0x08003b50                atexit
 .text.__libc_fini_array
                0x08003b5c       0x2c e:/stm32+clion/gcc-arm-none-eabi-9-2020-q2-update-win32/bin/../lib/gcc/arm-none-eabi/9.3.1/../../../../arm-none-eabi/lib/thumb/v7e-m/nofp\libg.a(lib_a-fini.o)
                0x08003b5c                __libc_fini_array
 .text.__retarget_lock_acquire_recursive
                0x08003b88        0x4 e:/stm32+clion/gcc-arm-none-eabi-9-2020-q2-update-win32/bin/../lib/gcc/arm-none-eabi/9.3.1/../../../../arm-none-eabi/lib/thumb/v7e-m/nofp\libg.a(lib_a-lock.o)
                0x08003b88                __retarget_lock_acquire_recursive
 .text.__retarget_lock_release_recursive
                0x08003b8c        0x4 e:/stm32+clion/gcc-arm-none-eabi-9-2020-q2-update-win32/bin/../lib/gcc/arm-none-eabi/9.3.1/../../../../arm-none-eabi/lib/thumb/v7e-m/nofp\libg.a(lib_a-lock.o)
                0x08003b8c                __retarget_lock_release_recursive
 .text.__register_exitproc
                0x08003b90       0x8c e:/stm32+clion/gcc-arm-none-eabi-9-2020-q2-update-win32/bin/../lib/gcc/arm-none-eabi/9.3.1/../../../../arm-none-eabi/lib/thumb/v7e-m/nofp\libg.a(lib_a-__atexit.o)
                0x08003b90                __register_exitproc
 *(.glue_7)
 .glue_7        0x08003c1c        0x0 linker stubs
 *(.glue_7t)
 .glue_7t       0x08003c1c        0x0 linker stubs
 *(.eh_frame)
 .eh_frame      0x08003c1c        0x0 e:/stm32+clion/gcc-arm-none-eabi-9-2020-q2-update-win32/bin/../lib/gcc/arm-none-eabi/9.3.1/thumb/v7e-m/nofp/crtbegin.o
 *(.init)
 .init          0x08003c1c        0x4 e:/stm32+clion/gcc-arm-none-eabi-9-2020-q2-update-win32/bin/../lib/gcc/arm-none-eabi/9.3.1/thumb/v7e-m/nofp/crti.o
                0x08003c1c                _init
 .init          0x08003c20        0x8 e:/stm32+clion/gcc-arm-none-eabi-9-2020-q2-update-win32/bin/../lib/gcc/arm-none-eabi/9.3.1/thumb/v7e-m/nofp/crtn.o
 *(.fini)
 .fini          0x08003c28        0x4 e:/stm32+clion/gcc-arm-none-eabi-9-2020-q2-update-win32/bin/../lib/gcc/arm-none-eabi/9.3.1/thumb/v7e-m/nofp/crti.o
                0x08003c28                _fini
 .fini          0x08003c2c        0x8 e:/stm32+clion/gcc-arm-none-eabi-9-2020-q2-update-win32/bin/../lib/gcc/arm-none-eabi/9.3.1/thumb/v7e-m/nofp/crtn.o
                0x08003c34                . = ALIGN (0x4)
                0x08003c34                _etext = .

.vfp11_veneer   0x08003c34        0x0
 .vfp11_veneer  0x08003c34        0x0 linker stubs

.v4_bx          0x08003c34        0x0
 .v4_bx         0x08003c34        0x0 linker stubs

.iplt           0x08003c34        0x0
 .iplt          0x08003c34        0x0 e:/stm32+clion/gcc-arm-none-eabi-9-2020-q2-update-win32/bin/../lib/gcc/arm-none-eabi/9.3.1/thumb/v7e-m/nofp/crtbegin.o

.rodata         0x08003c34       0x24
                0x08003c34                . = ALIGN (0x4)
 *(.rodata)
 *(.rodata*)
 .rodata.AHBPrescTable
                0x08003c34       0x10 CMakeFiles/C_Board.elf.dir/Core/Src/system_stm32f4xx.c.obj
                0x08003c34                AHBPrescTable
 .rodata.APBPrescTable
                0x08003c44        0x8 CMakeFiles/C_Board.elf.dir/Core/Src/system_stm32f4xx.c.obj
                0x08003c44                APBPrescTable
 .rodata.flagBitshiftOffset.7265
                0x08003c4c        0x8 CMakeFiles/C_Board.elf.dir/Drivers/STM32F4xx_HAL_Driver/Src/stm32f4xx_hal_dma.c.obj
 .rodata._global_impure_ptr
                0x08003c54        0x4 e:/stm32+clion/gcc-arm-none-eabi-9-2020-q2-update-win32/bin/../lib/gcc/arm-none-eabi/9.3.1/../../../../arm-none-eabi/lib/thumb/v7e-m/nofp\libg.a(lib_a-impure.o)
                0x08003c54                _global_impure_ptr
                0x08003c58                . = ALIGN (0x4)

.ARM.extab
 *(.ARM.extab* .gnu.linkonce.armextab.*)

.ARM            0x08003c58        0x8
                0x08003c58                __exidx_start = .
 *(.ARM.exidx*)
 .ARM.exidx     0x08003c58        0x8 e:/stm32+clion/gcc-arm-none-eabi-9-2020-q2-update-win32/bin/../lib/gcc/arm-none-eabi/9.3.1/thumb/v7e-m/nofp\libgcc.a(_udivmoddi4.o)
                0x08003c60                __exidx_end = .

.rel.dyn        0x08003c60        0x0
 .rel.iplt      0x08003c60        0x0 e:/stm32+clion/gcc-arm-none-eabi-9-2020-q2-update-win32/bin/../lib/gcc/arm-none-eabi/9.3.1/thumb/v7e-m/nofp/crtbegin.o

.preinit_array  0x08003c60        0x0
                0x08003c60                PROVIDE (__preinit_array_start = .)
 *(.preinit_array*)
                0x08003c60                PROVIDE (__preinit_array_end = .)

.init_array     0x08003c60        0x8
                0x08003c60                PROVIDE (__init_array_start = .)
 *(SORT_BY_NAME(.init_array.*))
 .init_array.00000
                0x08003c60        0x4 e:/stm32+clion/gcc-arm-none-eabi-9-2020-q2-update-win32/bin/../lib/gcc/arm-none-eabi/9.3.1/../../../../arm-none-eabi/lib/thumb/v7e-m/nofp\libg.a(lib_a-__call_atexit.o)
 *(.init_array*)
 .init_array    0x08003c64        0x4 e:/stm32+clion/gcc-arm-none-eabi-9-2020-q2-update-win32/bin/../lib/gcc/arm-none-eabi/9.3.1/thumb/v7e-m/nofp/crtbegin.o
                0x08003c68                PROVIDE (__init_array_end = .)

.fini_array     0x08003c68        0x4
                0x08003c68                PROVIDE (__fini_array_start = .)
 *(SORT_BY_NAME(.fini_array.*))
 *(.fini_array*)
 .fini_array    0x08003c68        0x4 e:/stm32+clion/gcc-arm-none-eabi-9-2020-q2-update-win32/bin/../lib/gcc/arm-none-eabi/9.3.1/thumb/v7e-m/nofp/crtbegin.o
                0x08003c6c                PROVIDE (__fini_array_end = .)
                0x08003c6c                _sidata = LOADADDR (.data)

.data           0x20000000      0x43c load address 0x08003c6c
                0x20000000                . = ALIGN (0x4)
                0x20000000                _sdata = .
 *(.data)
 *(.data*)
 .data.voltage_vrefint_proportion
                0x20000000        0x4 CMakeFiles/C_Board.elf.dir/Board_test/bsp_adc.c.obj
                0x20000000                voltage_vrefint_proportion
 .data.SystemCoreClock
                0x20000004        0x4 CMakeFiles/C_Board.elf.dir/Core/Src/system_stm32f4xx.c.obj
                0x20000004                SystemCoreClock
 .data.uwTickFreq
                0x20000008        0x1 CMakeFiles/C_Board.elf.dir/Drivers/STM32F4xx_HAL_Driver/Src/stm32f4xx_hal.c.obj
                0x20000008                uwTickFreq
 *fill*         0x20000009        0x3 
 .data.uwTickPrio
                0x2000000c        0x4 CMakeFiles/C_Board.elf.dir/Drivers/STM32F4xx_HAL_Driver/Src/stm32f4xx_hal.c.obj
                0x2000000c                uwTickPrio
 .data.impure_data
                0x20000010      0x428 e:/stm32+clion/gcc-arm-none-eabi-9-2020-q2-update-win32/bin/../lib/gcc/arm-none-eabi/9.3.1/../../../../arm-none-eabi/lib/thumb/v7e-m/nofp\libg.a(lib_a-impure.o)
 .data.__atexit_recursive_mutex
                0x20000438        0x4 e:/stm32+clion/gcc-arm-none-eabi-9-2020-q2-update-win32/bin/../lib/gcc/arm-none-eabi/9.3.1/../../../../arm-none-eabi/lib/thumb/v7e-m/nofp\libg.a(lib_a-__call_atexit.o)
                0x20000438                __atexit_recursive_mutex
                0x2000043c                . = ALIGN (0x4)
                0x2000043c                _edata = .
                0x080040a8                _siccmram = LOADADDR (.ccmram)

.igot.plt       0x2000043c        0x0 load address 0x080040a8
 .igot.plt      0x2000043c        0x0 e:/stm32+clion/gcc-arm-none-eabi-9-2020-q2-update-win32/bin/../lib/gcc/arm-none-eabi/9.3.1/thumb/v7e-m/nofp/crtbegin.o

.ccmram         0x10000000        0x0 load address 0x080040a8
                0x10000000                . = ALIGN (0x4)
                0x10000000                _sccmram = .
 *(.ccmram)
 *(.ccmram*)
                0x10000000                . = ALIGN (0x4)
                0x10000000                _eccmram = .
                0x10000000                . = ALIGN (0x4)

.bss            0x2000043c      0x364
                0x2000043c                _sbss = .
                0x2000043c                __bss_start__ = _sbss
 *(.bss)
 .bss           0x2000043c       0x1c e:/stm32+clion/gcc-arm-none-eabi-9-2020-q2-update-win32/bin/../lib/gcc/arm-none-eabi/9.3.1/thumb/v7e-m/nofp/crtbegin.o
 *(.bss*)
 .bss.rc_ctrl   0x20000458       0x16 CMakeFiles/C_Board.elf.dir/APP/remote_control.c.obj
                0x20000458                rc_ctrl
 *fill*         0x2000046e        0x2 
 .bss.sbus_rx_buf
                0x20000470       0x48 CMakeFiles/C_Board.elf.dir/APP/remote_control.c.obj
 .bss.this_time_rx_len.7199
                0x200004b8        0x2 CMakeFiles/C_Board.elf.dir/APP/remote_control.c.obj
 *fill*         0x200004ba        0x2 
 .bss.sConfig.7172
                0x200004bc       0x10 CMakeFiles/C_Board.elf.dir/Board_test/bsp_adc.c.obj
 .bss.exit_flag
                0x200004cc        0x1 CMakeFiles/C_Board.elf.dir/Board_test/bsp_key.c.obj
                0x200004cc                exit_flag
 .bss.rising_falling_flag
                0x200004cd        0x1 CMakeFiles/C_Board.elf.dir/Board_test/bsp_key.c.obj
                0x200004cd                rising_falling_flag
 *fill*         0x200004ce        0x2 
 .bss.hadc1     0x200004d0       0x48 CMakeFiles/C_Board.elf.dir/Core/Src/adc.c.obj
                0x200004d0                hadc1
 .bss.hadc3     0x20000518       0x48 CMakeFiles/C_Board.elf.dir/Core/Src/adc.c.obj
                0x20000518                hadc3
 .bss.hi2c2     0x20000560       0x54 CMakeFiles/C_Board.elf.dir/Core/Src/i2c.c.obj
                0x20000560                hi2c2
 .bss.htim1     0x200005b4       0x40 CMakeFiles/C_Board.elf.dir/Core/Src/tim.c.obj
                0x200005b4                htim1
 .bss.htim4     0x200005f4       0x40 CMakeFiles/C_Board.elf.dir/Core/Src/tim.c.obj
                0x200005f4                htim4
 .bss.hdma_usart1_tx
                0x20000634       0x60 CMakeFiles/C_Board.elf.dir/Core/Src/usart.c.obj
                0x20000634                hdma_usart1_tx
 .bss.hdma_usart3_rx
                0x20000694       0x60 CMakeFiles/C_Board.elf.dir/Core/Src/usart.c.obj
                0x20000694                hdma_usart3_rx
 .bss.huart1    0x200006f4       0x40 CMakeFiles/C_Board.elf.dir/Core/Src/usart.c.obj
                0x200006f4                huart1
 .bss.huart3    0x20000734       0x40 CMakeFiles/C_Board.elf.dir/Core/Src/usart.c.obj
                0x20000734                huart3
 .bss.uwTick    0x20000774        0x4 CMakeFiles/C_Board.elf.dir/Drivers/STM32F4xx_HAL_Driver/Src/stm32f4xx_hal.c.obj
                0x20000774                uwTick
 .bss.cmd_data.8226
                0x20000778        0x2 CMakeFiles/C_Board.elf.dir/divices/OLED.c.obj
 *(COMMON)
 *fill*         0x2000077a        0x2 
 COMMON         0x2000077c       0x21 e:/stm32+clion/gcc-arm-none-eabi-9-2020-q2-update-win32/bin/../lib/gcc/arm-none-eabi/9.3.1/../../../../arm-none-eabi/lib/thumb/v7e-m/nofp\libg.a(lib_a-lock.o)
                0x2000077c                __lock___atexit_recursive_mutex
                0x20000780                __lock___arc4random_mutex
                0x20000784                __lock___env_recursive_mutex
                0x20000788                __lock___sinit_recursive_mutex
                0x2000078c                __lock___malloc_recursive_mutex
                0x20000790                __lock___at_quick_exit_mutex
                0x20000794                __lock___dd_hash_mutex
                0x20000798                __lock___tz_mutex
                0x2000079c                __lock___sfp_recursive_mutex
                0x200007a0                . = ALIGN (0x4)
 *fill*         0x2000079d        0x3 
                0x200007a0                _ebss = .
                0x200007a0                __bss_end__ = _ebss

._user_heap_stack
                0x200007a0      0x600
                0x200007a0                . = ALIGN (0x8)
                0x200007a0                PROVIDE (end = .)
                [!provide]                PROVIDE (_end = .)
                0x200009a0                . = (. + _Min_Heap_Size)
 *fill*         0x200007a0      0x200 
                0x20000da0                . = (. + _Min_Stack_Size)
 *fill*         0x200009a0      0x400 
                0x20000da0                . = ALIGN (0x8)

/DISCARD/
 libc.a(*)
 libm.a(*)
 libgcc.a(*)

.ARM.attributes
                0x00000000       0x2a
 *(.ARM.attributes)
 .ARM.attributes
                0x00000000       0x1e e:/stm32+clion/gcc-arm-none-eabi-9-2020-q2-update-win32/bin/../lib/gcc/arm-none-eabi/9.3.1/thumb/v7e-m/nofp/crti.o
 .ARM.attributes
                0x0000001e       0x2e e:/stm32+clion/gcc-arm-none-eabi-9-2020-q2-update-win32/bin/../lib/gcc/arm-none-eabi/9.3.1/thumb/v7e-m/nofp/crtbegin.o
 .ARM.attributes
                0x0000004c       0x2e CMakeFiles/C_Board.elf.dir/APP/remote_control.c.obj
 .ARM.attributes
                0x0000007a       0x2e CMakeFiles/C_Board.elf.dir/Board_test/bsp_adc.c.obj
 .ARM.attributes
                0x000000a8       0x2e CMakeFiles/C_Board.elf.dir/Board_test/bsp_key.c.obj
 .ARM.attributes
                0x000000d6       0x2e CMakeFiles/C_Board.elf.dir/Board_test/bsp_rc.c.obj
 .ARM.attributes
                0x00000104       0x2e CMakeFiles/C_Board.elf.dir/Board_test/bsp_usart.c.obj
 .ARM.attributes
                0x00000132       0x2e CMakeFiles/C_Board.elf.dir/Core/Src/adc.c.obj
 .ARM.attributes
                0x00000160       0x2e CMakeFiles/C_Board.elf.dir/Core/Src/dma.c.obj
 .ARM.attributes
                0x0000018e       0x2e CMakeFiles/C_Board.elf.dir/Core/Src/gpio.c.obj
 .ARM.attributes
                0x000001bc       0x2e CMakeFiles/C_Board.elf.dir/Core/Src/i2c.c.obj
 .ARM.attributes
                0x000001ea       0x2e CMakeFiles/C_Board.elf.dir/Core/Src/main.c.obj
 .ARM.attributes
                0x00000218       0x2e CMakeFiles/C_Board.elf.dir/Core/Src/stm32f4xx_hal_msp.c.obj
 .ARM.attributes
                0x00000246       0x2e CMakeFiles/C_Board.elf.dir/Core/Src/stm32f4xx_it.c.obj
 .ARM.attributes
                0x00000274       0x2e CMakeFiles/C_Board.elf.dir/Core/Src/system_stm32f4xx.c.obj
 .ARM.attributes
                0x000002a2       0x2e CMakeFiles/C_Board.elf.dir/Core/Src/tim.c.obj
 .ARM.attributes
                0x000002d0       0x2e CMakeFiles/C_Board.elf.dir/Core/Src/usart.c.obj
 .ARM.attributes
                0x000002fe       0x2e CMakeFiles/C_Board.elf.dir/Drivers/STM32F4xx_HAL_Driver/Src/stm32f4xx_hal.c.obj
 .ARM.attributes
                0x0000032c       0x2e CMakeFiles/C_Board.elf.dir/Drivers/STM32F4xx_HAL_Driver/Src/stm32f4xx_hal_adc.c.obj
 .ARM.attributes
                0x0000035a       0x2e CMakeFiles/C_Board.elf.dir/Drivers/STM32F4xx_HAL_Driver/Src/stm32f4xx_hal_cortex.c.obj
 .ARM.attributes
                0x00000388       0x2e CMakeFiles/C_Board.elf.dir/Drivers/STM32F4xx_HAL_Driver/Src/stm32f4xx_hal_dma.c.obj
 .ARM.attributes
                0x000003b6       0x2e CMakeFiles/C_Board.elf.dir/Drivers/STM32F4xx_HAL_Driver/Src/stm32f4xx_hal_gpio.c.obj
 .ARM.attributes
                0x000003e4       0x2e CMakeFiles/C_Board.elf.dir/Drivers/STM32F4xx_HAL_Driver/Src/stm32f4xx_hal_i2c.c.obj
 .ARM.attributes
                0x00000412       0x2e CMakeFiles/C_Board.elf.dir/Drivers/STM32F4xx_HAL_Driver/Src/stm32f4xx_hal_rcc.c.obj
 .ARM.attributes
                0x00000440       0x2e CMakeFiles/C_Board.elf.dir/Drivers/STM32F4xx_HAL_Driver/Src/stm32f4xx_hal_tim.c.obj
 .ARM.attributes
                0x0000046e       0x2e CMakeFiles/C_Board.elf.dir/Drivers/STM32F4xx_HAL_Driver/Src/stm32f4xx_hal_tim_ex.c.obj
 .ARM.attributes
                0x0000049c       0x2e CMakeFiles/C_Board.elf.dir/Drivers/STM32F4xx_HAL_Driver/Src/stm32f4xx_hal_uart.c.obj
 .ARM.attributes
                0x000004ca       0x2e CMakeFiles/C_Board.elf.dir/divices/OLED.c.obj
 .ARM.attributes
                0x000004f8       0x21 CMakeFiles/C_Board.elf.dir/startup/startup_stm32f407xx.s.obj
 .ARM.attributes
                0x00000519       0x1e e:/stm32+clion/gcc-arm-none-eabi-9-2020-q2-update-win32/bin/../lib/gcc/arm-none-eabi/9.3.1/thumb/v7e-m/nofp\libgcc.a(_arm_addsubsf3.o)
 .ARM.attributes
                0x00000537       0x1e e:/stm32+clion/gcc-arm-none-eabi-9-2020-q2-update-win32/bin/../lib/gcc/arm-none-eabi/9.3.1/thumb/v7e-m/nofp\libgcc.a(_arm_muldivsf3.o)
 .ARM.attributes
                0x00000555       0x1e e:/stm32+clion/gcc-arm-none-eabi-9-2020-q2-update-win32/bin/../lib/gcc/arm-none-eabi/9.3.1/thumb/v7e-m/nofp\libgcc.a(_aeabi_uldivmod.o)
 .ARM.attributes
                0x00000573       0x2e e:/stm32+clion/gcc-arm-none-eabi-9-2020-q2-update-win32/bin/../lib/gcc/arm-none-eabi/9.3.1/thumb/v7e-m/nofp\libgcc.a(_udivmoddi4.o)
 .ARM.attributes
                0x000005a1       0x1e e:/stm32+clion/gcc-arm-none-eabi-9-2020-q2-update-win32/bin/../lib/gcc/arm-none-eabi/9.3.1/thumb/v7e-m/nofp\libgcc.a(_dvmd_tls.o)
 .ARM.attributes
                0x000005bf       0x2e e:/stm32+clion/gcc-arm-none-eabi-9-2020-q2-update-win32/bin/../lib/gcc/arm-none-eabi/9.3.1/../../../../arm-none-eabi/lib/thumb/v7e-m/nofp\libg.a(lib_a-impure.o)
 .ARM.attributes
                0x000005ed       0x2e e:/stm32+clion/gcc-arm-none-eabi-9-2020-q2-update-win32/bin/../lib/gcc/arm-none-eabi/9.3.1/../../../../arm-none-eabi/lib/thumb/v7e-m/nofp\libg.a(lib_a-init.o)
 .ARM.attributes
                0x0000061b       0x2e e:/stm32+clion/gcc-arm-none-eabi-9-2020-q2-update-win32/bin/../lib/gcc/arm-none-eabi/9.3.1/../../../../arm-none-eabi/lib/thumb/v7e-m/nofp\libg.a(lib_a-memset.o)
 .ARM.attributes
                0x00000649       0x2e e:/stm32+clion/gcc-arm-none-eabi-9-2020-q2-update-win32/bin/../lib/gcc/arm-none-eabi/9.3.1/../../../../arm-none-eabi/lib/thumb/v7e-m/nofp\libg.a(lib_a-__call_atexit.o)
 .ARM.attributes
                0x00000677       0x2e e:/stm32+clion/gcc-arm-none-eabi-9-2020-q2-update-win32/bin/../lib/gcc/arm-none-eabi/9.3.1/../../../../arm-none-eabi/lib/thumb/v7e-m/nofp\libg.a(lib_a-atexit.o)
 .ARM.attributes
                0x000006a5       0x2e e:/stm32+clion/gcc-arm-none-eabi-9-2020-q2-update-win32/bin/../lib/gcc/arm-none-eabi/9.3.1/../../../../arm-none-eabi/lib/thumb/v7e-m/nofp\libg.a(lib_a-fini.o)
 .ARM.attributes
                0x000006d3       0x2e e:/stm32+clion/gcc-arm-none-eabi-9-2020-q2-update-win32/bin/../lib/gcc/arm-none-eabi/9.3.1/../../../../arm-none-eabi/lib/thumb/v7e-m/nofp\libg.a(lib_a-lock.o)
 .ARM.attributes
                0x00000701       0x2e e:/stm32+clion/gcc-arm-none-eabi-9-2020-q2-update-win32/bin/../lib/gcc/arm-none-eabi/9.3.1/../../../../arm-none-eabi/lib/thumb/v7e-m/nofp\libg.a(lib_a-__atexit.o)
 .ARM.attributes
                0x0000072f       0x1e e:/stm32+clion/gcc-arm-none-eabi-9-2020-q2-update-win32/bin/../lib/gcc/arm-none-eabi/9.3.1/thumb/v7e-m/nofp/crtn.o
OUTPUT(C_Board.elf elf32-littlearm)
LOAD linker stubs
LOAD e:/stm32+clion/gcc-arm-none-eabi-9-2020-q2-update-win32/bin/../lib/gcc/arm-none-eabi/9.3.1/../../../../arm-none-eabi/lib/thumb/v7e-m/nofp\libc.a
LOAD e:/stm32+clion/gcc-arm-none-eabi-9-2020-q2-update-win32/bin/../lib/gcc/arm-none-eabi/9.3.1/../../../../arm-none-eabi/lib/thumb/v7e-m/nofp\libm.a
LOAD e:/stm32+clion/gcc-arm-none-eabi-9-2020-q2-update-win32/bin/../lib/gcc/arm-none-eabi/9.3.1/thumb/v7e-m/nofp\libgcc.a

.debug_info     0x00000000    0x1973e
 .debug_info    0x00000000      0x8d6 CMakeFiles/C_Board.elf.dir/APP/remote_control.c.obj
 .debug_info    0x000008d6      0x918 CMakeFiles/C_Board.elf.dir/Board_test/bsp_adc.c.obj
 .debug_info    0x000011ee      0x392 CMakeFiles/C_Board.elf.dir/Board_test/bsp_key.c.obj
 .debug_info    0x00001580      0x67c CMakeFiles/C_Board.elf.dir/Board_test/bsp_rc.c.obj
 .debug_info    0x00001bfc      0x6ce CMakeFiles/C_Board.elf.dir/Board_test/bsp_usart.c.obj
 .debug_info    0x000022ca      0xbf6 CMakeFiles/C_Board.elf.dir/Core/Src/adc.c.obj
 .debug_info    0x00002ec0      0x639 CMakeFiles/C_Board.elf.dir/Core/Src/dma.c.obj
 .debug_info    0x000034f9      0x82d CMakeFiles/C_Board.elf.dir/Core/Src/gpio.c.obj
 .debug_info    0x00003d26      0xb24 CMakeFiles/C_Board.elf.dir/Core/Src/i2c.c.obj
 .debug_info    0x0000484a     0x14ff CMakeFiles/C_Board.elf.dir/Core/Src/main.c.obj
 .debug_info    0x00005d49      0x390 CMakeFiles/C_Board.elf.dir/Core/Src/stm32f4xx_hal_msp.c.obj
 .debug_info    0x000060d9      0xa9a CMakeFiles/C_Board.elf.dir/Core/Src/stm32f4xx_it.c.obj
 .debug_info    0x00006b73      0x5b9 CMakeFiles/C_Board.elf.dir/Core/Src/system_stm32f4xx.c.obj
 .debug_info    0x0000712c     0x105a CMakeFiles/C_Board.elf.dir/Core/Src/tim.c.obj
 .debug_info    0x00008186      0xeae CMakeFiles/C_Board.elf.dir/Core/Src/usart.c.obj
 .debug_info    0x00009034      0xa79 CMakeFiles/C_Board.elf.dir/Drivers/STM32F4xx_HAL_Driver/Src/stm32f4xx_hal.c.obj
 .debug_info    0x00009aad      0xf7f CMakeFiles/C_Board.elf.dir/Drivers/STM32F4xx_HAL_Driver/Src/stm32f4xx_hal_adc.c.obj
 .debug_info    0x0000aa2c     0x1154 CMakeFiles/C_Board.elf.dir/Drivers/STM32F4xx_HAL_Driver/Src/stm32f4xx_hal_cortex.c.obj
 .debug_info    0x0000bb80      0xbed CMakeFiles/C_Board.elf.dir/Drivers/STM32F4xx_HAL_Driver/Src/stm32f4xx_hal_dma.c.obj
 .debug_info    0x0000c76d      0x86f CMakeFiles/C_Board.elf.dir/Drivers/STM32F4xx_HAL_Driver/Src/stm32f4xx_hal_gpio.c.obj
 .debug_info    0x0000cfdc     0x39d9 CMakeFiles/C_Board.elf.dir/Drivers/STM32F4xx_HAL_Driver/Src/stm32f4xx_hal_i2c.c.obj
 .debug_info    0x000109b5      0xb5d CMakeFiles/C_Board.elf.dir/Drivers/STM32F4xx_HAL_Driver/Src/stm32f4xx_hal_rcc.c.obj
 .debug_info    0x00011512     0x36b9 CMakeFiles/C_Board.elf.dir/Drivers/STM32F4xx_HAL_Driver/Src/stm32f4xx_hal_tim.c.obj
 .debug_info    0x00014bcb     0x16f7 CMakeFiles/C_Board.elf.dir/Drivers/STM32F4xx_HAL_Driver/Src/stm32f4xx_hal_tim_ex.c.obj
 .debug_info    0x000162c2     0x19ad CMakeFiles/C_Board.elf.dir/Drivers/STM32F4xx_HAL_Driver/Src/stm32f4xx_hal_uart.c.obj
 .debug_info    0x00017c6f     0x1aad CMakeFiles/C_Board.elf.dir/divices/OLED.c.obj
 .debug_info    0x0001971c       0x22 CMakeFiles/C_Board.elf.dir/startup/startup_stm32f407xx.s.obj

.debug_abbrev   0x00000000     0x37b0
 .debug_abbrev  0x00000000      0x22c CMakeFiles/C_Board.elf.dir/APP/remote_control.c.obj
 .debug_abbrev  0x0000022c      0x25c CMakeFiles/C_Board.elf.dir/Board_test/bsp_adc.c.obj
 .debug_abbrev  0x00000488      0x160 CMakeFiles/C_Board.elf.dir/Board_test/bsp_key.c.obj
 .debug_abbrev  0x000005e8      0x16b CMakeFiles/C_Board.elf.dir/Board_test/bsp_rc.c.obj
 .debug_abbrev  0x00000753      0x184 CMakeFiles/C_Board.elf.dir/Board_test/bsp_usart.c.obj
 .debug_abbrev  0x000008d7      0x1ed CMakeFiles/C_Board.elf.dir/Core/Src/adc.c.obj
 .debug_abbrev  0x00000ac4      0x153 CMakeFiles/C_Board.elf.dir/Core/Src/dma.c.obj
 .debug_abbrev  0x00000c17      0x197 CMakeFiles/C_Board.elf.dir/Core/Src/gpio.c.obj
 .debug_abbrev  0x00000dae      0x1ed CMakeFiles/C_Board.elf.dir/Core/Src/i2c.c.obj
 .debug_abbrev  0x00000f9b      0x244 CMakeFiles/C_Board.elf.dir/Core/Src/main.c.obj
 .debug_abbrev  0x000011df      0x11a CMakeFiles/C_Board.elf.dir/Core/Src/stm32f4xx_hal_msp.c.obj
 .debug_abbrev  0x000012f9      0x1d9 CMakeFiles/C_Board.elf.dir/Core/Src/stm32f4xx_it.c.obj
 .debug_abbrev  0x000014d2      0x148 CMakeFiles/C_Board.elf.dir/Core/Src/system_stm32f4xx.c.obj
 .debug_abbrev  0x0000161a      0x209 CMakeFiles/C_Board.elf.dir/Core/Src/tim.c.obj
 .debug_abbrev  0x00001823      0x209 CMakeFiles/C_Board.elf.dir/Core/Src/usart.c.obj
 .debug_abbrev  0x00001a2c      0x219 CMakeFiles/C_Board.elf.dir/Drivers/STM32F4xx_HAL_Driver/Src/stm32f4xx_hal.c.obj
 .debug_abbrev  0x00001c45      0x266 CMakeFiles/C_Board.elf.dir/Drivers/STM32F4xx_HAL_Driver/Src/stm32f4xx_hal_adc.c.obj
 .debug_abbrev  0x00001eab      0x390 CMakeFiles/C_Board.elf.dir/Drivers/STM32F4xx_HAL_Driver/Src/stm32f4xx_hal_cortex.c.obj
 .debug_abbrev  0x0000223b      0x2d5 CMakeFiles/C_Board.elf.dir/Drivers/STM32F4xx_HAL_Driver/Src/stm32f4xx_hal_dma.c.obj
 .debug_abbrev  0x00002510      0x21c CMakeFiles/C_Board.elf.dir/Drivers/STM32F4xx_HAL_Driver/Src/stm32f4xx_hal_gpio.c.obj
 .debug_abbrev  0x0000272c      0x2ab CMakeFiles/C_Board.elf.dir/Drivers/STM32F4xx_HAL_Driver/Src/stm32f4xx_hal_i2c.c.obj
 .debug_abbrev  0x000029d7      0x2ae CMakeFiles/C_Board.elf.dir/Drivers/STM32F4xx_HAL_Driver/Src/stm32f4xx_hal_rcc.c.obj
 .debug_abbrev  0x00002c85      0x258 CMakeFiles/C_Board.elf.dir/Drivers/STM32F4xx_HAL_Driver/Src/stm32f4xx_hal_tim.c.obj
 .debug_abbrev  0x00002edd      0x26e CMakeFiles/C_Board.elf.dir/Drivers/STM32F4xx_HAL_Driver/Src/stm32f4xx_hal_tim_ex.c.obj
 .debug_abbrev  0x0000314b      0x2c0 CMakeFiles/C_Board.elf.dir/Drivers/STM32F4xx_HAL_Driver/Src/stm32f4xx_hal_uart.c.obj
 .debug_abbrev  0x0000340b      0x393 CMakeFiles/C_Board.elf.dir/divices/OLED.c.obj
 .debug_abbrev  0x0000379e       0x12 CMakeFiles/C_Board.elf.dir/startup/startup_stm32f407xx.s.obj

.debug_loc      0x00000000     0xdeb6
 .debug_loc     0x00000000       0x3f CMakeFiles/C_Board.elf.dir/APP/remote_control.c.obj
 .debug_loc     0x0000003f      0x128 CMakeFiles/C_Board.elf.dir/Board_test/bsp_adc.c.obj
 .debug_loc     0x00000167       0x42 CMakeFiles/C_Board.elf.dir/Board_test/bsp_key.c.obj
 .debug_loc     0x000001a9       0x25 CMakeFiles/C_Board.elf.dir/Board_test/bsp_rc.c.obj
 .debug_loc     0x000001ce       0x84 CMakeFiles/C_Board.elf.dir/Core/Src/adc.c.obj
 .debug_loc     0x00000252       0x67 CMakeFiles/C_Board.elf.dir/Core/Src/i2c.c.obj
 .debug_loc     0x000002b9      0x16c CMakeFiles/C_Board.elf.dir/Core/Src/system_stm32f4xx.c.obj
 .debug_loc     0x00000425       0xe0 CMakeFiles/C_Board.elf.dir/Core/Src/tim.c.obj
 .debug_loc     0x00000505       0xac CMakeFiles/C_Board.elf.dir/Core/Src/usart.c.obj
 .debug_loc     0x000005b1      0x141 CMakeFiles/C_Board.elf.dir/Drivers/STM32F4xx_HAL_Driver/Src/stm32f4xx_hal.c.obj
 .debug_loc     0x000006f2      0xb16 CMakeFiles/C_Board.elf.dir/Drivers/STM32F4xx_HAL_Driver/Src/stm32f4xx_hal_adc.c.obj
 .debug_loc     0x00001208      0x744 CMakeFiles/C_Board.elf.dir/Drivers/STM32F4xx_HAL_Driver/Src/stm32f4xx_hal_cortex.c.obj
 .debug_loc     0x0000194c      0xbf9 CMakeFiles/C_Board.elf.dir/Drivers/STM32F4xx_HAL_Driver/Src/stm32f4xx_hal_dma.c.obj
 .debug_loc     0x00002545      0x4ff CMakeFiles/C_Board.elf.dir/Drivers/STM32F4xx_HAL_Driver/Src/stm32f4xx_hal_gpio.c.obj
 .debug_loc     0x00002a44     0x3eed CMakeFiles/C_Board.elf.dir/Drivers/STM32F4xx_HAL_Driver/Src/stm32f4xx_hal_i2c.c.obj
 .debug_loc     0x00006931      0x56f CMakeFiles/C_Board.elf.dir/Drivers/STM32F4xx_HAL_Driver/Src/stm32f4xx_hal_rcc.c.obj
 .debug_loc     0x00006ea0     0x3a8e CMakeFiles/C_Board.elf.dir/Drivers/STM32F4xx_HAL_Driver/Src/stm32f4xx_hal_tim.c.obj
 .debug_loc     0x0000a92e     0x1164 CMakeFiles/C_Board.elf.dir/Drivers/STM32F4xx_HAL_Driver/Src/stm32f4xx_hal_tim_ex.c.obj
 .debug_loc     0x0000ba92     0x18c5 CMakeFiles/C_Board.elf.dir/Drivers/STM32F4xx_HAL_Driver/Src/stm32f4xx_hal_uart.c.obj
 .debug_loc     0x0000d357      0xb5f CMakeFiles/C_Board.elf.dir/divices/OLED.c.obj

.debug_aranges  0x00000000     0x1100
 .debug_aranges
                0x00000000       0x38 CMakeFiles/C_Board.elf.dir/APP/remote_control.c.obj
 .debug_aranges
                0x00000038       0x38 CMakeFiles/C_Board.elf.dir/Board_test/bsp_adc.c.obj
 .debug_aranges
                0x00000070       0x28 CMakeFiles/C_Board.elf.dir/Board_test/bsp_key.c.obj
 .debug_aranges
                0x00000098       0x20 CMakeFiles/C_Board.elf.dir/Board_test/bsp_rc.c.obj
 .debug_aranges
                0x000000b8       0x28 CMakeFiles/C_Board.elf.dir/Board_test/bsp_usart.c.obj
 .debug_aranges
                0x000000e0       0x38 CMakeFiles/C_Board.elf.dir/Core/Src/adc.c.obj
 .debug_aranges
                0x00000118       0x20 CMakeFiles/C_Board.elf.dir/Core/Src/dma.c.obj
 .debug_aranges
                0x00000138       0x20 CMakeFiles/C_Board.elf.dir/Core/Src/gpio.c.obj
 .debug_aranges
                0x00000158       0x30 CMakeFiles/C_Board.elf.dir/Core/Src/i2c.c.obj
 .debug_aranges
                0x00000188       0x30 CMakeFiles/C_Board.elf.dir/Core/Src/main.c.obj
 .debug_aranges
                0x000001b8       0x20 CMakeFiles/C_Board.elf.dir/Core/Src/stm32f4xx_hal_msp.c.obj
 .debug_aranges
                0x000001d8       0x88 CMakeFiles/C_Board.elf.dir/Core/Src/stm32f4xx_it.c.obj
 .debug_aranges
                0x00000260       0x28 CMakeFiles/C_Board.elf.dir/Core/Src/system_stm32f4xx.c.obj
 .debug_aranges
                0x00000288       0x40 CMakeFiles/C_Board.elf.dir/Core/Src/tim.c.obj
 .debug_aranges
                0x000002c8       0x38 CMakeFiles/C_Board.elf.dir/Core/Src/usart.c.obj
 .debug_aranges
                0x00000300       0xf0 CMakeFiles/C_Board.elf.dir/Drivers/STM32F4xx_HAL_Driver/Src/stm32f4xx_hal.c.obj
 .debug_aranges
                0x000003f0       0xe8 CMakeFiles/C_Board.elf.dir/Drivers/STM32F4xx_HAL_Driver/Src/stm32f4xx_hal_adc.c.obj
 .debug_aranges
                0x000004d8       0xa8 CMakeFiles/C_Board.elf.dir/Drivers/STM32F4xx_HAL_Driver/Src/stm32f4xx_hal_cortex.c.obj
 .debug_aranges
                0x00000580       0x90 CMakeFiles/C_Board.elf.dir/Drivers/STM32F4xx_HAL_Driver/Src/stm32f4xx_hal_dma.c.obj
 .debug_aranges
                0x00000610       0x58 CMakeFiles/C_Board.elf.dir/Drivers/STM32F4xx_HAL_Driver/Src/stm32f4xx_hal_gpio.c.obj
 .debug_aranges
                0x00000668      0x2a0 CMakeFiles/C_Board.elf.dir/Drivers/STM32F4xx_HAL_Driver/Src/stm32f4xx_hal_i2c.c.obj
 .debug_aranges
                0x00000908       0x88 CMakeFiles/C_Board.elf.dir/Drivers/STM32F4xx_HAL_Driver/Src/stm32f4xx_hal_rcc.c.obj
 .debug_aranges
                0x00000990      0x3a8 CMakeFiles/C_Board.elf.dir/Drivers/STM32F4xx_HAL_Driver/Src/stm32f4xx_hal_tim.c.obj
 .debug_aranges
                0x00000d38      0x150 CMakeFiles/C_Board.elf.dir/Drivers/STM32F4xx_HAL_Driver/Src/stm32f4xx_hal_tim_ex.c.obj
 .debug_aranges
                0x00000e88      0x1d0 CMakeFiles/C_Board.elf.dir/Drivers/STM32F4xx_HAL_Driver/Src/stm32f4xx_hal_uart.c.obj
 .debug_aranges
                0x00001058       0x80 CMakeFiles/C_Board.elf.dir/divices/OLED.c.obj
 .debug_aranges
                0x000010d8       0x28 CMakeFiles/C_Board.elf.dir/startup/startup_stm32f407xx.s.obj

.debug_ranges   0x00000000      0xfe8
 .debug_ranges  0x00000000       0x28 CMakeFiles/C_Board.elf.dir/APP/remote_control.c.obj
 .debug_ranges  0x00000028       0x28 CMakeFiles/C_Board.elf.dir/Board_test/bsp_adc.c.obj
 .debug_ranges  0x00000050       0x18 CMakeFiles/C_Board.elf.dir/Board_test/bsp_key.c.obj
 .debug_ranges  0x00000068       0x10 CMakeFiles/C_Board.elf.dir/Board_test/bsp_rc.c.obj
 .debug_ranges  0x00000078       0x18 CMakeFiles/C_Board.elf.dir/Board_test/bsp_usart.c.obj
 .debug_ranges  0x00000090       0x28 CMakeFiles/C_Board.elf.dir/Core/Src/adc.c.obj
 .debug_ranges  0x000000b8       0x10 CMakeFiles/C_Board.elf.dir/Core/Src/dma.c.obj
 .debug_ranges  0x000000c8       0x10 CMakeFiles/C_Board.elf.dir/Core/Src/gpio.c.obj
 .debug_ranges  0x000000d8       0x20 CMakeFiles/C_Board.elf.dir/Core/Src/i2c.c.obj
 .debug_ranges  0x000000f8       0x20 CMakeFiles/C_Board.elf.dir/Core/Src/main.c.obj
 .debug_ranges  0x00000118       0x10 CMakeFiles/C_Board.elf.dir/Core/Src/stm32f4xx_hal_msp.c.obj
 .debug_ranges  0x00000128       0x78 CMakeFiles/C_Board.elf.dir/Core/Src/stm32f4xx_it.c.obj
 .debug_ranges  0x000001a0       0x18 CMakeFiles/C_Board.elf.dir/Core/Src/system_stm32f4xx.c.obj
 .debug_ranges  0x000001b8       0x30 CMakeFiles/C_Board.elf.dir/Core/Src/tim.c.obj
 .debug_ranges  0x000001e8       0x28 CMakeFiles/C_Board.elf.dir/Core/Src/usart.c.obj
 .debug_ranges  0x00000210       0xe0 CMakeFiles/C_Board.elf.dir/Drivers/STM32F4xx_HAL_Driver/Src/stm32f4xx_hal.c.obj
 .debug_ranges  0x000002f0       0xd8 CMakeFiles/C_Board.elf.dir/Drivers/STM32F4xx_HAL_Driver/Src/stm32f4xx_hal_adc.c.obj
 .debug_ranges  0x000003c8       0xf8 CMakeFiles/C_Board.elf.dir/Drivers/STM32F4xx_HAL_Driver/Src/stm32f4xx_hal_cortex.c.obj
 .debug_ranges  0x000004c0       0x80 CMakeFiles/C_Board.elf.dir/Drivers/STM32F4xx_HAL_Driver/Src/stm32f4xx_hal_dma.c.obj
 .debug_ranges  0x00000540       0x48 CMakeFiles/C_Board.elf.dir/Drivers/STM32F4xx_HAL_Driver/Src/stm32f4xx_hal_gpio.c.obj
 .debug_ranges  0x00000588      0x2a8 CMakeFiles/C_Board.elf.dir/Drivers/STM32F4xx_HAL_Driver/Src/stm32f4xx_hal_i2c.c.obj
 .debug_ranges  0x00000830       0x90 CMakeFiles/C_Board.elf.dir/Drivers/STM32F4xx_HAL_Driver/Src/stm32f4xx_hal_rcc.c.obj
 .debug_ranges  0x000008c0      0x398 CMakeFiles/C_Board.elf.dir/Drivers/STM32F4xx_HAL_Driver/Src/stm32f4xx_hal_tim.c.obj
 .debug_ranges  0x00000c58      0x140 CMakeFiles/C_Board.elf.dir/Drivers/STM32F4xx_HAL_Driver/Src/stm32f4xx_hal_tim_ex.c.obj
 .debug_ranges  0x00000d98      0x1c0 CMakeFiles/C_Board.elf.dir/Drivers/STM32F4xx_HAL_Driver/Src/stm32f4xx_hal_uart.c.obj
 .debug_ranges  0x00000f58       0x70 CMakeFiles/C_Board.elf.dir/divices/OLED.c.obj
 .debug_ranges  0x00000fc8       0x20 CMakeFiles/C_Board.elf.dir/startup/startup_stm32f407xx.s.obj

.debug_line     0x00000000    0x13b2f
 .debug_line    0x00000000      0x4c0 CMakeFiles/C_Board.elf.dir/APP/remote_control.c.obj
 .debug_line    0x000004c0      0x3cf CMakeFiles/C_Board.elf.dir/Board_test/bsp_adc.c.obj
 .debug_line    0x0000088f      0x30a CMakeFiles/C_Board.elf.dir/Board_test/bsp_key.c.obj
 .debug_line    0x00000b99      0x2c0 CMakeFiles/C_Board.elf.dir/Board_test/bsp_rc.c.obj
 .debug_line    0x00000e59      0x30d CMakeFiles/C_Board.elf.dir/Board_test/bsp_usart.c.obj
 .debug_line    0x00001166      0x4c7 CMakeFiles/C_Board.elf.dir/Core/Src/adc.c.obj
 .debug_line    0x0000162d      0x24e CMakeFiles/C_Board.elf.dir/Core/Src/dma.c.obj
 .debug_line    0x0000187b      0x2c0 CMakeFiles/C_Board.elf.dir/Core/Src/gpio.c.obj
 .debug_line    0x00001b3b      0x3a7 CMakeFiles/C_Board.elf.dir/Core/Src/i2c.c.obj
 .debug_line    0x00001ee2      0x4f8 CMakeFiles/C_Board.elf.dir/Core/Src/main.c.obj
 .debug_line    0x000023da      0x23f CMakeFiles/C_Board.elf.dir/Core/Src/stm32f4xx_hal_msp.c.obj
 .debug_line    0x00002619      0x401 CMakeFiles/C_Board.elf.dir/Core/Src/stm32f4xx_it.c.obj
 .debug_line    0x00002a1a      0x2fc CMakeFiles/C_Board.elf.dir/Core/Src/system_stm32f4xx.c.obj
 .debug_line    0x00002d16      0x53c CMakeFiles/C_Board.elf.dir/Core/Src/tim.c.obj
 .debug_line    0x00003252      0x554 CMakeFiles/C_Board.elf.dir/Core/Src/usart.c.obj
 .debug_line    0x000037a6      0x5db CMakeFiles/C_Board.elf.dir/Drivers/STM32F4xx_HAL_Driver/Src/stm32f4xx_hal.c.obj
 .debug_line    0x00003d81     0x10f9 CMakeFiles/C_Board.elf.dir/Drivers/STM32F4xx_HAL_Driver/Src/stm32f4xx_hal_adc.c.obj
 .debug_line    0x00004e7a      0x818 CMakeFiles/C_Board.elf.dir/Drivers/STM32F4xx_HAL_Driver/Src/stm32f4xx_hal_cortex.c.obj
 .debug_line    0x00005692      0xe9d CMakeFiles/C_Board.elf.dir/Drivers/STM32F4xx_HAL_Driver/Src/stm32f4xx_hal_dma.c.obj
 .debug_line    0x0000652f      0x79f CMakeFiles/C_Board.elf.dir/Drivers/STM32F4xx_HAL_Driver/Src/stm32f4xx_hal_gpio.c.obj
 .debug_line    0x00006cce     0x51b7 CMakeFiles/C_Board.elf.dir/Drivers/STM32F4xx_HAL_Driver/Src/stm32f4xx_hal_i2c.c.obj
 .debug_line    0x0000be85      0xbaa CMakeFiles/C_Board.elf.dir/Drivers/STM32F4xx_HAL_Driver/Src/stm32f4xx_hal_rcc.c.obj
 .debug_line    0x0000ca2f     0x373d CMakeFiles/C_Board.elf.dir/Drivers/STM32F4xx_HAL_Driver/Src/stm32f4xx_hal_tim.c.obj
 .debug_line    0x0001016c     0x1269 CMakeFiles/C_Board.elf.dir/Drivers/STM32F4xx_HAL_Driver/Src/stm32f4xx_hal_tim_ex.c.obj
 .debug_line    0x000113d5     0x1cdf CMakeFiles/C_Board.elf.dir/Drivers/STM32F4xx_HAL_Driver/Src/stm32f4xx_hal_uart.c.obj
 .debug_line    0x000130b4      0x9e5 CMakeFiles/C_Board.elf.dir/divices/OLED.c.obj
 .debug_line    0x00013a99       0x96 CMakeFiles/C_Board.elf.dir/startup/startup_stm32f407xx.s.obj

.debug_str      0x00000000     0x52fc
 .debug_str     0x00000000      0x6bb CMakeFiles/C_Board.elf.dir/APP/remote_control.c.obj
                                0x77b (size before relaxing)
 .debug_str     0x000006bb      0x301 CMakeFiles/C_Board.elf.dir/Board_test/bsp_adc.c.obj
                                0x7e0 (size before relaxing)
 .debug_str     0x000009bc      0x10f CMakeFiles/C_Board.elf.dir/Board_test/bsp_key.c.obj
                                0x38e (size before relaxing)
 .debug_str     0x00000acb       0x4b CMakeFiles/C_Board.elf.dir/Board_test/bsp_rc.c.obj
                                0x6e4 (size before relaxing)
 .debug_str     0x00000b16       0x92 CMakeFiles/C_Board.elf.dir/Board_test/bsp_usart.c.obj
                                0x712 (size before relaxing)
 .debug_str     0x00000ba8      0x1c2 CMakeFiles/C_Board.elf.dir/Core/Src/adc.c.obj
                                0x8ed (size before relaxing)
 .debug_str     0x00000d6a      0x54c CMakeFiles/C_Board.elf.dir/Core/Src/dma.c.obj
                                0x8c2 (size before relaxing)
 .debug_str     0x000012b6       0x4a CMakeFiles/C_Board.elf.dir/Core/Src/gpio.c.obj
                                0x981 (size before relaxing)
 .debug_str     0x00001300      0x2c8 CMakeFiles/C_Board.elf.dir/Core/Src/i2c.c.obj
                                0x985 (size before relaxing)
 .debug_str     0x000015c8      0x3d1 CMakeFiles/C_Board.elf.dir/Core/Src/main.c.obj
                               0x108a (size before relaxing)
 .debug_str     0x00001999       0x44 CMakeFiles/C_Board.elf.dir/Core/Src/stm32f4xx_hal_msp.c.obj
                                0x3ba (size before relaxing)
 .debug_str     0x000019dd      0x18e CMakeFiles/C_Board.elf.dir/Core/Src/stm32f4xx_it.c.obj
                                0xa16 (size before relaxing)
 .debug_str     0x00001b6b       0xc7 CMakeFiles/C_Board.elf.dir/Core/Src/system_stm32f4xx.c.obj
                                0x436 (size before relaxing)
 .debug_str     0x00001c32      0x207 CMakeFiles/C_Board.elf.dir/Core/Src/tim.c.obj
                                0xfb1 (size before relaxing)
 .debug_str     0x00001e39       0x85 CMakeFiles/C_Board.elf.dir/Core/Src/usart.c.obj
                                0xe43 (size before relaxing)
 .debug_str     0x00001ebe      0x2df CMakeFiles/C_Board.elf.dir/Drivers/STM32F4xx_HAL_Driver/Src/stm32f4xx_hal.c.obj
                                0xbc8 (size before relaxing)
 .debug_str     0x0000219d      0x2a0 CMakeFiles/C_Board.elf.dir/Drivers/STM32F4xx_HAL_Driver/Src/stm32f4xx_hal_adc.c.obj
                                0xa30 (size before relaxing)
 .debug_str     0x0000243d      0x43e CMakeFiles/C_Board.elf.dir/Drivers/STM32F4xx_HAL_Driver/Src/stm32f4xx_hal_cortex.c.obj
                                0xd07 (size before relaxing)
 .debug_str     0x0000287b      0x2d3 CMakeFiles/C_Board.elf.dir/Drivers/STM32F4xx_HAL_Driver/Src/stm32f4xx_hal_dma.c.obj
                                0x853 (size before relaxing)
 .debug_str     0x00002b4e       0xf6 CMakeFiles/C_Board.elf.dir/Drivers/STM32F4xx_HAL_Driver/Src/stm32f4xx_hal_gpio.c.obj
                                0x5cd (size before relaxing)
 .debug_str     0x00002c44      0x8b7 CMakeFiles/C_Board.elf.dir/Drivers/STM32F4xx_HAL_Driver/Src/stm32f4xx_hal_i2c.c.obj
                               0x110d (size before relaxing)
 .debug_str     0x000034fb      0x18b CMakeFiles/C_Board.elf.dir/Drivers/STM32F4xx_HAL_Driver/Src/stm32f4xx_hal_rcc.c.obj
                                0x7ab (size before relaxing)
 .debug_str     0x00003686      0xcf8 CMakeFiles/C_Board.elf.dir/Drivers/STM32F4xx_HAL_Driver/Src/stm32f4xx_hal_tim.c.obj
                               0x15aa (size before relaxing)
 .debug_str     0x0000437e      0x4f0 CMakeFiles/C_Board.elf.dir/Drivers/STM32F4xx_HAL_Driver/Src/stm32f4xx_hal_tim_ex.c.obj
                                0xdc2 (size before relaxing)
 .debug_str     0x0000486e      0x503 CMakeFiles/C_Board.elf.dir/Drivers/STM32F4xx_HAL_Driver/Src/stm32f4xx_hal_uart.c.obj
                                0xd0e (size before relaxing)
 .debug_str     0x00004d71      0x544 CMakeFiles/C_Board.elf.dir/divices/OLED.c.obj
                                0xcfa (size before relaxing)
 .debug_str     0x000052b5       0x47 CMakeFiles/C_Board.elf.dir/startup/startup_stm32f407xx.s.obj
                                 0x74 (size before relaxing)

.comment        0x00000000       0x4c
 .comment       0x00000000       0x4c CMakeFiles/C_Board.elf.dir/APP/remote_control.c.obj
                                 0x4d (size before relaxing)
 .comment       0x0000004c       0x4d CMakeFiles/C_Board.elf.dir/Board_test/bsp_adc.c.obj
 .comment       0x0000004c       0x4d CMakeFiles/C_Board.elf.dir/Board_test/bsp_key.c.obj
 .comment       0x0000004c       0x4d CMakeFiles/C_Board.elf.dir/Board_test/bsp_rc.c.obj
 .comment       0x0000004c       0x4d CMakeFiles/C_Board.elf.dir/Board_test/bsp_usart.c.obj
 .comment       0x0000004c       0x4d CMakeFiles/C_Board.elf.dir/Core/Src/adc.c.obj
 .comment       0x0000004c       0x4d CMakeFiles/C_Board.elf.dir/Core/Src/dma.c.obj
 .comment       0x0000004c       0x4d CMakeFiles/C_Board.elf.dir/Core/Src/gpio.c.obj
 .comment       0x0000004c       0x4d CMakeFiles/C_Board.elf.dir/Core/Src/i2c.c.obj
 .comment       0x0000004c       0x4d CMakeFiles/C_Board.elf.dir/Core/Src/main.c.obj
 .comment       0x0000004c       0x4d CMakeFiles/C_Board.elf.dir/Core/Src/stm32f4xx_hal_msp.c.obj
 .comment       0x0000004c       0x4d CMakeFiles/C_Board.elf.dir/Core/Src/stm32f4xx_it.c.obj
 .comment       0x0000004c       0x4d CMakeFiles/C_Board.elf.dir/Core/Src/system_stm32f4xx.c.obj
 .comment       0x0000004c       0x4d CMakeFiles/C_Board.elf.dir/Core/Src/tim.c.obj
 .comment       0x0000004c       0x4d CMakeFiles/C_Board.elf.dir/Core/Src/usart.c.obj
 .comment       0x0000004c       0x4d CMakeFiles/C_Board.elf.dir/Drivers/STM32F4xx_HAL_Driver/Src/stm32f4xx_hal.c.obj
 .comment       0x0000004c       0x4d CMakeFiles/C_Board.elf.dir/Drivers/STM32F4xx_HAL_Driver/Src/stm32f4xx_hal_adc.c.obj
 .comment       0x0000004c       0x4d CMakeFiles/C_Board.elf.dir/Drivers/STM32F4xx_HAL_Driver/Src/stm32f4xx_hal_cortex.c.obj
 .comment       0x0000004c       0x4d CMakeFiles/C_Board.elf.dir/Drivers/STM32F4xx_HAL_Driver/Src/stm32f4xx_hal_dma.c.obj
 .comment       0x0000004c       0x4d CMakeFiles/C_Board.elf.dir/Drivers/STM32F4xx_HAL_Driver/Src/stm32f4xx_hal_gpio.c.obj
 .comment       0x0000004c       0x4d CMakeFiles/C_Board.elf.dir/Drivers/STM32F4xx_HAL_Driver/Src/stm32f4xx_hal_i2c.c.obj
 .comment       0x0000004c       0x4d CMakeFiles/C_Board.elf.dir/Drivers/STM32F4xx_HAL_Driver/Src/stm32f4xx_hal_rcc.c.obj
 .comment       0x0000004c       0x4d CMakeFiles/C_Board.elf.dir/Drivers/STM32F4xx_HAL_Driver/Src/stm32f4xx_hal_tim.c.obj
 .comment       0x0000004c       0x4d CMakeFiles/C_Board.elf.dir/Drivers/STM32F4xx_HAL_Driver/Src/stm32f4xx_hal_tim_ex.c.obj
 .comment       0x0000004c       0x4d CMakeFiles/C_Board.elf.dir/Drivers/STM32F4xx_HAL_Driver/Src/stm32f4xx_hal_uart.c.obj
 .comment       0x0000004c       0x4d CMakeFiles/C_Board.elf.dir/divices/OLED.c.obj

.debug_frame    0x00000000     0x3068
 .debug_frame   0x00000000       0x7c CMakeFiles/C_Board.elf.dir/APP/remote_control.c.obj
 .debug_frame   0x0000007c       0x74 CMakeFiles/C_Board.elf.dir/Board_test/bsp_adc.c.obj
 .debug_frame   0x000000f0       0x40 CMakeFiles/C_Board.elf.dir/Board_test/bsp_key.c.obj
 .debug_frame   0x00000130       0x2c CMakeFiles/C_Board.elf.dir/Board_test/bsp_rc.c.obj
 .debug_frame   0x0000015c       0x3c CMakeFiles/C_Board.elf.dir/Board_test/bsp_usart.c.obj
 .debug_frame   0x00000198       0x88 CMakeFiles/C_Board.elf.dir/Core/Src/adc.c.obj
 .debug_frame   0x00000220       0x30 CMakeFiles/C_Board.elf.dir/Core/Src/dma.c.obj
 .debug_frame   0x00000250       0x34 CMakeFiles/C_Board.elf.dir/Core/Src/gpio.c.obj
 .debug_frame   0x00000284       0x64 CMakeFiles/C_Board.elf.dir/Core/Src/i2c.c.obj
 .debug_frame   0x000002e8       0x58 CMakeFiles/C_Board.elf.dir/Core/Src/main.c.obj
 .debug_frame   0x00000340       0x28 CMakeFiles/C_Board.elf.dir/Core/Src/stm32f4xx_hal_msp.c.obj
 .debug_frame   0x00000368      0x120 CMakeFiles/C_Board.elf.dir/Core/Src/stm32f4xx_it.c.obj
 .debug_frame   0x00000488       0x30 CMakeFiles/C_Board.elf.dir/Core/Src/system_stm32f4xx.c.obj
 .debug_frame   0x000004b8       0xa8 CMakeFiles/C_Board.elf.dir/Core/Src/tim.c.obj
 .debug_frame   0x00000560       0x7c CMakeFiles/C_Board.elf.dir/Core/Src/usart.c.obj
 .debug_frame   0x000005dc      0x1ec CMakeFiles/C_Board.elf.dir/Drivers/STM32F4xx_HAL_Driver/Src/stm32f4xx_hal.c.obj
 .debug_frame   0x000007c8      0x268 CMakeFiles/C_Board.elf.dir/Drivers/STM32F4xx_HAL_Driver/Src/stm32f4xx_hal_adc.c.obj
 .debug_frame   0x00000a30      0x15c CMakeFiles/C_Board.elf.dir/Drivers/STM32F4xx_HAL_Driver/Src/stm32f4xx_hal_cortex.c.obj
 .debug_frame   0x00000b8c      0x188 CMakeFiles/C_Board.elf.dir/Drivers/STM32F4xx_HAL_Driver/Src/stm32f4xx_hal_dma.c.obj
 .debug_frame   0x00000d14       0xd8 CMakeFiles/C_Board.elf.dir/Drivers/STM32F4xx_HAL_Driver/Src/stm32f4xx_hal_gpio.c.obj
 .debug_frame   0x00000dec      0x968 CMakeFiles/C_Board.elf.dir/Drivers/STM32F4xx_HAL_Driver/Src/stm32f4xx_hal_i2c.c.obj
 .debug_frame   0x00001754      0x174 CMakeFiles/C_Board.elf.dir/Drivers/STM32F4xx_HAL_Driver/Src/stm32f4xx_hal_rcc.c.obj
 .debug_frame   0x000018c8      0xa7c CMakeFiles/C_Board.elf.dir/Drivers/STM32F4xx_HAL_Driver/Src/stm32f4xx_hal_tim.c.obj
 .debug_frame   0x00002344      0x3b4 CMakeFiles/C_Board.elf.dir/Drivers/STM32F4xx_HAL_Driver/Src/stm32f4xx_hal_tim_ex.c.obj
 .debug_frame   0x000026f8      0x4ec CMakeFiles/C_Board.elf.dir/Drivers/STM32F4xx_HAL_Driver/Src/stm32f4xx_hal_uart.c.obj
 .debug_frame   0x00002be4      0x1a8 CMakeFiles/C_Board.elf.dir/divices/OLED.c.obj
 .debug_frame   0x00002d8c       0x4c e:/stm32+clion/gcc-arm-none-eabi-9-2020-q2-update-win32/bin/../lib/gcc/arm-none-eabi/9.3.1/thumb/v7e-m/nofp\libgcc.a(_arm_addsubsf3.o)
 .debug_frame   0x00002dd8       0x38 e:/stm32+clion/gcc-arm-none-eabi-9-2020-q2-update-win32/bin/../lib/gcc/arm-none-eabi/9.3.1/thumb/v7e-m/nofp\libgcc.a(_arm_muldivsf3.o)
 .debug_frame   0x00002e10       0x2c e:/stm32+clion/gcc-arm-none-eabi-9-2020-q2-update-win32/bin/../lib/gcc/arm-none-eabi/9.3.1/thumb/v7e-m/nofp\libgcc.a(_aeabi_uldivmod.o)
 .debug_frame   0x00002e3c       0x34 e:/stm32+clion/gcc-arm-none-eabi-9-2020-q2-update-win32/bin/../lib/gcc/arm-none-eabi/9.3.1/thumb/v7e-m/nofp\libgcc.a(_udivmoddi4.o)
 .debug_frame   0x00002e70       0x2c e:/stm32+clion/gcc-arm-none-eabi-9-2020-q2-update-win32/bin/../lib/gcc/arm-none-eabi/9.3.1/../../../../arm-none-eabi/lib/thumb/v7e-m/nofp\libg.a(lib_a-init.o)
 .debug_frame   0x00002e9c       0x38 e:/stm32+clion/gcc-arm-none-eabi-9-2020-q2-update-win32/bin/../lib/gcc/arm-none-eabi/9.3.1/../../../../arm-none-eabi/lib/thumb/v7e-m/nofp\libg.a(lib_a-memset.o)
 .debug_frame   0x00002ed4       0x5c e:/stm32+clion/gcc-arm-none-eabi-9-2020-q2-update-win32/bin/../lib/gcc/arm-none-eabi/9.3.1/../../../../arm-none-eabi/lib/thumb/v7e-m/nofp\libg.a(lib_a-__call_atexit.o)
 .debug_frame   0x00002f30       0x20 e:/stm32+clion/gcc-arm-none-eabi-9-2020-q2-update-win32/bin/../lib/gcc/arm-none-eabi/9.3.1/../../../../arm-none-eabi/lib/thumb/v7e-m/nofp\libg.a(lib_a-atexit.o)
 .debug_frame   0x00002f50       0x34 e:/stm32+clion/gcc-arm-none-eabi-9-2020-q2-update-win32/bin/../lib/gcc/arm-none-eabi/9.3.1/../../../../arm-none-eabi/lib/thumb/v7e-m/nofp\libg.a(lib_a-fini.o)
 .debug_frame   0x00002f84       0xb0 e:/stm32+clion/gcc-arm-none-eabi-9-2020-q2-update-win32/bin/../lib/gcc/arm-none-eabi/9.3.1/../../../../arm-none-eabi/lib/thumb/v7e-m/nofp\libg.a(lib_a-lock.o)
 .debug_frame   0x00003034       0x34 e:/stm32+clion/gcc-arm-none-eabi-9-2020-q2-update-win32/bin/../lib/gcc/arm-none-eabi/9.3.1/../../../../arm-none-eabi/lib/thumb/v7e-m/nofp\libg.a(lib_a-__atexit.o)
