Archive member included to satisfy reference by file (symbol)

e:/stm32+clion/gcc-arm-none-eabi-9-2020-q2-update-win32/bin/../lib/gcc/arm-none-eabi/9.3.1/thumb/v7e-m/nofp\libgcc.a(_arm_mulsf3.o)
                              CMakeFiles/C_Board.elf.dir/Board_test/bsp_adc.c.obj (__aeabi_fmul)
e:/stm32+clion/gcc-arm-none-eabi-9-2020-q2-update-win32/bin/../lib/gcc/arm-none-eabi/9.3.1/thumb/v7e-m/nofp\libgcc.a(_arm_addsubsf3.o)
                              CMakeFiles/C_Board.elf.dir/Board_test/bsp_adc.c.obj (__aeabi_fsub)
e:/stm32+clion/gcc-arm-none-eabi-9-2020-q2-update-win32/bin/../lib/gcc/arm-none-eabi/9.3.1/thumb/v7e-m/nofp\libgcc.a(_arm_muldivsf3.o)
                              CMakeFiles/C_Board.elf.dir/Board_test/bsp_adc.c.obj (__aeabi_fdiv)
e:/stm32+clion/gcc-arm-none-eabi-9-2020-q2-update-win32/bin/../lib/gcc/arm-none-eabi/9.3.1/thumb/v7e-m/nofp\libgcc.a(_aeabi_uldivmod.o)
                              CMakeFiles/C_Board.elf.dir/Drivers/STM32F4xx_HAL_Driver/Src/stm32f4xx_hal_rcc.c.obj (__aeabi_uldivmod)
e:/stm32+clion/gcc-arm-none-eabi-9-2020-q2-update-win32/bin/../lib/gcc/arm-none-eabi/9.3.1/thumb/v7e-m/nofp\libgcc.a(_udivmoddi4.o)
                              e:/stm32+clion/gcc-arm-none-eabi-9-2020-q2-update-win32/bin/../lib/gcc/arm-none-eabi/9.3.1/thumb/v7e-m/nofp\libgcc.a(_aeabi_uldivmod.o) (__udivmoddi4)
e:/stm32+clion/gcc-arm-none-eabi-9-2020-q2-update-win32/bin/../lib/gcc/arm-none-eabi/9.3.1/thumb/v7e-m/nofp\libgcc.a(_dvmd_tls.o)
                              e:/stm32+clion/gcc-arm-none-eabi-9-2020-q2-update-win32/bin/../lib/gcc/arm-none-eabi/9.3.1/thumb/v7e-m/nofp\libgcc.a(_aeabi_uldivmod.o) (__aeabi_ldiv0)
e:/stm32+clion/gcc-arm-none-eabi-9-2020-q2-update-win32/bin/../lib/gcc/arm-none-eabi/9.3.1/../../../../arm-none-eabi/lib/thumb/v7e-m/nofp\libg.a(lib_a-errno.o)
                              CMakeFiles/C_Board.elf.dir/Core/Src/syscalls.c.obj (__errno)
e:/stm32+clion/gcc-arm-none-eabi-9-2020-q2-update-win32/bin/../lib/gcc/arm-none-eabi/9.3.1/../../../../arm-none-eabi/lib/thumb/v7e-m/nofp\libg.a(lib_a-exit.o)
                              e:/stm32+clion/gcc-arm-none-eabi-9-2020-q2-update-win32/bin/../lib/gcc/arm-none-eabi/9.3.1/../../../../arm-none-eabi/lib/thumb/v7e-m/nofp/crt0.o (exit)
e:/stm32+clion/gcc-arm-none-eabi-9-2020-q2-update-win32/bin/../lib/gcc/arm-none-eabi/9.3.1/../../../../arm-none-eabi/lib/thumb/v7e-m/nofp\libg.a(lib_a-impure.o)
                              e:/stm32+clion/gcc-arm-none-eabi-9-2020-q2-update-win32/bin/../lib/gcc/arm-none-eabi/9.3.1/../../../../arm-none-eabi/lib/thumb/v7e-m/nofp\libg.a(lib_a-exit.o) (_global_impure_ptr)
e:/stm32+clion/gcc-arm-none-eabi-9-2020-q2-update-win32/bin/../lib/gcc/arm-none-eabi/9.3.1/../../../../arm-none-eabi/lib/thumb/v7e-m/nofp\libg.a(lib_a-init.o)
                              e:/stm32+clion/gcc-arm-none-eabi-9-2020-q2-update-win32/bin/../lib/gcc/arm-none-eabi/9.3.1/../../../../arm-none-eabi/lib/thumb/v7e-m/nofp/crt0.o (__libc_init_array)
e:/stm32+clion/gcc-arm-none-eabi-9-2020-q2-update-win32/bin/../lib/gcc/arm-none-eabi/9.3.1/../../../../arm-none-eabi/lib/thumb/v7e-m/nofp\libg.a(lib_a-memset.o)
                              e:/stm32+clion/gcc-arm-none-eabi-9-2020-q2-update-win32/bin/../lib/gcc/arm-none-eabi/9.3.1/../../../../arm-none-eabi/lib/thumb/v7e-m/nofp/crt0.o (memset)
e:/stm32+clion/gcc-arm-none-eabi-9-2020-q2-update-win32/bin/../lib/gcc/arm-none-eabi/9.3.1/../../../../arm-none-eabi/lib/thumb/v7e-m/nofp\libg.a(lib_a-__call_atexit.o)
                              e:/stm32+clion/gcc-arm-none-eabi-9-2020-q2-update-win32/bin/../lib/gcc/arm-none-eabi/9.3.1/../../../../arm-none-eabi/lib/thumb/v7e-m/nofp\libg.a(lib_a-exit.o) (__call_exitprocs)
e:/stm32+clion/gcc-arm-none-eabi-9-2020-q2-update-win32/bin/../lib/gcc/arm-none-eabi/9.3.1/../../../../arm-none-eabi/lib/thumb/v7e-m/nofp\libg.a(lib_a-atexit.o)
                              e:/stm32+clion/gcc-arm-none-eabi-9-2020-q2-update-win32/bin/../lib/gcc/arm-none-eabi/9.3.1/../../../../arm-none-eabi/lib/thumb/v7e-m/nofp\libg.a(lib_a-__call_atexit.o) (atexit)
e:/stm32+clion/gcc-arm-none-eabi-9-2020-q2-update-win32/bin/../lib/gcc/arm-none-eabi/9.3.1/../../../../arm-none-eabi/lib/thumb/v7e-m/nofp\libg.a(lib_a-fini.o)
                              e:/stm32+clion/gcc-arm-none-eabi-9-2020-q2-update-win32/bin/../lib/gcc/arm-none-eabi/9.3.1/../../../../arm-none-eabi/lib/thumb/v7e-m/nofp\libg.a(lib_a-__call_atexit.o) (__libc_fini_array)
e:/stm32+clion/gcc-arm-none-eabi-9-2020-q2-update-win32/bin/../lib/gcc/arm-none-eabi/9.3.1/../../../../arm-none-eabi/lib/thumb/v7e-m/nofp\libg.a(lib_a-lock.o)
                              e:/stm32+clion/gcc-arm-none-eabi-9-2020-q2-update-win32/bin/../lib/gcc/arm-none-eabi/9.3.1/../../../../arm-none-eabi/lib/thumb/v7e-m/nofp\libg.a(lib_a-__call_atexit.o) (__retarget_lock_acquire_recursive)
e:/stm32+clion/gcc-arm-none-eabi-9-2020-q2-update-win32/bin/../lib/gcc/arm-none-eabi/9.3.1/../../../../arm-none-eabi/lib/thumb/v7e-m/nofp\libg.a(lib_a-__atexit.o)
[...]
Memory Configuration

Name             Origin             Length             Attributes
RAM              0x20000000         0x00020000         xrw
CCMRAM           0x10000000         0x00010000         xrw
FLASH            0x08000000         0x00100000         xr
*default*        0x00000000         0xffffffff

Linker script and memory map

LOAD e:/stm32+clion/gcc-arm-none-eabi-9-2020-q2-update-win32/bin/../lib/gcc/arm-none-eabi/9.3.1/thumb/v7e-m/nofp/crti.o
LOAD e:/stm32+clion/gcc-arm-none-eabi-9-2020-q2-update-win32/bin/../lib/gcc/arm-none-eabi/9.3.1/thumb/v7e-m/nofp/crtbegin.o
LOAD e:/stm32+clion/gcc-arm-none-eabi-9-2020-q2-update-win32/bin/../lib/gcc/arm-none-eabi/9.3.1/../../../../arm-none-eabi/lib/thumb/v7e-m/nofp/crt0.o
LOAD CMakeFiles/C_Board.elf.dir/APP/remote_control.c.obj
LOAD CMakeFiles/C_Board.elf.dir/Board_test/bsp_adc.c.obj
LOAD CMakeFiles/C_Board.elf.dir/Board_test/bsp_buzzer.c.obj
LOAD CMakeFiles/C_Board.elf.dir/Board_test/bsp_delay.c.obj
LOAD CMakeFiles/C_Board.elf.dir/Board_test/bsp_key.c.obj
LOAD CMakeFiles/C_Board.elf.dir/Board_test/bsp_led.c.obj
LOAD CMakeFiles/C_Board.elf.dir/Board_test/bsp_rc.c.obj
LOAD CMakeFiles/C_Board.elf.dir/Board_test/bsp_usart.c.obj
LOAD CMakeFiles/C_Board.elf.dir/Core/Src/adc.c.obj
LOAD CMakeFiles/C_Board.elf.dir/Core/Src/dma.c.obj
LOAD CMakeFiles/C_Board.elf.dir/Core/Src/gpio.c.obj
LOAD CMakeFiles/C_Board.elf.dir/Core/Src/i2c.c.obj
LOAD CMakeFiles/C_Board.elf.dir/Core/Src/main.c.obj
LOAD CMakeFiles/C_Board.elf.dir/Core/Src/stm32f4xx_hal_msp.c.obj
LOAD CMakeFiles/C_Board.elf.dir/Core/Src/stm32f4xx_it.c.obj
LOAD CMakeFiles/C_Board.elf.dir/Core/Src/syscalls.c.obj
LOAD CMakeFiles/C_Board.elf.dir/Core/Src/system_stm32f4xx.c.obj
LOAD CMakeFiles/C_Board.elf.dir/Core/Src/tim.c.obj
LOAD CMakeFiles/C_Board.elf.dir/Core/Src/usart.c.obj
LOAD CMakeFiles/C_Board.elf.dir/Drivers/STM32F4xx_HAL_Driver/Src/stm32f4xx_hal.c.obj
LOAD CMakeFiles/C_Board.elf.dir/Drivers/STM32F4xx_HAL_Driver/Src/stm32f4xx_hal_adc.c.obj
LOAD CMakeFiles/C_Board.elf.dir/Drivers/STM32F4xx_HAL_Driver/Src/stm32f4xx_hal_adc_ex.c.obj
LOAD CMakeFiles/C_Board.elf.dir/Drivers/STM32F4xx_HAL_Driver/Src/stm32f4xx_hal_cortex.c.obj
LOAD CMakeFiles/C_Board.elf.dir/Drivers/STM32F4xx_HAL_Driver/Src/stm32f4xx_hal_dma.c.obj
LOAD CMakeFiles/C_Board.elf.dir/Drivers/STM32F4xx_HAL_Driver/Src/stm32f4xx_hal_dma_ex.c.obj
LOAD CMakeFiles/C_Board.elf.dir/Drivers/STM32F4xx_HAL_Driver/Src/stm32f4xx_hal_exti.c.obj
LOAD CMakeFiles/C_Board.elf.dir/Drivers/STM32F4xx_HAL_Driver/Src/stm32f4xx_hal_flash.c.obj
LOAD CMakeFiles/C_Board.elf.dir/Drivers/STM32F4xx_HAL_Driver/Src/stm32f4xx_hal_flash_ex.c.obj
LOAD CMakeFiles/C_Board.elf.dir/Drivers/STM32F4xx_HAL_Driver/Src/stm32f4xx_hal_flash_ramfunc.c.obj
LOAD CMakeFiles/C_Board.elf.dir/Drivers/STM32F4xx_HAL_Driver/Src/stm32f4xx_hal_gpio.c.obj
LOAD CMakeFiles/C_Board.elf.dir/Drivers/STM32F4xx_HAL_Driver/Src/stm32f4xx_hal_i2c.c.obj
LOAD CMakeFiles/C_Board.elf.dir/Drivers/STM32F4xx_HAL_Driver/Src/stm32f4xx_hal_i2c_ex.c.obj
LOAD CMakeFiles/C_Board.elf.dir/Drivers/STM32F4xx_HAL_Driver/Src/stm32f4xx_hal_pwr.c.obj
LOAD CMakeFiles/C_Board.elf.dir/Drivers/STM32F4xx_HAL_Driver/Src/stm32f4xx_hal_pwr_ex.c.obj
LOAD CMakeFiles/C_Board.elf.dir/Drivers/STM32F4xx_HAL_Driver/Src/stm32f4xx_hal_rcc.c.obj
LOAD CMakeFiles/C_Board.elf.dir/Drivers/STM32F4xx_HAL_Driver/Src/stm32f4xx_hal_rcc_ex.c.obj
LOAD CMakeFiles/C_Board.elf.dir/Drivers/STM32F4xx_HAL_Driver/Src/stm32f4xx_hal_tim.c.obj
LOAD CMakeFiles/C_Board.elf.dir/Drivers/STM32F4xx_HAL_Driver/Src/stm32f4xx_hal_tim_ex.c.obj
LOAD CMakeFiles/C_Board.elf.dir/Drivers/STM32F4xx_HAL_Driver/Src/stm32f4xx_hal_uart.c.obj
LOAD CMakeFiles/C_Board.elf.dir/startup/startup_stm32f407xx.s.obj
START GROUP
LOAD e:/stm32+clion/gcc-arm-none-eabi-9-2020-q2-update-win32/bin/../lib/gcc/arm-none-eabi/9.3.1/thumb/v7e-m/nofp\libgcc.a
LOAD e:/stm32+clion/gcc-arm-none-eabi-9-2020-q2-update-win32/bin/../lib/gcc/arm-none-eabi/9.3.1/../../../../arm-none-eabi/lib/thumb/v7e-m/nofp\libg.a
LOAD e:/stm32+clion/gcc-arm-none-eabi-9-2020-q2-update-win32/bin/../lib/gcc/arm-none-eabi/9.3.1/../../../../arm-none-eabi/lib/thumb/v7e-m/nofp\libc.a
END GROUP
LOAD e:/stm32+clion/gcc-arm-none-eabi-9-2020-q2-update-win32/bin/../lib/gcc/arm-none-eabi/9.3.1/thumb/v7e-m/nofp/crtend.o
LOAD e:/stm32+clion/gcc-arm-none-eabi-9-2020-q2-update-win32/bin/../lib/gcc/arm-none-eabi/9.3.1/thumb/v7e-m/nofp/crtn.o
                0x20020000                _estack = 0x20020000
                0x00000200                _Min_Heap_Size = 0x200
                0x00000400                _Min_Stack_Size = 0x400

.isr_vector     0x08000000      0x188
                0x08000000                . = ALIGN (0x4)
 *(.isr_vector)
 .isr_vector    0x08000000      0x188 CMakeFiles/C_Board.elf.dir/startup/startup_stm32f407xx.s.obj
                0x08000000                g_pfnVectors
                0x08000188                . = ALIGN (0x4)

.text           0x08000188     0x356c
                0x08000188                . = ALIGN (0x4)
 *(.text)
 .text          0x08000188       0x40 e:/stm32+clion/gcc-arm-none-eabi-9-2020-q2-update-win32/bin/../lib/gcc/arm-none-eabi/9.3.1/thumb/v7e-m/nofp/crtbegin.o
 .text          0x080001c8      0x21c e:/stm32+clion/gcc-arm-none-eabi-9-2020-q2-update-win32/bin/../lib/gcc/arm-none-eabi/9.3.1/thumb/v7e-m/nofp\libgcc.a(_arm_addsubsf3.o)
                0x080001c8                __aeabi_frsub
                0x080001d0                __subsf3
                0x080001d0                __aeabi_fsub
                0x080001d4                __aeabi_fadd
                0x080001d4                __addsf3
                0x08000334                __aeabi_ui2f
                0x08000334                __floatunsisf
                0x0800033c                __aeabi_i2f
                0x0800033c                __floatsisf
                0x08000358                __aeabi_ul2f
                0x08000358                __floatundisf
                0x08000368                __aeabi_l2f
                0x08000368                __floatdisf
 .text          0x080003e4      0x2a0 e:/stm32+clion/gcc-arm-none-eabi-9-2020-q2-update-win32/bin/../lib/gcc/arm-none-eabi/9.3.1/thumb/v7e-m/nofp\libgcc.a(_arm_muldivsf3.o)
                0x080003e4                __mulsf3
                0x080003e4                __aeabi_fmul
                0x0800054c                __aeabi_fdiv
                0x0800054c                __divsf3
 .text          0x08000684       0x30 e:/stm32+clion/gcc-arm-none-eabi-9-2020-q2-update-win32/bin/../lib/gcc/arm-none-eabi/9.3.1/thumb/v7e-m/nofp\libgcc.a(_aeabi_uldivmod.o)
                0x08000684                __aeabi_uldivmod
 .text          0x080006b4      0x2c0 e:/stm32+clion/gcc-arm-none-eabi-9-2020-q2-update-win32/bin/../lib/gcc/arm-none-eabi/9.3.1/thumb/v7e-m/nofp\libgcc.a(_udivmoddi4.o)
                0x080006b4                __udivmoddi4
 .text          0x08000974        0x4 e:/stm32+clion/gcc-arm-none-eabi-9-2020-q2-update-win32/bin/../lib/gcc/arm-none-eabi/9.3.1/thumb/v7e-m/nofp\libgcc.a(_dvmd_tls.o)
                0x08000974                __aeabi_idiv0
                0x08000974                __aeabi_ldiv0
 *(.text*)
 .text.sbus_to_rc
                0x08000978       0xbc CMakeFiles/C_Board.elf.dir/APP/remote_control.c.obj
 .text.remote_control_init
                0x08000a34       0x14 CMakeFiles/C_Board.elf.dir/APP/remote_control.c.obj
                0x08000a34                remote_control_init
 .text.get_remote_control_point
                0x08000a48        0x8 CMakeFiles/C_Board.elf.dir/APP/remote_control.c.obj
                0x08000a48                get_remote_control_point
 .text.USART3_IRQHandler
                0x08000a50       0xe4 CMakeFiles/C_Board.elf.dir/APP/remote_control.c.obj
                0x08000a50                USART3_IRQHandler
 .text.adcx_get_chx_value
                0x08000b34       0x3c CMakeFiles/C_Board.elf.dir/Board_test/bsp_adc.c.obj
 .text.init_vrefint_reciprocal
                0x08000b70       0x3c CMakeFiles/C_Board.elf.dir/Board_test/bsp_adc.c.obj
                0x08000b70                init_vrefint_reciprocal
 .text.HAL_GPIO_EXTI_Callback
                0x08000bac       0x30 CMakeFiles/C_Board.elf.dir/Board_test/bsp_key.c.obj
                0x08000bac                HAL_GPIO_EXTI_Callback
 .text.RC_init  0x08000bdc       0x68 CMakeFiles/C_Board.elf.dir/Board_test/bsp_rc.c.obj
                0x08000bdc                RC_init
 .text.usart1_tx_dma_init
                0x08000c44       0x14 CMakeFiles/C_Board.elf.dir/Board_test/bsp_usart.c.obj
                0x08000c44                usart1_tx_dma_init
 .text.MX_ADC1_Init
                0x08000c58       0x70 CMakeFiles/C_Board.elf.dir/Core/Src/adc.c.obj
                0x08000c58                MX_ADC1_Init
 .text.MX_ADC3_Init
                0x08000cc8       0x70 CMakeFiles/C_Board.elf.dir/Core/Src/adc.c.obj
                0x08000cc8                MX_ADC3_Init
 .text.HAL_ADC_MspInit
                0x08000d38       0x90 CMakeFiles/C_Board.elf.dir/Core/Src/adc.c.obj
                0x08000d38                HAL_ADC_MspInit
 .text.MX_DMA_Init
                0x08000dc8       0x58 CMakeFiles/C_Board.elf.dir/Core/Src/dma.c.obj
                0x08000dc8                MX_DMA_Init
 .text.MX_GPIO_Init
                0x08000e20       0xe4 CMakeFiles/C_Board.elf.dir/Core/Src/gpio.c.obj
                0x08000e20                MX_GPIO_Init
 .text.MX_I2C2_Init
                0x08000f04       0x3c CMakeFiles/C_Board.elf.dir/Core/Src/i2c.c.obj
                0x08000f04                MX_I2C2_Init
 .text.HAL_I2C_MspInit
                0x08000f40       0x70 CMakeFiles/C_Board.elf.dir/Core/Src/i2c.c.obj
                0x08000f40                HAL_I2C_MspInit
 .text.SystemClock_Config
                0x08000fb0       0x98 CMakeFiles/C_Board.elf.dir/Core/Src/main.c.obj
                0x08000fb0                SystemClock_Config
 .text.main     0x08001048       0x40 CMakeFiles/C_Board.elf.dir/Core/Src/main.c.obj
                0x08001048                main
 .text.Error_Handler
                0x08001088        0x2 CMakeFiles/C_Board.elf.dir/Core/Src/main.c.obj
                0x08001088                Error_Handler
 *fill*         0x0800108a        0x2 
 .text.HAL_MspInit
                0x0800108c       0x38 CMakeFiles/C_Board.elf.dir/Core/Src/stm32f4xx_hal_msp.c.obj
                0x0800108c                HAL_MspInit
 .text.NMI_Handler
                0x080010c4        0x2 CMakeFiles/C_Board.elf.dir/Core/Src/stm32f4xx_it.c.obj
                0x080010c4                NMI_Handler
 .text.HardFault_Handler
                0x080010c6        0x2 CMakeFiles/C_Board.elf.dir/Core/Src/stm32f4xx_it.c.obj
                0x080010c6                HardFault_Handler
 .text.MemManage_Handler
                0x080010c8        0x2 CMakeFiles/C_Board.elf.dir/Core/Src/stm32f4xx_it.c.obj
                0x080010c8                MemManage_Handler
 .text.BusFault_Handler
                0x080010ca        0x2 CMakeFiles/C_Board.elf.dir/Core/Src/stm32f4xx_it.c.obj
                0x080010ca                BusFault_Handler
 .text.UsageFault_Handler
                0x080010cc        0x2 CMakeFiles/C_Board.elf.dir/Core/Src/stm32f4xx_it.c.obj
                0x080010cc                UsageFault_Handler
 .text.SVC_Handler
                0x080010ce        0x2 CMakeFiles/C_Board.elf.dir/Core/Src/stm32f4xx_it.c.obj
                0x080010ce                SVC_Handler
 .text.DebugMon_Handler
                0x080010d0        0x2 CMakeFiles/C_Board.elf.dir/Core/Src/stm32f4xx_it.c.obj
                0x080010d0                DebugMon_Handler
 .text.PendSV_Handler
                0x080010d2        0x2 CMakeFiles/C_Board.elf.dir/Core/Src/stm32f4xx_it.c.obj
                0x080010d2                PendSV_Handler
 .text.SysTick_Handler
                0x080010d4        0x8 CMakeFiles/C_Board.elf.dir/Core/Src/stm32f4xx_it.c.obj
                0x080010d4                SysTick_Handler
 .text.EXTI0_IRQHandler
                0x080010dc        0xa CMakeFiles/C_Board.elf.dir/Core/Src/stm32f4xx_it.c.obj
                0x080010dc                EXTI0_IRQHandler
 *fill*         0x080010e6        0x2 
 .text.DMA1_Stream1_IRQHandler
                0x080010e8       0x10 CMakeFiles/C_Board.elf.dir/Core/Src/stm32f4xx_it.c.obj
                0x080010e8                DMA1_Stream1_IRQHandler
 .text.TIM1_UP_TIM10_IRQHandler
                0x080010f8       0x10 CMakeFiles/C_Board.elf.dir/Core/Src/stm32f4xx_it.c.obj
                0x080010f8                TIM1_UP_TIM10_IRQHandler
 .text.USART1_IRQHandler
                0x08001108       0x10 CMakeFiles/C_Board.elf.dir/Core/Src/stm32f4xx_it.c.obj
                0x08001108                USART1_IRQHandler
 .text.DMA2_Stream7_IRQHandler
                0x08001118       0x10 CMakeFiles/C_Board.elf.dir/Core/Src/stm32f4xx_it.c.obj
                0x08001118                DMA2_Stream7_IRQHandler
 .text.SystemInit
                0x08001128       0x10 CMakeFiles/C_Board.elf.dir/Core/Src/system_stm32f4xx.c.obj
                0x08001128                SystemInit
 .text.MX_TIM1_Init
                0x08001138       0x74 CMakeFiles/C_Board.elf.dir/Core/Src/tim.c.obj
                0x08001138                MX_TIM1_Init
 .text.HAL_TIM_Base_MspInit
                0x080011ac       0x68 CMakeFiles/C_Board.elf.dir/Core/Src/tim.c.obj
                0x080011ac                HAL_TIM_Base_MspInit
 .text.HAL_TIM_MspPostInit
                0x08001214       0x5c CMakeFiles/C_Board.elf.dir/Core/Src/tim.c.obj
                0x08001214                HAL_TIM_MspPostInit
 .text.MX_TIM4_Init
                0x08001270       0xac CMakeFiles/C_Board.elf.dir/Core/Src/tim.c.obj
                0x08001270                MX_TIM4_Init
 .text.MX_USART1_UART_Init
                0x0800131c       0x34 CMakeFiles/C_Board.elf.dir/Core/Src/usart.c.obj
                0x0800131c                MX_USART1_UART_Init
 .text.MX_USART3_UART_Init
                0x08001350       0x38 CMakeFiles/C_Board.elf.dir/Core/Src/usart.c.obj
                0x08001350                MX_USART3_UART_Init
 .text.HAL_UART_MspInit
                0x08001388      0x168 CMakeFiles/C_Board.elf.dir/Core/Src/usart.c.obj
                0x08001388                HAL_UART_MspInit
 .text.HAL_InitTick
                0x080014f0       0x4c CMakeFiles/C_Board.elf.dir/Drivers/STM32F4xx_HAL_Driver/Src/stm32f4xx_hal.c.obj
                0x080014f0                HAL_InitTick
 .text.HAL_Init
                0x0800153c       0x34 CMakeFiles/C_Board.elf.dir/Drivers/STM32F4xx_HAL_Driver/Src/stm32f4xx_hal.c.obj
                0x0800153c                HAL_Init
 .text.HAL_IncTick
                0x08001570       0x18 CMakeFiles/C_Board.elf.dir/Drivers/STM32F4xx_HAL_Driver/Src/stm32f4xx_hal.c.obj
                0x08001570                HAL_IncTick
 .text.HAL_GetTick
                0x08001588        0xc CMakeFiles/C_Board.elf.dir/Drivers/STM32F4xx_HAL_Driver/Src/stm32f4xx_hal.c.obj
                0x08001588                HAL_GetTick
 .text.ADC_Init
                0x08001594      0x134 CMakeFiles/C_Board.elf.dir/Drivers/STM32F4xx_HAL_Driver/Src/stm32f4xx_hal_adc.c.obj
 .text.HAL_ADC_Init
                0x080016c8       0x56 CMakeFiles/C_Board.elf.dir/Drivers/STM32F4xx_HAL_Driver/Src/stm32f4xx_hal_adc.c.obj
                0x080016c8                HAL_ADC_Init
 *fill*         0x0800171e        0x2 
 .text.HAL_ADC_Start
                0x08001720      0x130 CMakeFiles/C_Board.elf.dir/Drivers/STM32F4xx_HAL_Driver/Src/stm32f4xx_hal_adc.c.obj
                0x08001720                HAL_ADC_Start
 .text.HAL_ADC_PollForConversion
                0x08001850       0xac CMakeFiles/C_Board.elf.dir/Drivers/STM32F4xx_HAL_Driver/Src/stm32f4xx_hal_adc.c.obj
                0x08001850                HAL_ADC_PollForConversion
 .text.HAL_ADC_GetValue
                0x080018fc        0x6 CMakeFiles/C_Board.elf.dir/Drivers/STM32F4xx_HAL_Driver/Src/stm32f4xx_hal_adc.c.obj
                0x080018fc                HAL_ADC_GetValue
 *fill*         0x08001902        0x2 
 .text.HAL_ADC_ConfigChannel
                0x08001904      0x190 CMakeFiles/C_Board.elf.dir/Drivers/STM32F4xx_HAL_Driver/Src/stm32f4xx_hal_adc.c.obj
                0x08001904                HAL_ADC_ConfigChannel
 .text.HAL_NVIC_SetPriorityGrouping
                0x08001a94       0x24 CMakeFiles/C_Board.elf.dir/Drivers/STM32F4xx_HAL_Driver/Src/stm32f4xx_hal_cortex.c.obj
                0x08001a94                HAL_NVIC_SetPriorityGrouping
 .text.HAL_NVIC_SetPriority
                0x08001ab8       0x68 CMakeFiles/C_Board.elf.dir/Drivers/STM32F4xx_HAL_Driver/Src/stm32f4xx_hal_cortex.c.obj
                0x08001ab8                HAL_NVIC_SetPriority
 .text.HAL_NVIC_EnableIRQ
                0x08001b20       0x1c CMakeFiles/C_Board.elf.dir/Drivers/STM32F4xx_HAL_Driver/Src/stm32f4xx_hal_cortex.c.obj
                0x08001b20                HAL_NVIC_EnableIRQ
 .text.HAL_SYSTICK_Config
                0x08001b3c       0x2c CMakeFiles/C_Board.elf.dir/Drivers/STM32F4xx_HAL_Driver/Src/stm32f4xx_hal_cortex.c.obj
                0x08001b3c                HAL_SYSTICK_Config
 .text.DMA_CalcBaseAndBitshift
                0x08001b68       0x40 CMakeFiles/C_Board.elf.dir/Drivers/STM32F4xx_HAL_Driver/Src/stm32f4xx_hal_dma.c.obj
 .text.DMA_CheckFifoParam
                0x08001ba8       0x8e CMakeFiles/C_Board.elf.dir/Drivers/STM32F4xx_HAL_Driver/Src/stm32f4xx_hal_dma.c.obj
 *fill*         0x08001c36        0x2 
 .text.HAL_DMA_Init
                0x08001c38       0xcc CMakeFiles/C_Board.elf.dir/Drivers/STM32F4xx_HAL_Driver/Src/stm32f4xx_hal_dma.c.obj
                0x08001c38                HAL_DMA_Init
 .text.HAL_DMA_Abort_IT
                0x08001d04       0x26 CMakeFiles/C_Board.elf.dir/Drivers/STM32F4xx_HAL_Driver/Src/stm32f4xx_hal_dma.c.obj
                0x08001d04                HAL_DMA_Abort_IT
 *fill*         0x08001d2a        0x2 
 .text.HAL_DMA_IRQHandler
                0x08001d2c      0x1dc CMakeFiles/C_Board.elf.dir/Drivers/STM32F4xx_HAL_Driver/Src/stm32f4xx_hal_dma.c.obj
                0x08001d2c                HAL_DMA_IRQHandler
 .text.HAL_GPIO_Init
                0x08001f08      0x1cc CMakeFiles/C_Board.elf.dir/Drivers/STM32F4xx_HAL_Driver/Src/stm32f4xx_hal_gpio.c.obj
                0x08001f08                HAL_GPIO_Init
 .text.HAL_GPIO_ReadPin
                0x080020d4        0xe CMakeFiles/C_Board.elf.dir/Drivers/STM32F4xx_HAL_Driver/Src/stm32f4xx_hal_gpio.c.obj
                0x080020d4                HAL_GPIO_ReadPin
 .text.HAL_GPIO_WritePin
                0x080020e2        0xc CMakeFiles/C_Board.elf.dir/Drivers/STM32F4xx_HAL_Driver/Src/stm32f4xx_hal_gpio.c.obj
                0x080020e2                HAL_GPIO_WritePin
 *fill*         0x080020ee        0x2 
 .text.HAL_GPIO_EXTI_IRQHandler
                0x080020f0       0x1c CMakeFiles/C_Board.elf.dir/Drivers/STM32F4xx_HAL_Driver/Src/stm32f4xx_hal_gpio.c.obj
                0x080020f0                HAL_GPIO_EXTI_IRQHandler
 .text.HAL_I2C_Init
                0x0800210c      0x1bc CMakeFiles/C_Board.elf.dir/Drivers/STM32F4xx_HAL_Driver/Src/stm32f4xx_hal_i2c.c.obj
                0x0800210c                HAL_I2C_Init
 .text.HAL_RCC_OscConfig
                0x080022c8      0x3ec CMakeFiles/C_Board.elf.dir/Drivers/STM32F4xx_HAL_Driver/Src/stm32f4xx_hal_rcc.c.obj
                0x080022c8                HAL_RCC_OscConfig
 .text.HAL_RCC_GetSysClockFreq
                0x080026b4       0xa0 CMakeFiles/C_Board.elf.dir/Drivers/STM32F4xx_HAL_Driver/Src/stm32f4xx_hal_rcc.c.obj
                0x080026b4                HAL_RCC_GetSysClockFreq
 .text.HAL_RCC_ClockConfig
                0x08002754      0x160 CMakeFiles/C_Board.elf.dir/Drivers/STM32F4xx_HAL_Driver/Src/stm32f4xx_hal_rcc.c.obj
                0x08002754                HAL_RCC_ClockConfig
 .text.HAL_RCC_GetHCLKFreq
                0x080028b4        0xc CMakeFiles/C_Board.elf.dir/Drivers/STM32F4xx_HAL_Driver/Src/stm32f4xx_hal_rcc.c.obj
                0x080028b4                HAL_RCC_GetHCLKFreq
 .text.HAL_RCC_GetPCLK1Freq
                0x080028c0       0x20 CMakeFiles/C_Board.elf.dir/Drivers/STM32F4xx_HAL_Driver/Src/stm32f4xx_hal_rcc.c.obj
                0x080028c0                HAL_RCC_GetPCLK1Freq
 .text.HAL_RCC_GetPCLK2Freq
                0x080028e0       0x20 CMakeFiles/C_Board.elf.dir/Drivers/STM32F4xx_HAL_Driver/Src/stm32f4xx_hal_rcc.c.obj
                0x080028e0                HAL_RCC_GetPCLK2Freq
 .text.TIM_OC1_SetConfig
                0x08002900       0x68 CMakeFiles/C_Board.elf.dir/Drivers/STM32F4xx_HAL_Driver/Src/stm32f4xx_hal_tim.c.obj
 .text.TIM_OC3_SetConfig
                0x08002968       0x70 CMakeFiles/C_Board.elf.dir/Drivers/STM32F4xx_HAL_Driver/Src/stm32f4xx_hal_tim.c.obj
 .text.TIM_OC4_SetConfig
                0x080029d8       0x50 CMakeFiles/C_Board.elf.dir/Drivers/STM32F4xx_HAL_Driver/Src/stm32f4xx_hal_tim.c.obj
 .text.TIM_TI1_ConfigInputStage
                0x08002a28       0x24 CMakeFiles/C_Board.elf.dir/Drivers/STM32F4xx_HAL_Driver/Src/stm32f4xx_hal_tim.c.obj
 .text.TIM_TI2_ConfigInputStage
                0x08002a4c       0x26 CMakeFiles/C_Board.elf.dir/Drivers/STM32F4xx_HAL_Driver/Src/stm32f4xx_hal_tim.c.obj
 .text.TIM_ITRx_SetConfig
                0x08002a72       0x10 CMakeFiles/C_Board.elf.dir/Drivers/STM32F4xx_HAL_Driver/Src/stm32f4xx_hal_tim.c.obj
 .text.HAL_TIM_PWM_MspInit
                0x08002a82        0x2 CMakeFiles/C_Board.elf.dir/Drivers/STM32F4xx_HAL_Driver/Src/stm32f4xx_hal_tim.c.obj
                0x08002a82                HAL_TIM_PWM_MspInit
 .text.HAL_TIM_PeriodElapsedCallback
                0x08002a84        0x2 CMakeFiles/C_Board.elf.dir/Drivers/STM32F4xx_HAL_Driver/Src/stm32f4xx_hal_tim.c.obj
                0x08002a84                HAL_TIM_PeriodElapsedCallback
 .text.HAL_TIM_OC_DelayElapsedCallback
                0x08002a86        0x2 CMakeFiles/C_Board.elf.dir/Drivers/STM32F4xx_HAL_Driver/Src/stm32f4xx_hal_tim.c.obj
                0x08002a86                HAL_TIM_OC_DelayElapsedCallback
 .text.HAL_TIM_IC_CaptureCallback
                0x08002a88        0x2 CMakeFiles/C_Board.elf.dir/Drivers/STM32F4xx_HAL_Driver/Src/stm32f4xx_hal_tim.c.obj
                0x08002a88                HAL_TIM_IC_CaptureCallback
 .text.HAL_TIM_PWM_PulseFinishedCallback
                0x08002a8a        0x2 CMakeFiles/C_Board.elf.dir/Drivers/STM32F4xx_HAL_Driver/Src/stm32f4xx_hal_tim.c.obj
                0x08002a8a                HAL_TIM_PWM_PulseFinishedCallback
 .text.HAL_TIM_TriggerCallback
                0x08002a8c        0x2 CMakeFiles/C_Board.elf.dir/Drivers/STM32F4xx_HAL_Driver/Src/stm32f4xx_hal_tim.c.obj
                0x08002a8c                HAL_TIM_TriggerCallback
 .text.HAL_TIM_IRQHandler
                0x08002a8e      0x17a CMakeFiles/C_Board.elf.dir/Drivers/STM32F4xx_HAL_Driver/Src/stm32f4xx_hal_tim.c.obj
                0x08002a8e                HAL_TIM_IRQHandler
 .text.TIM_Base_SetConfig
                0x08002c08       0xc8 CMakeFiles/C_Board.elf.dir/Drivers/STM32F4xx_HAL_Driver/Src/stm32f4xx_hal_tim.c.obj
                0x08002c08                TIM_Base_SetConfig
 .text.HAL_TIM_Base_Init
                0x08002cd0       0x34 CMakeFiles/C_Board.elf.dir/Drivers/STM32F4xx_HAL_Driver/Src/stm32f4xx_hal_tim.c.obj
                0x08002cd0                HAL_TIM_Base_Init
 .text.HAL_TIM_PWM_Init
                0x08002d04       0x34 CMakeFiles/C_Board.elf.dir/Drivers/STM32F4xx_HAL_Driver/Src/stm32f4xx_hal_tim.c.obj
                0x08002d04                HAL_TIM_PWM_Init
 .text.TIM_OC2_SetConfig
                0x08002d38       0x70 CMakeFiles/C_Board.elf.dir/Drivers/STM32F4xx_HAL_Driver/Src/stm32f4xx_hal_tim.c.obj
                0x08002d38                TIM_OC2_SetConfig
 .text.HAL_TIM_PWM_ConfigChannel
                0x08002da8       0xdc CMakeFiles/C_Board.elf.dir/Drivers/STM32F4xx_HAL_Driver/Src/stm32f4xx_hal_tim.c.obj
                0x08002da8                HAL_TIM_PWM_ConfigChannel
 .text.TIM_ETR_SetConfig
                0x08002e84       0x16 CMakeFiles/C_Board.elf.dir/Drivers/STM32F4xx_HAL_Driver/Src/stm32f4xx_hal_tim.c.obj
                0x08002e84                TIM_ETR_SetConfig
 .text.HAL_TIM_ConfigClockSource
                0x08002e9a       0xda CMakeFiles/C_Board.elf.dir/Drivers/STM32F4xx_HAL_Driver/Src/stm32f4xx_hal_tim.c.obj
                0x08002e9a                HAL_TIM_ConfigClockSource
 .text.HAL_TIMEx_MasterConfigSynchronization
                0x08002f74       0x88 CMakeFiles/C_Board.elf.dir/Drivers/STM32F4xx_HAL_Driver/Src/stm32f4xx_hal_tim_ex.c.obj
                0x08002f74                HAL_TIMEx_MasterConfigSynchronization
 .text.HAL_TIMEx_CommutCallback
                0x08002ffc        0x2 CMakeFiles/C_Board.elf.dir/Drivers/STM32F4xx_HAL_Driver/Src/stm32f4xx_hal_tim_ex.c.obj
                0x08002ffc                HAL_TIMEx_CommutCallback
 .text.HAL_TIMEx_BreakCallback
                0x08002ffe        0x2 CMakeFiles/C_Board.elf.dir/Drivers/STM32F4xx_HAL_Driver/Src/stm32f4xx_hal_tim_ex.c.obj
                0x08002ffe                HAL_TIMEx_BreakCallback
 .text.UART_EndRxTransfer
                0x08003000       0x1c CMakeFiles/C_Board.elf.dir/Drivers/STM32F4xx_HAL_Driver/Src/stm32f4xx_hal_uart.c.obj
 .text.UART_Transmit_IT
                0x0800301c       0x66 CMakeFiles/C_Board.elf.dir/Drivers/STM32F4xx_HAL_Driver/Src/stm32f4xx_hal_uart.c.obj
 *fill*         0x08003082        0x2 
 .text.UART_SetConfig
                0x08003084      0x1e8 CMakeFiles/C_Board.elf.dir/Drivers/STM32F4xx_HAL_Driver/Src/stm32f4xx_hal_uart.c.obj
 .text.HAL_UART_Init
                0x0800326c       0x5e CMakeFiles/C_Board.elf.dir/Drivers/STM32F4xx_HAL_Driver/Src/stm32f4xx_hal_uart.c.obj
                0x0800326c                HAL_UART_Init
 .text.HAL_UART_TxCpltCallback
                0x080032ca        0x2 CMakeFiles/C_Board.elf.dir/Drivers/STM32F4xx_HAL_Driver/Src/stm32f4xx_hal_uart.c.obj
                0x080032ca                HAL_UART_TxCpltCallback
 .text.UART_EndTransmit_IT
                0x080032cc       0x1a CMakeFiles/C_Board.elf.dir/Drivers/STM32F4xx_HAL_Driver/Src/stm32f4xx_hal_uart.c.obj
 .text.HAL_UART_RxCpltCallback
                0x080032e6        0x2 CMakeFiles/C_Board.elf.dir/Drivers/STM32F4xx_HAL_Driver/Src/stm32f4xx_hal_uart.c.obj
                0x080032e6                HAL_UART_RxCpltCallback
 .text.UART_Receive_IT
                0x080032e8       0x9e CMakeFiles/C_Board.elf.dir/Drivers/STM32F4xx_HAL_Driver/Src/stm32f4xx_hal_uart.c.obj
 .text.HAL_UART_ErrorCallback
                0x08003386        0x2 CMakeFiles/C_Board.elf.dir/Drivers/STM32F4xx_HAL_Driver/Src/stm32f4xx_hal_uart.c.obj
                0x08003386                HAL_UART_ErrorCallback
 .text.HAL_UART_IRQHandler
                0x08003388      0x128 CMakeFiles/C_Board.elf.dir/Drivers/STM32F4xx_HAL_Driver/Src/stm32f4xx_hal_uart.c.obj
                0x08003388                HAL_UART_IRQHandler
 .text.UART_DMAAbortOnError
                0x080034b0       0x10 CMakeFiles/C_Board.elf.dir/Drivers/STM32F4xx_HAL_Driver/Src/stm32f4xx_hal_uart.c.obj
 .text.Reset_Handler
                0x080034c0       0x50 CMakeFiles/C_Board.elf.dir/startup/startup_stm32f407xx.s.obj
                0x080034c0                Reset_Handler
 .text.Default_Handler
                0x08003510        0x2 CMakeFiles/C_Board.elf.dir/startup/startup_stm32f407xx.s.obj
                0x08003510                RTC_Alarm_IRQHandler
                0x08003510                HASH_RNG_IRQHandler
                0x08003510                EXTI2_IRQHandler
                0x08003510                TIM8_CC_IRQHandler
                0x08003510                TIM1_CC_IRQHandler
                0x08003510                DMA2_Stream5_IRQHandler
                0x08003510                DMA1_Stream5_IRQHandler
                0x08003510                PVD_IRQHandler
                0x08003510                SDIO_IRQHandler
                0x08003510                TAMP_STAMP_IRQHandler
                0x08003510                CAN2_RX1_IRQHandler
                0x08003510                EXTI3_IRQHandler
                0x08003510                TIM8_TRG_COM_TIM14_IRQHandler
                0x08003510                TIM8_UP_TIM13_IRQHandler
                0x08003510                I2C3_ER_IRQHandler
                0x08003510                I2C2_EV_IRQHandler
                0x08003510                DMA1_Stream2_IRQHandler
                0x08003510                CAN1_RX0_IRQHandler
                0x08003510                FPU_IRQHandler
                0x08003510                OTG_HS_WKUP_IRQHandler
                0x08003510                CAN2_SCE_IRQHandler
                0x08003510                DMA2_Stream2_IRQHandler
                0x08003510                SPI1_IRQHandler
                0x08003510                TIM6_DAC_IRQHandler
                0x08003510                TIM1_BRK_TIM9_IRQHandler
                0x08003510                DCMI_IRQHandler
                0x08003510                CAN2_RX0_IRQHandler
                0x08003510                DMA2_Stream3_IRQHandler
                0x08003510                USART6_IRQHandler
                0x08003510                CAN1_RX1_IRQHandler
                0x08003510                UART5_IRQHandler
                0x08003510                DMA2_Stream0_IRQHandler
                0x08003510                TIM4_IRQHandler
                0x08003510                I2C1_EV_IRQHandler
                0x08003510                DMA1_Stream6_IRQHandler
                0x08003510                UART4_IRQHandler
                0x08003510                TIM3_IRQHandler
                0x08003510                RCC_IRQHandler
                0x08003510                TIM8_BRK_TIM12_IRQHandler
                0x08003510                Default_Handler
                0x08003510                EXTI15_10_IRQHandler
                0x08003510                ADC_IRQHandler
                0x08003510                DMA1_Stream7_IRQHandler
                0x08003510                TIM7_IRQHandler
                0x08003510                CAN2_TX_IRQHandler
                0x08003510                TIM5_IRQHandler
                0x08003510                I2C3_EV_IRQHandler
                0x08003510                EXTI9_5_IRQHandler
                0x08003510                RTC_WKUP_IRQHandler
                0x08003510                ETH_WKUP_IRQHandler
                0x08003510                SPI2_IRQHandler
                0x08003510                OTG_HS_EP1_IN_IRQHandler
                0x08003510                DMA1_Stream0_IRQHandler
                0x08003510                CAN1_TX_IRQHandler
                0x08003510                EXTI4_IRQHandler
                0x08003510                FSMC_IRQHandler
                0x08003510                ETH_IRQHandler
                0x08003510                OTG_HS_EP1_OUT_IRQHandler
                0x08003510                WWDG_IRQHandler
                0x08003510                TIM2_IRQHandler
                0x08003510                OTG_FS_WKUP_IRQHandler
                0x08003510                TIM1_TRG_COM_TIM11_IRQHandler
                0x08003510                OTG_HS_IRQHandler
                0x08003510                EXTI1_IRQHandler
                0x08003510                USART2_IRQHandler
                0x08003510                I2C2_ER_IRQHandler
                0x08003510                DMA2_Stream1_IRQHandler
                0x08003510                CAN1_SCE_IRQHandler
                0x08003510                FLASH_IRQHandler
                0x08003510                DMA2_Stream4_IRQHandler
                0x08003510                OTG_FS_IRQHandler
                0x08003510                SPI3_IRQHandler
                0x08003510                DMA1_Stream4_IRQHandler
                0x08003510                I2C1_ER_IRQHandler
                0x08003510                DMA2_Stream6_IRQHandler
                0x08003510                DMA1_Stream3_IRQHandler
 *fill*         0x08003512        0x2 
 .text.__libc_init_array
                0x08003514       0x48 e:/stm32+clion/gcc-arm-none-eabi-9-2020-q2-update-win32/bin/../lib/gcc/arm-none-eabi/9.3.1/../../../../arm-none-eabi/lib/thumb/v7e-m/nofp\libg.a(lib_a-init.o)
                0x08003514                __libc_init_array
 .text.memset   0x0800355c       0xa0 e:/stm32+clion/gcc-arm-none-eabi-9-2020-q2-update-win32/bin/../lib/gcc/arm-none-eabi/9.3.1/../../../../arm-none-eabi/lib/thumb/v7e-m/nofp\libg.a(lib_a-memset.o)
                0x0800355c                memset
 .text.startup.register_fini
                0x080035fc       0x14 e:/stm32+clion/gcc-arm-none-eabi-9-2020-q2-update-win32/bin/../lib/gcc/arm-none-eabi/9.3.1/../../../../arm-none-eabi/lib/thumb/v7e-m/nofp\libg.a(lib_a-__call_atexit.o)
 .text.atexit   0x08003610        0xc e:/stm32+clion/gcc-arm-none-eabi-9-2020-q2-update-win32/bin/../lib/gcc/arm-none-eabi/9.3.1/../../../../arm-none-eabi/lib/thumb/v7e-m/nofp\libg.a(lib_a-atexit.o)
                0x08003610                atexit
 .text.__libc_fini_array
                0x0800361c       0x2c e:/stm32+clion/gcc-arm-none-eabi-9-2020-q2-update-win32/bin/../lib/gcc/arm-none-eabi/9.3.1/../../../../arm-none-eabi/lib/thumb/v7e-m/nofp\libg.a(lib_a-fini.o)
                0x0800361c                __libc_fini_array
 .text.__retarget_lock_acquire_recursive
                0x08003648        0x4 e:/stm32+clion/gcc-arm-none-eabi-9-2020-q2-update-win32/bin/../lib/gcc/arm-none-eabi/9.3.1/../../../../arm-none-eabi/lib/thumb/v7e-m/nofp\libg.a(lib_a-lock.o)
                0x08003648                __retarget_lock_acquire_recursive
 .text.__retarget_lock_release_recursive
                0x0800364c        0x4 e:/stm32+clion/gcc-arm-none-eabi-9-2020-q2-update-win32/bin/../lib/gcc/arm-none-eabi/9.3.1/../../../../arm-none-eabi/lib/thumb/v7e-m/nofp\libg.a(lib_a-lock.o)
                0x0800364c                __retarget_lock_release_recursive
 .text.__register_exitproc
                0x08003650       0x8c e:/stm32+clion/gcc-arm-none-eabi-9-2020-q2-update-win32/bin/../lib/gcc/arm-none-eabi/9.3.1/../../../../arm-none-eabi/lib/thumb/v7e-m/nofp\libg.a(lib_a-__atexit.o)
                0x08003650                __register_exitproc
 *(.glue_7)
 .glue_7        0x080036dc        0x0 linker stubs
 *(.glue_7t)
 .glue_7t       0x080036dc        0x0 linker stubs
 *(.eh_frame)
 .eh_frame      0x080036dc        0x0 e:/stm32+clion/gcc-arm-none-eabi-9-2020-q2-update-win32/bin/../lib/gcc/arm-none-eabi/9.3.1/thumb/v7e-m/nofp/crtbegin.o
 *(.init)
 .init          0x080036dc        0x4 e:/stm32+clion/gcc-arm-none-eabi-9-2020-q2-update-win32/bin/../lib/gcc/arm-none-eabi/9.3.1/thumb/v7e-m/nofp/crti.o
                0x080036dc                _init
 .init          0x080036e0        0x8 e:/stm32+clion/gcc-arm-none-eabi-9-2020-q2-update-win32/bin/../lib/gcc/arm-none-eabi/9.3.1/thumb/v7e-m/nofp/crtn.o
 *(.fini)
 .fini          0x080036e8        0x4 e:/stm32+clion/gcc-arm-none-eabi-9-2020-q2-update-win32/bin/../lib/gcc/arm-none-eabi/9.3.1/thumb/v7e-m/nofp/crti.o
                0x080036e8                _fini
 .fini          0x080036ec        0x8 e:/stm32+clion/gcc-arm-none-eabi-9-2020-q2-update-win32/bin/../lib/gcc/arm-none-eabi/9.3.1/thumb/v7e-m/nofp/crtn.o
                0x080036f4                . = ALIGN (0x4)
                0x080036f4                _etext = .

.vfp11_veneer   0x080036f4        0x0
 .vfp11_veneer  0x080036f4        0x0 linker stubs

.v4_bx          0x080036f4        0x0
 .v4_bx         0x080036f4        0x0 linker stubs

.iplt           0x080036f4        0x0
 .iplt          0x080036f4        0x0 e:/stm32+clion/gcc-arm-none-eabi-9-2020-q2-update-win32/bin/../lib/gcc/arm-none-eabi/9.3.1/thumb/v7e-m/nofp/crtbegin.o

.rodata         0x080036f4       0x24
                0x080036f4                . = ALIGN (0x4)
 *(.rodata)
 *(.rodata*)
 .rodata.AHBPrescTable
                0x080036f4       0x10 CMakeFiles/C_Board.elf.dir/Core/Src/system_stm32f4xx.c.obj
                0x080036f4                AHBPrescTable
 .rodata.APBPrescTable
                0x08003704        0x8 CMakeFiles/C_Board.elf.dir/Core/Src/system_stm32f4xx.c.obj
                0x08003704                APBPrescTable
 .rodata.flagBitshiftOffset.7265
                0x0800370c        0x8 CMakeFiles/C_Board.elf.dir/Drivers/STM32F4xx_HAL_Driver/Src/stm32f4xx_hal_dma.c.obj
 .rodata._global_impure_ptr
                0x08003714        0x4 e:/stm32+clion/gcc-arm-none-eabi-9-2020-q2-update-win32/bin/../lib/gcc/arm-none-eabi/9.3.1/../../../../arm-none-eabi/lib/thumb/v7e-m/nofp\libg.a(lib_a-impure.o)
                0x08003714                _global_impure_ptr
                0x08003718                . = ALIGN (0x4)

.ARM.extab
 *(.ARM.extab* .gnu.linkonce.armextab.*)

.ARM            0x08003718        0x8
                0x08003718                __exidx_start = .
 *(.ARM.exidx*)
 .ARM.exidx     0x08003718        0x8 e:/stm32+clion/gcc-arm-none-eabi-9-2020-q2-update-win32/bin/../lib/gcc/arm-none-eabi/9.3.1/thumb/v7e-m/nofp\libgcc.a(_udivmoddi4.o)
                0x08003720                __exidx_end = .

.rel.dyn        0x08003720        0x0
 .rel.iplt      0x08003720        0x0 e:/stm32+clion/gcc-arm-none-eabi-9-2020-q2-update-win32/bin/../lib/gcc/arm-none-eabi/9.3.1/thumb/v7e-m/nofp/crtbegin.o

.preinit_array  0x08003720        0x0
                0x08003720                PROVIDE (__preinit_array_start = .)
 *(.preinit_array*)
                0x08003720                PROVIDE (__preinit_array_end = .)

.init_array     0x08003720        0x8
                0x08003720                PROVIDE (__init_array_start = .)
 *(SORT_BY_NAME(.init_array.*))
 .init_array.00000
                0x08003720        0x4 e:/stm32+clion/gcc-arm-none-eabi-9-2020-q2-update-win32/bin/../lib/gcc/arm-none-eabi/9.3.1/../../../../arm-none-eabi/lib/thumb/v7e-m/nofp\libg.a(lib_a-__call_atexit.o)
 *(.init_array*)
 .init_array    0x08003724        0x4 e:/stm32+clion/gcc-arm-none-eabi-9-2020-q2-update-win32/bin/../lib/gcc/arm-none-eabi/9.3.1/thumb/v7e-m/nofp/crtbegin.o
                0x08003728                PROVIDE (__init_array_end = .)

.fini_array     0x08003728        0x4
                0x08003728                PROVIDE (__fini_array_start = .)
 *(SORT_BY_NAME(.fini_array.*))
 *(.fini_array*)
 .fini_array    0x08003728        0x4 e:/stm32+clion/gcc-arm-none-eabi-9-2020-q2-update-win32/bin/../lib/gcc/arm-none-eabi/9.3.1/thumb/v7e-m/nofp/crtbegin.o
                0x0800372c                PROVIDE (__fini_array_end = .)
                0x0800372c                _sidata = LOADADDR (.data)

.data           0x20000000      0x43c load address 0x0800372c
                0x20000000                . = ALIGN (0x4)
                0x20000000                _sdata = .
 *(.data)
 *(.data*)
 .data.voltage_vrefint_proportion
                0x20000000        0x4 CMakeFiles/C_Board.elf.dir/Board_test/bsp_adc.c.obj
                0x20000000                voltage_vrefint_proportion
 .data.SystemCoreClock
                0x20000004        0x4 CMakeFiles/C_Board.elf.dir/Core/Src/system_stm32f4xx.c.obj
                0x20000004                SystemCoreClock
 .data.uwTickFreq
                0x20000008        0x1 CMakeFiles/C_Board.elf.dir/Drivers/STM32F4xx_HAL_Driver/Src/stm32f4xx_hal.c.obj
                0x20000008                uwTickFreq
 *fill*         0x20000009        0x3 
 .data.uwTickPrio
                0x2000000c        0x4 CMakeFiles/C_Board.elf.dir/Drivers/STM32F4xx_HAL_Driver/Src/stm32f4xx_hal.c.obj
                0x2000000c                uwTickPrio
 .data.impure_data
                0x20000010      0x428 e:/stm32+clion/gcc-arm-none-eabi-9-2020-q2-update-win32/bin/../lib/gcc/arm-none-eabi/9.3.1/../../../../arm-none-eabi/lib/thumb/v7e-m/nofp\libg.a(lib_a-impure.o)
 .data.__atexit_recursive_mutex
                0x20000438        0x4 e:/stm32+clion/gcc-arm-none-eabi-9-2020-q2-update-win32/bin/../lib/gcc/arm-none-eabi/9.3.1/../../../../arm-none-eabi/lib/thumb/v7e-m/nofp\libg.a(lib_a-__call_atexit.o)
                0x20000438                __atexit_recursive_mutex
                0x2000043c                . = ALIGN (0x4)
                0x2000043c                _edata = .
                0x08003b68                _siccmram = LOADADDR (.ccmram)

.igot.plt       0x2000043c        0x0 load address 0x08003b68
 .igot.plt      0x2000043c        0x0 e:/stm32+clion/gcc-arm-none-eabi-9-2020-q2-update-win32/bin/../lib/gcc/arm-none-eabi/9.3.1/thumb/v7e-m/nofp/crtbegin.o

.ccmram         0x10000000        0x0 load address 0x08003b68
                0x10000000                . = ALIGN (0x4)
                0x10000000                _sccmram = .
 *(.ccmram)
 *(.ccmram*)
                0x10000000                . = ALIGN (0x4)
                0x10000000                _eccmram = .
                0x10000000                . = ALIGN (0x4)

.bss            0x2000043c      0x360
                0x2000043c                _sbss = .
                0x2000043c                __bss_start__ = _sbss
 *(.bss)
 .bss           0x2000043c       0x1c e:/stm32+clion/gcc-arm-none-eabi-9-2020-q2-update-win32/bin/../lib/gcc/arm-none-eabi/9.3.1/thumb/v7e-m/nofp/crtbegin.o
 *(.bss*)
 .bss.rc_ctrl   0x20000458       0x16 CMakeFiles/C_Board.elf.dir/APP/remote_control.c.obj
                0x20000458                rc_ctrl
 *fill*         0x2000046e        0x2 
 .bss.sbus_rx_buf
                0x20000470       0x48 CMakeFiles/C_Board.elf.dir/APP/remote_control.c.obj
 .bss.this_time_rx_len.7199
                0x200004b8        0x2 CMakeFiles/C_Board.elf.dir/APP/remote_control.c.obj
 *fill*         0x200004ba        0x2 
 .bss.sConfig.7172
                0x200004bc       0x10 CMakeFiles/C_Board.elf.dir/Board_test/bsp_adc.c.obj
 .bss.exit_flag
                0x200004cc        0x1 CMakeFiles/C_Board.elf.dir/Board_test/bsp_key.c.obj
                0x200004cc                exit_flag
 .bss.rising_falling_flag
                0x200004cd        0x1 CMakeFiles/C_Board.elf.dir/Board_test/bsp_key.c.obj
                0x200004cd                rising_falling_flag
 *fill*         0x200004ce        0x2 
 .bss.hadc1     0x200004d0       0x48 CMakeFiles/C_Board.elf.dir/Core/Src/adc.c.obj
                0x200004d0                hadc1
 .bss.hadc3     0x20000518       0x48 CMakeFiles/C_Board.elf.dir/Core/Src/adc.c.obj
                0x20000518                hadc3
 .bss.hi2c2     0x20000560       0x54 CMakeFiles/C_Board.elf.dir/Core/Src/i2c.c.obj
                0x20000560                hi2c2
 .bss.htim1     0x200005b4       0x40 CMakeFiles/C_Board.elf.dir/Core/Src/tim.c.obj
                0x200005b4                htim1
 .bss.htim4     0x200005f4       0x40 CMakeFiles/C_Board.elf.dir/Core/Src/tim.c.obj
                0x200005f4                htim4
 .bss.hdma_usart1_tx
                0x20000634       0x60 CMakeFiles/C_Board.elf.dir/Core/Src/usart.c.obj
                0x20000634                hdma_usart1_tx
 .bss.hdma_usart3_rx
                0x20000694       0x60 CMakeFiles/C_Board.elf.dir/Core/Src/usart.c.obj
                0x20000694                hdma_usart3_rx
 .bss.huart1    0x200006f4       0x40 CMakeFiles/C_Board.elf.dir/Core/Src/usart.c.obj
                0x200006f4                huart1
 .bss.huart3    0x20000734       0x40 CMakeFiles/C_Board.elf.dir/Core/Src/usart.c.obj
                0x20000734                huart3
 .bss.uwTick    0x20000774        0x4 CMakeFiles/C_Board.elf.dir/Drivers/STM32F4xx_HAL_Driver/Src/stm32f4xx_hal.c.obj
                0x20000774                uwTick
 *(COMMON)
 COMMON         0x20000778       0x21 e:/stm32+clion/gcc-arm-none-eabi-9-2020-q2-update-win32/bin/../lib/gcc/arm-none-eabi/9.3.1/../../../../arm-none-eabi/lib/thumb/v7e-m/nofp\libg.a(lib_a-lock.o)
                0x20000778                __lock___atexit_recursive_mutex
                0x2000077c                __lock___arc4random_mutex
                0x20000780                __lock___env_recursive_mutex
                0x20000784                __lock___sinit_recursive_mutex
                0x20000788                __lock___malloc_recursive_mutex
                0x2000078c                __lock___at_quick_exit_mutex
                0x20000790                __lock___dd_hash_mutex
                0x20000794                __lock___tz_mutex
                0x20000798                __lock___sfp_recursive_mutex
                0x2000079c                . = ALIGN (0x4)
 *fill*         0x20000799        0x3 
                0x2000079c                _ebss = .
                0x2000079c                __bss_end__ = _ebss

._user_heap_stack
                0x2000079c      0x604
                0x200007a0                . = ALIGN (0x8)
 *fill*         0x2000079c        0x4 
                0x200007a0                PROVIDE (end = .)
                [!provide]                PROVIDE (_end = .)
                0x200009a0                . = (. + _Min_Heap_Size)
 *fill*         0x200007a0      0x200 
                0x20000da0                . = (. + _Min_Stack_Size)
 *fill*         0x200009a0      0x400 
                0x20000da0                . = ALIGN (0x8)

/DISCARD/
 libc.a(*)
 libm.a(*)
 libgcc.a(*)

.ARM.attributes
                0x00000000       0x2a
 *(.ARM.attributes)
 .ARM.attributes
                0x00000000       0x1e e:/stm32+clion/gcc-arm-none-eabi-9-2020-q2-update-win32/bin/../lib/gcc/arm-none-eabi/9.3.1/thumb/v7e-m/nofp/crti.o
 .ARM.attributes
                0x0000001e       0x2e e:/stm32+clion/gcc-arm-none-eabi-9-2020-q2-update-win32/bin/../lib/gcc/arm-none-eabi/9.3.1/thumb/v7e-m/nofp/crtbegin.o
 .ARM.attributes
                0x0000004c       0x2e CMakeFiles/C_Board.elf.dir/APP/remote_control.c.obj
 .ARM.attributes
                0x0000007a       0x2e CMakeFiles/C_Board.elf.dir/Board_test/bsp_adc.c.obj
 .ARM.attributes
                0x000000a8       0x2e CMakeFiles/C_Board.elf.dir/Board_test/bsp_key.c.obj
 .ARM.attributes
                0x000000d6       0x2e CMakeFiles/C_Board.elf.dir/Board_test/bsp_rc.c.obj
 .ARM.attributes
                0x00000104       0x2e CMakeFiles/C_Board.elf.dir/Board_test/bsp_usart.c.obj
 .ARM.attributes
                0x00000132       0x2e CMakeFiles/C_Board.elf.dir/Core/Src/adc.c.obj
 .ARM.attributes
                0x00000160       0x2e CMakeFiles/C_Board.elf.dir/Core/Src/dma.c.obj
 .ARM.attributes
                0x0000018e       0x2e CMakeFiles/C_Board.elf.dir/Core/Src/gpio.c.obj
 .ARM.attributes
                0x000001bc       0x2e CMakeFiles/C_Board.elf.dir/Core/Src/i2c.c.obj
 .ARM.attributes
                0x000001ea       0x2e CMakeFiles/C_Board.elf.dir/Core/Src/main.c.obj
 .ARM.attributes
                0x00000218       0x2e CMakeFiles/C_Board.elf.dir/Core/Src/stm32f4xx_hal_msp.c.obj
 .ARM.attributes
                0x00000246       0x2e CMakeFiles/C_Board.elf.dir/Core/Src/stm32f4xx_it.c.obj
 .ARM.attributes
                0x00000274       0x2e CMakeFiles/C_Board.elf.dir/Core/Src/system_stm32f4xx.c.obj
 .ARM.attributes
                0x000002a2       0x2e CMakeFiles/C_Board.elf.dir/Core/Src/tim.c.obj
 .ARM.attributes
                0x000002d0       0x2e CMakeFiles/C_Board.elf.dir/Core/Src/usart.c.obj
 .ARM.attributes
                0x000002fe       0x2e CMakeFiles/C_Board.elf.dir/Drivers/STM32F4xx_HAL_Driver/Src/stm32f4xx_hal.c.obj
 .ARM.attributes
                0x0000032c       0x2e CMakeFiles/C_Board.elf.dir/Drivers/STM32F4xx_HAL_Driver/Src/stm32f4xx_hal_adc.c.obj
 .ARM.attributes
                0x0000035a       0x2e CMakeFiles/C_Board.elf.dir/Drivers/STM32F4xx_HAL_Driver/Src/stm32f4xx_hal_cortex.c.obj
 .ARM.attributes
                0x00000388       0x2e CMakeFiles/C_Board.elf.dir/Drivers/STM32F4xx_HAL_Driver/Src/stm32f4xx_hal_dma.c.obj
 .ARM.attributes
                0x000003b6       0x2e CMakeFiles/C_Board.elf.dir/Drivers/STM32F4xx_HAL_Driver/Src/stm32f4xx_hal_gpio.c.obj
 .ARM.attributes
                0x000003e4       0x2e CMakeFiles/C_Board.elf.dir/Drivers/STM32F4xx_HAL_Driver/Src/stm32f4xx_hal_i2c.c.obj
 .ARM.attributes
                0x00000412       0x2e CMakeFiles/C_Board.elf.dir/Drivers/STM32F4xx_HAL_Driver/Src/stm32f4xx_hal_rcc.c.obj
 .ARM.attributes
                0x00000440       0x2e CMakeFiles/C_Board.elf.dir/Drivers/STM32F4xx_HAL_Driver/Src/stm32f4xx_hal_tim.c.obj
 .ARM.attributes
                0x0000046e       0x2e CMakeFiles/C_Board.elf.dir/Drivers/STM32F4xx_HAL_Driver/Src/stm32f4xx_hal_tim_ex.c.obj
 .ARM.attributes
                0x0000049c       0x2e CMakeFiles/C_Board.elf.dir/Drivers/STM32F4xx_HAL_Driver/Src/stm32f4xx_hal_uart.c.obj
 .ARM.attributes
                0x000004ca       0x21 CMakeFiles/C_Board.elf.dir/startup/startup_stm32f407xx.s.obj
 .ARM.attributes
                0x000004eb       0x1e e:/stm32+clion/gcc-arm-none-eabi-9-2020-q2-update-win32/bin/../lib/gcc/arm-none-eabi/9.3.1/thumb/v7e-m/nofp\libgcc.a(_arm_addsubsf3.o)
 .ARM.attributes
                0x00000509       0x1e e:/stm32+clion/gcc-arm-none-eabi-9-2020-q2-update-win32/bin/../lib/gcc/arm-none-eabi/9.3.1/thumb/v7e-m/nofp\libgcc.a(_arm_muldivsf3.o)
 .ARM.attributes
                0x00000527       0x1e e:/stm32+clion/gcc-arm-none-eabi-9-2020-q2-update-win32/bin/../lib/gcc/arm-none-eabi/9.3.1/thumb/v7e-m/nofp\libgcc.a(_aeabi_uldivmod.o)
 .ARM.attributes
                0x00000545       0x2e e:/stm32+clion/gcc-arm-none-eabi-9-2020-q2-update-win32/bin/../lib/gcc/arm-none-eabi/9.3.1/thumb/v7e-m/nofp\libgcc.a(_udivmoddi4.o)
 .ARM.attributes
                0x00000573       0x1e e:/stm32+clion/gcc-arm-none-eabi-9-2020-q2-update-win32/bin/../lib/gcc/arm-none-eabi/9.3.1/thumb/v7e-m/nofp\libgcc.a(_dvmd_tls.o)
 .ARM.attributes
                0x00000591       0x2e e:/stm32+clion/gcc-arm-none-eabi-9-2020-q2-update-win32/bin/../lib/gcc/arm-none-eabi/9.3.1/../../../../arm-none-eabi/lib/thumb/v7e-m/nofp\libg.a(lib_a-impure.o)
 .ARM.attributes
                0x000005bf       0x2e e:/stm32+clion/gcc-arm-none-eabi-9-2020-q2-update-win32/bin/../lib/gcc/arm-none-eabi/9.3.1/../../../../arm-none-eabi/lib/thumb/v7e-m/nofp\libg.a(lib_a-init.o)
 .ARM.attributes
                0x000005ed       0x2e e:/stm32+clion/gcc-arm-none-eabi-9-2020-q2-update-win32/bin/../lib/gcc/arm-none-eabi/9.3.1/../../../../arm-none-eabi/lib/thumb/v7e-m/nofp\libg.a(lib_a-memset.o)
 .ARM.attributes
                0x0000061b       0x2e e:/stm32+clion/gcc-arm-none-eabi-9-2020-q2-update-win32/bin/../lib/gcc/arm-none-eabi/9.3.1/../../../../arm-none-eabi/lib/thumb/v7e-m/nofp\libg.a(lib_a-__call_atexit.o)
 .ARM.attributes
                0x00000649       0x2e e:/stm32+clion/gcc-arm-none-eabi-9-2020-q2-update-win32/bin/../lib/gcc/arm-none-eabi/9.3.1/../../../../arm-none-eabi/lib/thumb/v7e-m/nofp\libg.a(lib_a-atexit.o)
 .ARM.attributes
                0x00000677       0x2e e:/stm32+clion/gcc-arm-none-eabi-9-2020-q2-update-win32/bin/../lib/gcc/arm-none-eabi/9.3.1/../../../../arm-none-eabi/lib/thumb/v7e-m/nofp\libg.a(lib_a-fini.o)
 .ARM.attributes
                0x000006a5       0x2e e:/stm32+clion/gcc-arm-none-eabi-9-2020-q2-update-win32/bin/../lib/gcc/arm-none-eabi/9.3.1/../../../../arm-none-eabi/lib/thumb/v7e-m/nofp\libg.a(lib_a-lock.o)
 .ARM.attributes
                0x000006d3       0x2e e:/stm32+clion/gcc-arm-none-eabi-9-2020-q2-update-win32/bin/../lib/gcc/arm-none-eabi/9.3.1/../../../../arm-none-eabi/lib/thumb/v7e-m/nofp\libg.a(lib_a-__atexit.o)
 .ARM.attributes
                0x00000701       0x1e e:/stm32+clion/gcc-arm-none-eabi-9-2020-q2-update-win32/bin/../lib/gcc/arm-none-eabi/9.3.1/thumb/v7e-m/nofp/crtn.o
OUTPUT(C_Board.elf elf32-littlearm)
LOAD linker stubs
LOAD e:/stm32+clion/gcc-arm-none-eabi-9-2020-q2-update-win32/bin/../lib/gcc/arm-none-eabi/9.3.1/../../../../arm-none-eabi/lib/thumb/v7e-m/nofp\libc.a
LOAD e:/stm32+clion/gcc-arm-none-eabi-9-2020-q2-update-win32/bin/../lib/gcc/arm-none-eabi/9.3.1/../../../../arm-none-eabi/lib/thumb/v7e-m/nofp\libm.a
LOAD e:/stm32+clion/gcc-arm-none-eabi-9-2020-q2-update-win32/bin/../lib/gcc/arm-none-eabi/9.3.1/thumb/v7e-m/nofp\libgcc.a

.debug_info     0x00000000    0x17c7c
 .debug_info    0x00000000      0x8d6 CMakeFiles/C_Board.elf.dir/APP/remote_control.c.obj
 .debug_info    0x000008d6      0x918 CMakeFiles/C_Board.elf.dir/Board_test/bsp_adc.c.obj
 .debug_info    0x000011ee      0x392 CMakeFiles/C_Board.elf.dir/Board_test/bsp_key.c.obj
 .debug_info    0x00001580      0x67c CMakeFiles/C_Board.elf.dir/Board_test/bsp_rc.c.obj
 .debug_info    0x00001bfc      0x6ce CMakeFiles/C_Board.elf.dir/Board_test/bsp_usart.c.obj
 .debug_info    0x000022ca      0xbf6 CMakeFiles/C_Board.elf.dir/Core/Src/adc.c.obj
 .debug_info    0x00002ec0      0x639 CMakeFiles/C_Board.elf.dir/Core/Src/dma.c.obj
 .debug_info    0x000034f9      0x82d CMakeFiles/C_Board.elf.dir/Core/Src/gpio.c.obj
 .debug_info    0x00003d26      0xb24 CMakeFiles/C_Board.elf.dir/Core/Src/i2c.c.obj
 .debug_info    0x0000484a     0x14ea CMakeFiles/C_Board.elf.dir/Core/Src/main.c.obj
 .debug_info    0x00005d34      0x390 CMakeFiles/C_Board.elf.dir/Core/Src/stm32f4xx_hal_msp.c.obj
 .debug_info    0x000060c4      0xa9a CMakeFiles/C_Board.elf.dir/Core/Src/stm32f4xx_it.c.obj
 .debug_info    0x00006b5e      0x5b9 CMakeFiles/C_Board.elf.dir/Core/Src/system_stm32f4xx.c.obj
 .debug_info    0x00007117     0x105a CMakeFiles/C_Board.elf.dir/Core/Src/tim.c.obj
 .debug_info    0x00008171      0xeae CMakeFiles/C_Board.elf.dir/Core/Src/usart.c.obj
 .debug_info    0x0000901f      0xa79 CMakeFiles/C_Board.elf.dir/Drivers/STM32F4xx_HAL_Driver/Src/stm32f4xx_hal.c.obj
 .debug_info    0x00009a98      0xf7f CMakeFiles/C_Board.elf.dir/Drivers/STM32F4xx_HAL_Driver/Src/stm32f4xx_hal_adc.c.obj
 .debug_info    0x0000aa17     0x1154 CMakeFiles/C_Board.elf.dir/Drivers/STM32F4xx_HAL_Driver/Src/stm32f4xx_hal_cortex.c.obj
 .debug_info    0x0000bb6b      0xbed CMakeFiles/C_Board.elf.dir/Drivers/STM32F4xx_HAL_Driver/Src/stm32f4xx_hal_dma.c.obj
 .debug_info    0x0000c758      0x86f CMakeFiles/C_Board.elf.dir/Drivers/STM32F4xx_HAL_Driver/Src/stm32f4xx_hal_gpio.c.obj
 .debug_info    0x0000cfc7     0x39d9 CMakeFiles/C_Board.elf.dir/Drivers/STM32F4xx_HAL_Driver/Src/stm32f4xx_hal_i2c.c.obj
 .debug_info    0x000109a0      0xb5d CMakeFiles/C_Board.elf.dir/Drivers/STM32F4xx_HAL_Driver/Src/stm32f4xx_hal_rcc.c.obj
 .debug_info    0x000114fd     0x36b9 CMakeFiles/C_Board.elf.dir/Drivers/STM32F4xx_HAL_Driver/Src/stm32f4xx_hal_tim.c.obj
 .debug_info    0x00014bb6     0x16f7 CMakeFiles/C_Board.elf.dir/Drivers/STM32F4xx_HAL_Driver/Src/stm32f4xx_hal_tim_ex.c.obj
 .debug_info    0x000162ad     0x19ad CMakeFiles/C_Board.elf.dir/Drivers/STM32F4xx_HAL_Driver/Src/stm32f4xx_hal_uart.c.obj
 .debug_info    0x00017c5a       0x22 CMakeFiles/C_Board.elf.dir/startup/startup_stm32f407xx.s.obj

.debug_abbrev   0x00000000     0x341d
 .debug_abbrev  0x00000000      0x22c CMakeFiles/C_Board.elf.dir/APP/remote_control.c.obj
 .debug_abbrev  0x0000022c      0x25c CMakeFiles/C_Board.elf.dir/Board_test/bsp_adc.c.obj
 .debug_abbrev  0x00000488      0x160 CMakeFiles/C_Board.elf.dir/Board_test/bsp_key.c.obj
 .debug_abbrev  0x000005e8      0x16b CMakeFiles/C_Board.elf.dir/Board_test/bsp_rc.c.obj
 .debug_abbrev  0x00000753      0x184 CMakeFiles/C_Board.elf.dir/Board_test/bsp_usart.c.obj
 .debug_abbrev  0x000008d7      0x1ed CMakeFiles/C_Board.elf.dir/Core/Src/adc.c.obj
 .debug_abbrev  0x00000ac4      0x153 CMakeFiles/C_Board.elf.dir/Core/Src/dma.c.obj
 .debug_abbrev  0x00000c17      0x197 CMakeFiles/C_Board.elf.dir/Core/Src/gpio.c.obj
 .debug_abbrev  0x00000dae      0x1ed CMakeFiles/C_Board.elf.dir/Core/Src/i2c.c.obj
 .debug_abbrev  0x00000f9b      0x244 CMakeFiles/C_Board.elf.dir/Core/Src/main.c.obj
 .debug_abbrev  0x000011df      0x11a CMakeFiles/C_Board.elf.dir/Core/Src/stm32f4xx_hal_msp.c.obj
 .debug_abbrev  0x000012f9      0x1d9 CMakeFiles/C_Board.elf.dir/Core/Src/stm32f4xx_it.c.obj
 .debug_abbrev  0x000014d2      0x148 CMakeFiles/C_Board.elf.dir/Core/Src/system_stm32f4xx.c.obj
 .debug_abbrev  0x0000161a      0x209 CMakeFiles/C_Board.elf.dir/Core/Src/tim.c.obj
 .debug_abbrev  0x00001823      0x209 CMakeFiles/C_Board.elf.dir/Core/Src/usart.c.obj
 .debug_abbrev  0x00001a2c      0x219 CMakeFiles/C_Board.elf.dir/Drivers/STM32F4xx_HAL_Driver/Src/stm32f4xx_hal.c.obj
 .debug_abbrev  0x00001c45      0x266 CMakeFiles/C_Board.elf.dir/Drivers/STM32F4xx_HAL_Driver/Src/stm32f4xx_hal_adc.c.obj
 .debug_abbrev  0x00001eab      0x390 CMakeFiles/C_Board.elf.dir/Drivers/STM32F4xx_HAL_Driver/Src/stm32f4xx_hal_cortex.c.obj
 .debug_abbrev  0x0000223b      0x2d5 CMakeFiles/C_Board.elf.dir/Drivers/STM32F4xx_HAL_Driver/Src/stm32f4xx_hal_dma.c.obj
 .debug_abbrev  0x00002510      0x21c CMakeFiles/C_Board.elf.dir/Drivers/STM32F4xx_HAL_Driver/Src/stm32f4xx_hal_gpio.c.obj
 .debug_abbrev  0x0000272c      0x2ab CMakeFiles/C_Board.elf.dir/Drivers/STM32F4xx_HAL_Driver/Src/stm32f4xx_hal_i2c.c.obj
 .debug_abbrev  0x000029d7      0x2ae CMakeFiles/C_Board.elf.dir/Drivers/STM32F4xx_HAL_Driver/Src/stm32f4xx_hal_rcc.c.obj
 .debug_abbrev  0x00002c85      0x258 CMakeFiles/C_Board.elf.dir/Drivers/STM32F4xx_HAL_Driver/Src/stm32f4xx_hal_tim.c.obj
 .debug_abbrev  0x00002edd      0x26e CMakeFiles/C_Board.elf.dir/Drivers/STM32F4xx_HAL_Driver/Src/stm32f4xx_hal_tim_ex.c.obj
 .debug_abbrev  0x0000314b      0x2c0 CMakeFiles/C_Board.elf.dir/Drivers/STM32F4xx_HAL_Driver/Src/stm32f4xx_hal_uart.c.obj
 .debug_abbrev  0x0000340b       0x12 CMakeFiles/C_Board.elf.dir/startup/startup_stm32f407xx.s.obj

.debug_loc      0x00000000     0xd357
 .debug_loc     0x00000000       0x3f CMakeFiles/C_Board.elf.dir/APP/remote_control.c.obj
 .debug_loc     0x0000003f      0x128 CMakeFiles/C_Board.elf.dir/Board_test/bsp_adc.c.obj
 .debug_loc     0x00000167       0x42 CMakeFiles/C_Board.elf.dir/Board_test/bsp_key.c.obj
 .debug_loc     0x000001a9       0x25 CMakeFiles/C_Board.elf.dir/Board_test/bsp_rc.c.obj
 .debug_loc     0x000001ce       0x84 CMakeFiles/C_Board.elf.dir/Core/Src/adc.c.obj
 .debug_loc     0x00000252       0x67 CMakeFiles/C_Board.elf.dir/Core/Src/i2c.c.obj
 .debug_loc     0x000002b9      0x16c CMakeFiles/C_Board.elf.dir/Core/Src/system_stm32f4xx.c.obj
 .debug_loc     0x00000425       0xe0 CMakeFiles/C_Board.elf.dir/Core/Src/tim.c.obj
 .debug_loc     0x00000505       0xac CMakeFiles/C_Board.elf.dir/Core/Src/usart.c.obj
 .debug_loc     0x000005b1      0x141 CMakeFiles/C_Board.elf.dir/Drivers/STM32F4xx_HAL_Driver/Src/stm32f4xx_hal.c.obj
 .debug_loc     0x000006f2      0xb16 CMakeFiles/C_Board.elf.dir/Drivers/STM32F4xx_HAL_Driver/Src/stm32f4xx_hal_adc.c.obj
 .debug_loc     0x00001208      0x744 CMakeFiles/C_Board.elf.dir/Drivers/STM32F4xx_HAL_Driver/Src/stm32f4xx_hal_cortex.c.obj
 .debug_loc     0x0000194c      0xbf9 CMakeFiles/C_Board.elf.dir/Drivers/STM32F4xx_HAL_Driver/Src/stm32f4xx_hal_dma.c.obj
 .debug_loc     0x00002545      0x4ff CMakeFiles/C_Board.elf.dir/Drivers/STM32F4xx_HAL_Driver/Src/stm32f4xx_hal_gpio.c.obj
 .debug_loc     0x00002a44     0x3eed CMakeFiles/C_Board.elf.dir/Drivers/STM32F4xx_HAL_Driver/Src/stm32f4xx_hal_i2c.c.obj
 .debug_loc     0x00006931      0x56f CMakeFiles/C_Board.elf.dir/Drivers/STM32F4xx_HAL_Driver/Src/stm32f4xx_hal_rcc.c.obj
 .debug_loc     0x00006ea0     0x3a8e CMakeFiles/C_Board.elf.dir/Drivers/STM32F4xx_HAL_Driver/Src/stm32f4xx_hal_tim.c.obj
 .debug_loc     0x0000a92e     0x1164 CMakeFiles/C_Board.elf.dir/Drivers/STM32F4xx_HAL_Driver/Src/stm32f4xx_hal_tim_ex.c.obj
 .debug_loc     0x0000ba92     0x18c5 CMakeFiles/C_Board.elf.dir/Drivers/STM32F4xx_HAL_Driver/Src/stm32f4xx_hal_uart.c.obj

.debug_aranges  0x00000000     0x1080
 .debug_aranges
                0x00000000       0x38 CMakeFiles/C_Board.elf.dir/APP/remote_control.c.obj
 .debug_aranges
                0x00000038       0x38 CMakeFiles/C_Board.elf.dir/Board_test/bsp_adc.c.obj
 .debug_aranges
                0x00000070       0x28 CMakeFiles/C_Board.elf.dir/Board_test/bsp_key.c.obj
 .debug_aranges
                0x00000098       0x20 CMakeFiles/C_Board.elf.dir/Board_test/bsp_rc.c.obj
 .debug_aranges
                0x000000b8       0x28 CMakeFiles/C_Board.elf.dir/Board_test/bsp_usart.c.obj
 .debug_aranges
                0x000000e0       0x38 CMakeFiles/C_Board.elf.dir/Core/Src/adc.c.obj
 .debug_aranges
                0x00000118       0x20 CMakeFiles/C_Board.elf.dir/Core/Src/dma.c.obj
 .debug_aranges
                0x00000138       0x20 CMakeFiles/C_Board.elf.dir/Core/Src/gpio.c.obj
 .debug_aranges
                0x00000158       0x30 CMakeFiles/C_Board.elf.dir/Core/Src/i2c.c.obj
 .debug_aranges
                0x00000188       0x30 CMakeFiles/C_Board.elf.dir/Core/Src/main.c.obj
 .debug_aranges
                0x000001b8       0x20 CMakeFiles/C_Board.elf.dir/Core/Src/stm32f4xx_hal_msp.c.obj
 .debug_aranges
                0x000001d8       0x88 CMakeFiles/C_Board.elf.dir/Core/Src/stm32f4xx_it.c.obj
 .debug_aranges
                0x00000260       0x28 CMakeFiles/C_Board.elf.dir/Core/Src/system_stm32f4xx.c.obj
 .debug_aranges
                0x00000288       0x40 CMakeFiles/C_Board.elf.dir/Core/Src/tim.c.obj
 .debug_aranges
                0x000002c8       0x38 CMakeFiles/C_Board.elf.dir/Core/Src/usart.c.obj
 .debug_aranges
                0x00000300       0xf0 CMakeFiles/C_Board.elf.dir/Drivers/STM32F4xx_HAL_Driver/Src/stm32f4xx_hal.c.obj
 .debug_aranges
                0x000003f0       0xe8 CMakeFiles/C_Board.elf.dir/Drivers/STM32F4xx_HAL_Driver/Src/stm32f4xx_hal_adc.c.obj
 .debug_aranges
                0x000004d8       0xa8 CMakeFiles/C_Board.elf.dir/Drivers/STM32F4xx_HAL_Driver/Src/stm32f4xx_hal_cortex.c.obj
 .debug_aranges
                0x00000580       0x90 CMakeFiles/C_Board.elf.dir/Drivers/STM32F4xx_HAL_Driver/Src/stm32f4xx_hal_dma.c.obj
 .debug_aranges
                0x00000610       0x58 CMakeFiles/C_Board.elf.dir/Drivers/STM32F4xx_HAL_Driver/Src/stm32f4xx_hal_gpio.c.obj
 .debug_aranges
                0x00000668      0x2a0 CMakeFiles/C_Board.elf.dir/Drivers/STM32F4xx_HAL_Driver/Src/stm32f4xx_hal_i2c.c.obj
 .debug_aranges
                0x00000908       0x88 CMakeFiles/C_Board.elf.dir/Drivers/STM32F4xx_HAL_Driver/Src/stm32f4xx_hal_rcc.c.obj
 .debug_aranges
                0x00000990      0x3a8 CMakeFiles/C_Board.elf.dir/Drivers/STM32F4xx_HAL_Driver/Src/stm32f4xx_hal_tim.c.obj
 .debug_aranges
                0x00000d38      0x150 CMakeFiles/C_Board.elf.dir/Drivers/STM32F4xx_HAL_Driver/Src/stm32f4xx_hal_tim_ex.c.obj
 .debug_aranges
                0x00000e88      0x1d0 CMakeFiles/C_Board.elf.dir/Drivers/STM32F4xx_HAL_Driver/Src/stm32f4xx_hal_uart.c.obj
 .debug_aranges
                0x00001058       0x28 CMakeFiles/C_Board.elf.dir/startup/startup_stm32f407xx.s.obj

.debug_ranges   0x00000000      0xf78
 .debug_ranges  0x00000000       0x28 CMakeFiles/C_Board.elf.dir/APP/remote_control.c.obj
 .debug_ranges  0x00000028       0x28 CMakeFiles/C_Board.elf.dir/Board_test/bsp_adc.c.obj
 .debug_ranges  0x00000050       0x18 CMakeFiles/C_Board.elf.dir/Board_test/bsp_key.c.obj
 .debug_ranges  0x00000068       0x10 CMakeFiles/C_Board.elf.dir/Board_test/bsp_rc.c.obj
 .debug_ranges  0x00000078       0x18 CMakeFiles/C_Board.elf.dir/Board_test/bsp_usart.c.obj
 .debug_ranges  0x00000090       0x28 CMakeFiles/C_Board.elf.dir/Core/Src/adc.c.obj
 .debug_ranges  0x000000b8       0x10 CMakeFiles/C_Board.elf.dir/Core/Src/dma.c.obj
 .debug_ranges  0x000000c8       0x10 CMakeFiles/C_Board.elf.dir/Core/Src/gpio.c.obj
 .debug_ranges  0x000000d8       0x20 CMakeFiles/C_Board.elf.dir/Core/Src/i2c.c.obj
 .debug_ranges  0x000000f8       0x20 CMakeFiles/C_Board.elf.dir/Core/Src/main.c.obj
 .debug_ranges  0x00000118       0x10 CMakeFiles/C_Board.elf.dir/Core/Src/stm32f4xx_hal_msp.c.obj
 .debug_ranges  0x00000128       0x78 CMakeFiles/C_Board.elf.dir/Core/Src/stm32f4xx_it.c.obj
 .debug_ranges  0x000001a0       0x18 CMakeFiles/C_Board.elf.dir/Core/Src/system_stm32f4xx.c.obj
 .debug_ranges  0x000001b8       0x30 CMakeFiles/C_Board.elf.dir/Core/Src/tim.c.obj
 .debug_ranges  0x000001e8       0x28 CMakeFiles/C_Board.elf.dir/Core/Src/usart.c.obj
 .debug_ranges  0x00000210       0xe0 CMakeFiles/C_Board.elf.dir/Drivers/STM32F4xx_HAL_Driver/Src/stm32f4xx_hal.c.obj
 .debug_ranges  0x000002f0       0xd8 CMakeFiles/C_Board.elf.dir/Drivers/STM32F4xx_HAL_Driver/Src/stm32f4xx_hal_adc.c.obj
 .debug_ranges  0x000003c8       0xf8 CMakeFiles/C_Board.elf.dir/Drivers/STM32F4xx_HAL_Driver/Src/stm32f4xx_hal_cortex.c.obj
 .debug_ranges  0x000004c0       0x80 CMakeFiles/C_Board.elf.dir/Drivers/STM32F4xx_HAL_Driver/Src/stm32f4xx_hal_dma.c.obj
 .debug_ranges  0x00000540       0x48 CMakeFiles/C_Board.elf.dir/Drivers/STM32F4xx_HAL_Driver/Src/stm32f4xx_hal_gpio.c.obj
 .debug_ranges  0x00000588      0x2a8 CMakeFiles/C_Board.elf.dir/Drivers/STM32F4xx_HAL_Driver/Src/stm32f4xx_hal_i2c.c.obj
 .debug_ranges  0x00000830       0x90 CMakeFiles/C_Board.elf.dir/Drivers/STM32F4xx_HAL_Driver/Src/stm32f4xx_hal_rcc.c.obj
 .debug_ranges  0x000008c0      0x398 CMakeFiles/C_Board.elf.dir/Drivers/STM32F4xx_HAL_Driver/Src/stm32f4xx_hal_tim.c.obj
 .debug_ranges  0x00000c58      0x140 CMakeFiles/C_Board.elf.dir/Drivers/STM32F4xx_HAL_Driver/Src/stm32f4xx_hal_tim_ex.c.obj
 .debug_ranges  0x00000d98      0x1c0 CMakeFiles/C_Board.elf.dir/Drivers/STM32F4xx_HAL_Driver/Src/stm32f4xx_hal_uart.c.obj
 .debug_ranges  0x00000f58       0x20 CMakeFiles/C_Board.elf.dir/startup/startup_stm32f407xx.s.obj

.debug_line     0x00000000    0x1311c
 .debug_line    0x00000000      0x4c0 CMakeFiles/C_Board.elf.dir/APP/remote_control.c.obj
 .debug_line    0x000004c0      0x3cf CMakeFiles/C_Board.elf.dir/Board_test/bsp_adc.c.obj
 .debug_line    0x0000088f      0x30a CMakeFiles/C_Board.elf.dir/Board_test/bsp_key.c.obj
 .debug_line    0x00000b99      0x2c0 CMakeFiles/C_Board.elf.dir/Board_test/bsp_rc.c.obj
 .debug_line    0x00000e59      0x30d CMakeFiles/C_Board.elf.dir/Board_test/bsp_usart.c.obj
 .debug_line    0x00001166      0x4c7 CMakeFiles/C_Board.elf.dir/Core/Src/adc.c.obj
 .debug_line    0x0000162d      0x24e CMakeFiles/C_Board.elf.dir/Core/Src/dma.c.obj
 .debug_line    0x0000187b      0x2c0 CMakeFiles/C_Board.elf.dir/Core/Src/gpio.c.obj
 .debug_line    0x00001b3b      0x3a7 CMakeFiles/C_Board.elf.dir/Core/Src/i2c.c.obj
 .debug_line    0x00001ee2      0x4ca CMakeFiles/C_Board.elf.dir/Core/Src/main.c.obj
 .debug_line    0x000023ac      0x23f CMakeFiles/C_Board.elf.dir/Core/Src/stm32f4xx_hal_msp.c.obj
 .debug_line    0x000025eb      0x401 CMakeFiles/C_Board.elf.dir/Core/Src/stm32f4xx_it.c.obj
 .debug_line    0x000029ec      0x2fc CMakeFiles/C_Board.elf.dir/Core/Src/system_stm32f4xx.c.obj
 .debug_line    0x00002ce8      0x53c CMakeFiles/C_Board.elf.dir/Core/Src/tim.c.obj
 .debug_line    0x00003224      0x554 CMakeFiles/C_Board.elf.dir/Core/Src/usart.c.obj
 .debug_line    0x00003778      0x5db CMakeFiles/C_Board.elf.dir/Drivers/STM32F4xx_HAL_Driver/Src/stm32f4xx_hal.c.obj
 .debug_line    0x00003d53     0x10f9 CMakeFiles/C_Board.elf.dir/Drivers/STM32F4xx_HAL_Driver/Src/stm32f4xx_hal_adc.c.obj
 .debug_line    0x00004e4c      0x818 CMakeFiles/C_Board.elf.dir/Drivers/STM32F4xx_HAL_Driver/Src/stm32f4xx_hal_cortex.c.obj
 .debug_line    0x00005664      0xe9d CMakeFiles/C_Board.elf.dir/Drivers/STM32F4xx_HAL_Driver/Src/stm32f4xx_hal_dma.c.obj
 .debug_line    0x00006501      0x79f CMakeFiles/C_Board.elf.dir/Drivers/STM32F4xx_HAL_Driver/Src/stm32f4xx_hal_gpio.c.obj
 .debug_line    0x00006ca0     0x51b7 CMakeFiles/C_Board.elf.dir/Drivers/STM32F4xx_HAL_Driver/Src/stm32f4xx_hal_i2c.c.obj
 .debug_line    0x0000be57      0xbaa CMakeFiles/C_Board.elf.dir/Drivers/STM32F4xx_HAL_Driver/Src/stm32f4xx_hal_rcc.c.obj
 .debug_line    0x0000ca01     0x373d CMakeFiles/C_Board.elf.dir/Drivers/STM32F4xx_HAL_Driver/Src/stm32f4xx_hal_tim.c.obj
 .debug_line    0x0001013e     0x1269 CMakeFiles/C_Board.elf.dir/Drivers/STM32F4xx_HAL_Driver/Src/stm32f4xx_hal_tim_ex.c.obj
 .debug_line    0x000113a7     0x1cdf CMakeFiles/C_Board.elf.dir/Drivers/STM32F4xx_HAL_Driver/Src/stm32f4xx_hal_uart.c.obj
 .debug_line    0x00013086       0x96 CMakeFiles/C_Board.elf.dir/startup/startup_stm32f407xx.s.obj

.debug_str      0x00000000     0x4db9
 .debug_str     0x00000000      0x6bb CMakeFiles/C_Board.elf.dir/APP/remote_control.c.obj
                                0x77b (size before relaxing)
 .debug_str     0x000006bb      0x301 CMakeFiles/C_Board.elf.dir/Board_test/bsp_adc.c.obj
                                0x7e0 (size before relaxing)
 .debug_str     0x000009bc      0x10f CMakeFiles/C_Board.elf.dir/Board_test/bsp_key.c.obj
                                0x38e (size before relaxing)
 .debug_str     0x00000acb       0x4b CMakeFiles/C_Board.elf.dir/Board_test/bsp_rc.c.obj
                                0x6e4 (size before relaxing)
 .debug_str     0x00000b16       0x97 CMakeFiles/C_Board.elf.dir/Board_test/bsp_usart.c.obj
                                0x712 (size before relaxing)
 .debug_str     0x00000bad      0x1c2 CMakeFiles/C_Board.elf.dir/Core/Src/adc.c.obj
                                0x8ed (size before relaxing)
 .debug_str     0x00000d6f      0x54c CMakeFiles/C_Board.elf.dir/Core/Src/dma.c.obj
                                0x8c2 (size before relaxing)
 .debug_str     0x000012bb       0x4a CMakeFiles/C_Board.elf.dir/Core/Src/gpio.c.obj
                                0x981 (size before relaxing)
 .debug_str     0x00001305      0x2c8 CMakeFiles/C_Board.elf.dir/Core/Src/i2c.c.obj
                                0x985 (size before relaxing)
 .debug_str     0x000015cd      0x3c7 CMakeFiles/C_Board.elf.dir/Core/Src/main.c.obj
                               0x1080 (size before relaxing)
 .debug_str     0x00001994       0x44 CMakeFiles/C_Board.elf.dir/Core/Src/stm32f4xx_hal_msp.c.obj
                                0x3ba (size before relaxing)
 .debug_str     0x000019d8      0x18e CMakeFiles/C_Board.elf.dir/Core/Src/stm32f4xx_it.c.obj
                                0xa16 (size before relaxing)
 .debug_str     0x00001b66       0xc7 CMakeFiles/C_Board.elf.dir/Core/Src/system_stm32f4xx.c.obj
                                0x436 (size before relaxing)
 .debug_str     0x00001c2d      0x207 CMakeFiles/C_Board.elf.dir/Core/Src/tim.c.obj
                                0xfb1 (size before relaxing)
 .debug_str     0x00001e34       0x85 CMakeFiles/C_Board.elf.dir/Core/Src/usart.c.obj
                                0xe43 (size before relaxing)
 .debug_str     0x00001eb9      0x2df CMakeFiles/C_Board.elf.dir/Drivers/STM32F4xx_HAL_Driver/Src/stm32f4xx_hal.c.obj
                                0xbc8 (size before relaxing)
 .debug_str     0x00002198      0x2a0 CMakeFiles/C_Board.elf.dir/Drivers/STM32F4xx_HAL_Driver/Src/stm32f4xx_hal_adc.c.obj
                                0xa30 (size before relaxing)
 .debug_str     0x00002438      0x43e CMakeFiles/C_Board.elf.dir/Drivers/STM32F4xx_HAL_Driver/Src/stm32f4xx_hal_cortex.c.obj
                                0xd07 (size before relaxing)
 .debug_str     0x00002876      0x2d9 CMakeFiles/C_Board.elf.dir/Drivers/STM32F4xx_HAL_Driver/Src/stm32f4xx_hal_dma.c.obj
                                0x853 (size before relaxing)
 .debug_str     0x00002b4f       0xf6 CMakeFiles/C_Board.elf.dir/Drivers/STM32F4xx_HAL_Driver/Src/stm32f4xx_hal_gpio.c.obj
                                0x5cd (size before relaxing)
 .debug_str     0x00002c45      0x8b7 CMakeFiles/C_Board.elf.dir/Drivers/STM32F4xx_HAL_Driver/Src/stm32f4xx_hal_i2c.c.obj
                               0x110d (size before relaxing)
 .debug_str     0x000034fc      0x18b CMakeFiles/C_Board.elf.dir/Drivers/STM32F4xx_HAL_Driver/Src/stm32f4xx_hal_rcc.c.obj
                                0x7ab (size before relaxing)
 .debug_str     0x00003687      0xcf8 CMakeFiles/C_Board.elf.dir/Drivers/STM32F4xx_HAL_Driver/Src/stm32f4xx_hal_tim.c.obj
                               0x15aa (size before relaxing)
 .debug_str     0x0000437f      0x4f0 CMakeFiles/C_Board.elf.dir/Drivers/STM32F4xx_HAL_Driver/Src/stm32f4xx_hal_tim_ex.c.obj
                                0xdc2 (size before relaxing)
 .debug_str     0x0000486f      0x503 CMakeFiles/C_Board.elf.dir/Drivers/STM32F4xx_HAL_Driver/Src/stm32f4xx_hal_uart.c.obj
                                0xd0e (size before relaxing)
 .debug_str     0x00004d72       0x47 CMakeFiles/C_Board.elf.dir/startup/startup_stm32f407xx.s.obj
                                 0x74 (size before relaxing)

.comment        0x00000000       0x4c
 .comment       0x00000000       0x4c CMakeFiles/C_Board.elf.dir/APP/remote_control.c.obj
                                 0x4d (size before relaxing)
 .comment       0x0000004c       0x4d CMakeFiles/C_Board.elf.dir/Board_test/bsp_adc.c.obj
 .comment       0x0000004c       0x4d CMakeFiles/C_Board.elf.dir/Board_test/bsp_key.c.obj
 .comment       0x0000004c       0x4d CMakeFiles/C_Board.elf.dir/Board_test/bsp_rc.c.obj
 .comment       0x0000004c       0x4d CMakeFiles/C_Board.elf.dir/Board_test/bsp_usart.c.obj
 .comment       0x0000004c       0x4d CMakeFiles/C_Board.elf.dir/Core/Src/adc.c.obj
 .comment       0x0000004c       0x4d CMakeFiles/C_Board.elf.dir/Core/Src/dma.c.obj
 .comment       0x0000004c       0x4d CMakeFiles/C_Board.elf.dir/Core/Src/gpio.c.obj
 .comment       0x0000004c       0x4d CMakeFiles/C_Board.elf.dir/Core/Src/i2c.c.obj
 .comment       0x0000004c       0x4d CMakeFiles/C_Board.elf.dir/Core/Src/main.c.obj
 .comment       0x0000004c       0x4d CMakeFiles/C_Board.elf.dir/Core/Src/stm32f4xx_hal_msp.c.obj
 .comment       0x0000004c       0x4d CMakeFiles/C_Board.elf.dir/Core/Src/stm32f4xx_it.c.obj
 .comment       0x0000004c       0x4d CMakeFiles/C_Board.elf.dir/Core/Src/system_stm32f4xx.c.obj
 .comment       0x0000004c       0x4d CMakeFiles/C_Board.elf.dir/Core/Src/tim.c.obj
 .comment       0x0000004c       0x4d CMakeFiles/C_Board.elf.dir/Core/Src/usart.c.obj
 .comment       0x0000004c       0x4d CMakeFiles/C_Board.elf.dir/Drivers/STM32F4xx_HAL_Driver/Src/stm32f4xx_hal.c.obj
 .comment       0x0000004c       0x4d CMakeFiles/C_Board.elf.dir/Drivers/STM32F4xx_HAL_Driver/Src/stm32f4xx_hal_adc.c.obj
 .comment       0x0000004c       0x4d CMakeFiles/C_Board.elf.dir/Drivers/STM32F4xx_HAL_Driver/Src/stm32f4xx_hal_cortex.c.obj
 .comment       0x0000004c       0x4d CMakeFiles/C_Board.elf.dir/Drivers/STM32F4xx_HAL_Driver/Src/stm32f4xx_hal_dma.c.obj
 .comment       0x0000004c       0x4d CMakeFiles/C_Board.elf.dir/Drivers/STM32F4xx_HAL_Driver/Src/stm32f4xx_hal_gpio.c.obj
 .comment       0x0000004c       0x4d CMakeFiles/C_Board.elf.dir/Drivers/STM32F4xx_HAL_Driver/Src/stm32f4xx_hal_i2c.c.obj
 .comment       0x0000004c       0x4d CMakeFiles/C_Board.elf.dir/Drivers/STM32F4xx_HAL_Driver/Src/stm32f4xx_hal_rcc.c.obj
 .comment       0x0000004c       0x4d CMakeFiles/C_Board.elf.dir/Drivers/STM32F4xx_HAL_Driver/Src/stm32f4xx_hal_tim.c.obj
 .comment       0x0000004c       0x4d CMakeFiles/C_Board.elf.dir/Drivers/STM32F4xx_HAL_Driver/Src/stm32f4xx_hal_tim_ex.c.obj
 .comment       0x0000004c       0x4d CMakeFiles/C_Board.elf.dir/Drivers/STM32F4xx_HAL_Driver/Src/stm32f4xx_hal_uart.c.obj

.debug_frame    0x00000000     0x2ec0
 .debug_frame   0x00000000       0x7c CMakeFiles/C_Board.elf.dir/APP/remote_control.c.obj
 .debug_frame   0x0000007c       0x74 CMakeFiles/C_Board.elf.dir/Board_test/bsp_adc.c.obj
 .debug_frame   0x000000f0       0x40 CMakeFiles/C_Board.elf.dir/Board_test/bsp_key.c.obj
 .debug_frame   0x00000130       0x2c CMakeFiles/C_Board.elf.dir/Board_test/bsp_rc.c.obj
 .debug_frame   0x0000015c       0x3c CMakeFiles/C_Board.elf.dir/Board_test/bsp_usart.c.obj
 .debug_frame   0x00000198       0x88 CMakeFiles/C_Board.elf.dir/Core/Src/adc.c.obj
 .debug_frame   0x00000220       0x30 CMakeFiles/C_Board.elf.dir/Core/Src/dma.c.obj
 .debug_frame   0x00000250       0x34 CMakeFiles/C_Board.elf.dir/Core/Src/gpio.c.obj
 .debug_frame   0x00000284       0x64 CMakeFiles/C_Board.elf.dir/Core/Src/i2c.c.obj
 .debug_frame   0x000002e8       0x58 CMakeFiles/C_Board.elf.dir/Core/Src/main.c.obj
 .debug_frame   0x00000340       0x28 CMakeFiles/C_Board.elf.dir/Core/Src/stm32f4xx_hal_msp.c.obj
 .debug_frame   0x00000368      0x120 CMakeFiles/C_Board.elf.dir/Core/Src/stm32f4xx_it.c.obj
 .debug_frame   0x00000488       0x30 CMakeFiles/C_Board.elf.dir/Core/Src/system_stm32f4xx.c.obj
 .debug_frame   0x000004b8       0xa8 CMakeFiles/C_Board.elf.dir/Core/Src/tim.c.obj
 .debug_frame   0x00000560       0x7c CMakeFiles/C_Board.elf.dir/Core/Src/usart.c.obj
 .debug_frame   0x000005dc      0x1ec CMakeFiles/C_Board.elf.dir/Drivers/STM32F4xx_HAL_Driver/Src/stm32f4xx_hal.c.obj
 .debug_frame   0x000007c8      0x268 CMakeFiles/C_Board.elf.dir/Drivers/STM32F4xx_HAL_Driver/Src/stm32f4xx_hal_adc.c.obj
 .debug_frame   0x00000a30      0x15c CMakeFiles/C_Board.elf.dir/Drivers/STM32F4xx_HAL_Driver/Src/stm32f4xx_hal_cortex.c.obj
 .debug_frame   0x00000b8c      0x188 CMakeFiles/C_Board.elf.dir/Drivers/STM32F4xx_HAL_Driver/Src/stm32f4xx_hal_dma.c.obj
 .debug_frame   0x00000d14       0xd8 CMakeFiles/C_Board.elf.dir/Drivers/STM32F4xx_HAL_Driver/Src/stm32f4xx_hal_gpio.c.obj
 .debug_frame   0x00000dec      0x968 CMakeFiles/C_Board.elf.dir/Drivers/STM32F4xx_HAL_Driver/Src/stm32f4xx_hal_i2c.c.obj
 .debug_frame   0x00001754      0x174 CMakeFiles/C_Board.elf.dir/Drivers/STM32F4xx_HAL_Driver/Src/stm32f4xx_hal_rcc.c.obj
 .debug_frame   0x000018c8      0xa7c CMakeFiles/C_Board.elf.dir/Drivers/STM32F4xx_HAL_Driver/Src/stm32f4xx_hal_tim.c.obj
 .debug_frame   0x00002344      0x3b4 CMakeFiles/C_Board.elf.dir/Drivers/STM32F4xx_HAL_Driver/Src/stm32f4xx_hal_tim_ex.c.obj
 .debug_frame   0x000026f8      0x4ec CMakeFiles/C_Board.elf.dir/Drivers/STM32F4xx_HAL_Driver/Src/stm32f4xx_hal_uart.c.obj
 .debug_frame   0x00002be4       0x4c e:/stm32+clion/gcc-arm-none-eabi-9-2020-q2-update-win32/bin/../lib/gcc/arm-none-eabi/9.3.1/thumb/v7e-m/nofp\libgcc.a(_arm_addsubsf3.o)
 .debug_frame   0x00002c30       0x38 e:/stm32+clion/gcc-arm-none-eabi-9-2020-q2-update-win32/bin/../lib/gcc/arm-none-eabi/9.3.1/thumb/v7e-m/nofp\libgcc.a(_arm_muldivsf3.o)
 .debug_frame   0x00002c68       0x2c e:/stm32+clion/gcc-arm-none-eabi-9-2020-q2-update-win32/bin/../lib/gcc/arm-none-eabi/9.3.1/thumb/v7e-m/nofp\libgcc.a(_aeabi_uldivmod.o)
 .debug_frame   0x00002c94       0x34 e:/stm32+clion/gcc-arm-none-eabi-9-2020-q2-update-win32/bin/../lib/gcc/arm-none-eabi/9.3.1/thumb/v7e-m/nofp\libgcc.a(_udivmoddi4.o)
 .debug_frame   0x00002cc8       0x2c e:/stm32+clion/gcc-arm-none-eabi-9-2020-q2-update-win32/bin/../lib/gcc/arm-none-eabi/9.3.1/../../../../arm-none-eabi/lib/thumb/v7e-m/nofp\libg.a(lib_a-init.o)
 .debug_frame   0x00002cf4       0x38 e:/stm32+clion/gcc-arm-none-eabi-9-2020-q2-update-win32/bin/../lib/gcc/arm-none-eabi/9.3.1/../../../../arm-none-eabi/lib/thumb/v7e-m/nofp\libg.a(lib_a-memset.o)
 .debug_frame   0x00002d2c       0x5c e:/stm32+clion/gcc-arm-none-eabi-9-2020-q2-update-win32/bin/../lib/gcc/arm-none-eabi/9.3.1/../../../../arm-none-eabi/lib/thumb/v7e-m/nofp\libg.a(lib_a-__call_atexit.o)
 .debug_frame   0x00002d88       0x20 e:/stm32+clion/gcc-arm-none-eabi-9-2020-q2-update-win32/bin/../lib/gcc/arm-none-eabi/9.3.1/../../../../arm-none-eabi/lib/thumb/v7e-m/nofp\libg.a(lib_a-atexit.o)
 .debug_frame   0x00002da8       0x34 e:/stm32+clion/gcc-arm-none-eabi-9-2020-q2-update-win32/bin/../lib/gcc/arm-none-eabi/9.3.1/../../../../arm-none-eabi/lib/thumb/v7e-m/nofp\libg.a(lib_a-fini.o)
 .debug_frame   0x00002ddc       0xb0 e:/stm32+clion/gcc-arm-none-eabi-9-2020-q2-update-win32/bin/../lib/gcc/arm-none-eabi/9.3.1/../../../../arm-none-eabi/lib/thumb/v7e-m/nofp\libg.a(lib_a-lock.o)
 .debug_frame   0x00002e8c       0x34 e:/stm32+clion/gcc-arm-none-eabi-9-2020-q2-update-win32/bin/../lib/gcc/arm-none-eabi/9.3.1/../../../../arm-none-eabi/lib/thumb/v7e-m/nofp\libg.a(lib_a-__atexit.o)
