Archive member included to satisfy reference by file (symbol)

e:/stm32+clion/gcc-arm-none-eabi-9-2020-q2-update-win32/bin/../lib/gcc/arm-none-eabi/9.3.1/thumb/v7e-m/nofp\libgcc.a(_arm_mulsf3.o)
                              CMakeFiles/C_Board.elf.dir/Board_test/bsp_adc.c.obj (__aeabi_fmul)
e:/stm32+clion/gcc-arm-none-eabi-9-2020-q2-update-win32/bin/../lib/gcc/arm-none-eabi/9.3.1/thumb/v7e-m/nofp\libgcc.a(_arm_addsubsf3.o)
                              CMakeFiles/C_Board.elf.dir/Board_test/bsp_adc.c.obj (__aeabi_fsub)
e:/stm32+clion/gcc-arm-none-eabi-9-2020-q2-update-win32/bin/../lib/gcc/arm-none-eabi/9.3.1/thumb/v7e-m/nofp\libgcc.a(_arm_muldivsf3.o)
                              CMakeFiles/C_Board.elf.dir/Board_test/bsp_adc.c.obj (__aeabi_fdiv)
e:/stm32+clion/gcc-arm-none-eabi-9-2020-q2-update-win32/bin/../lib/gcc/arm-none-eabi/9.3.1/thumb/v7e-m/nofp\libgcc.a(_arm_fixunssfsi.o)
                              CMakeFiles/C_Board.elf.dir/devices/OLED.c.obj (__aeabi_f2uiz)
e:/stm32+clion/gcc-arm-none-eabi-9-2020-q2-update-win32/bin/../lib/gcc/arm-none-eabi/9.3.1/thumb/v7e-m/nofp\libgcc.a(_aeabi_uldivmod.o)
                              CMakeFiles/C_Board.elf.dir/Drivers/STM32F4xx_HAL_Driver/Src/stm32f4xx_hal_rcc.c.obj (__aeabi_uldivmod)
e:/stm32+clion/gcc-arm-none-eabi-9-2020-q2-update-win32/bin/../lib/gcc/arm-none-eabi/9.3.1/thumb/v7e-m/nofp\libgcc.a(_udivmoddi4.o)
                              e:/stm32+clion/gcc-arm-none-eabi-9-2020-q2-update-win32/bin/../lib/gcc/arm-none-eabi/9.3.1/thumb/v7e-m/nofp\libgcc.a(_aeabi_uldivmod.o) (__udivmoddi4)
e:/stm32+clion/gcc-arm-none-eabi-9-2020-q2-update-win32/bin/../lib/gcc/arm-none-eabi/9.3.1/thumb/v7e-m/nofp\libgcc.a(_dvmd_tls.o)
                              e:/stm32+clion/gcc-arm-none-eabi-9-2020-q2-update-win32/bin/../lib/gcc/arm-none-eabi/9.3.1/thumb/v7e-m/nofp\libgcc.a(_aeabi_uldivmod.o) (__aeabi_ldiv0)
e:/stm32+clion/gcc-arm-none-eabi-9-2020-q2-update-win32/bin/../lib/gcc/arm-none-eabi/9.3.1/../../../../arm-none-eabi/lib/thumb/v7e-m/nofp\libg.a(lib_a-errno.o)
                              CMakeFiles/C_Board.elf.dir/Core/Src/syscalls.c.obj (__errno)
e:/stm32+clion/gcc-arm-none-eabi-9-2020-q2-update-win32/bin/../lib/gcc/arm-none-eabi/9.3.1/../../../../arm-none-eabi/lib/thumb/v7e-m/nofp\libg.a(lib_a-exit.o)
                              e:/stm32+clion/gcc-arm-none-eabi-9-2020-q2-update-win32/bin/../lib/gcc/arm-none-eabi/9.3.1/../../../../arm-none-eabi/lib/thumb/v7e-m/nofp/crt0.o (exit)
e:/stm32+clion/gcc-arm-none-eabi-9-2020-q2-update-win32/bin/../lib/gcc/arm-none-eabi/9.3.1/../../../../arm-none-eabi/lib/thumb/v7e-m/nofp\libg.a(lib_a-impure.o)
                              e:/stm32+clion/gcc-arm-none-eabi-9-2020-q2-update-win32/bin/../lib/gcc/arm-none-eabi/9.3.1/../../../../arm-none-eabi/lib/thumb/v7e-m/nofp\libg.a(lib_a-exit.o) (_global_impure_ptr)
e:/stm32+clion/gcc-arm-none-eabi-9-2020-q2-update-win32/bin/../lib/gcc/arm-none-eabi/9.3.1/../../../../arm-none-eabi/lib/thumb/v7e-m/nofp\libg.a(lib_a-init.o)
                              e:/stm32+clion/gcc-arm-none-eabi-9-2020-q2-update-win32/bin/../lib/gcc/arm-none-eabi/9.3.1/../../../../arm-none-eabi/lib/thumb/v7e-m/nofp/crt0.o (__libc_init_array)
e:/stm32+clion/gcc-arm-none-eabi-9-2020-q2-update-win32/bin/../lib/gcc/arm-none-eabi/9.3.1/../../../../arm-none-eabi/lib/thumb/v7e-m/nofp\libg.a(lib_a-memset.o)
                              e:/stm32+clion/gcc-arm-none-eabi-9-2020-q2-update-win32/bin/../lib/gcc/arm-none-eabi/9.3.1/../../../../arm-none-eabi/lib/thumb/v7e-m/nofp/crt0.o (memset)
e:/stm32+clion/gcc-arm-none-eabi-9-2020-q2-update-win32/bin/../lib/gcc/arm-none-eabi/9.3.1/../../../../arm-none-eabi/lib/thumb/v7e-m/nofp\libg.a(lib_a-vsprintf.o)
                              CMakeFiles/C_Board.elf.dir/devices/OLED.c.obj (vsprintf)
e:/stm32+clion/gcc-arm-none-eabi-9-2020-q2-update-win32/bin/../lib/gcc/arm-none-eabi/9.3.1/../../../../arm-none-eabi/lib/thumb/v7e-m/nofp\libg.a(lib_a-__call_atexit.o)
                              e:/stm32+clion/gcc-arm-none-eabi-9-2020-q2-update-win32/bin/../lib/gcc/arm-none-eabi/9.3.1/../../../../arm-none-eabi/lib/thumb/v7e-m/nofp\libg.a(lib_a-exit.o) (__call_exitprocs)
e:/stm32+clion/gcc-arm-none-eabi-9-2020-q2-update-win32/bin/../lib/gcc/arm-none-eabi/9.3.1/../../../../arm-none-eabi/lib/thumb/v7e-m/nofp\libg.a(lib_a-atexit.o)
                              e:/stm32+clion/gcc-arm-none-eabi-9-2020-q2-update-win32/bin/../lib/gcc/arm-none-eabi/9.3.1/../../../../arm-none-eabi/lib/thumb/v7e-m/nofp\libg.a(lib_a-__call_atexit.o) (atexit)
e:/stm32+clion/gcc-arm-none-eabi-9-2020-q2-update-win32/bin/../lib/gcc/arm-none-eabi/9.3.1/../../../../arm-none-eabi/lib/thumb/v7e-m/nofp\libg.a(lib_a-fini.o)
                              e:/stm32+clion/gcc-arm-none-eabi-9-2020-q2-update-win32/bin/../lib/gcc/arm-none-eabi/9.3.1/../../../../arm-none-eabi/lib/thumb/v7e-m/nofp\libg.a(lib_a-__call_atexit.o) (__libc_fini_array)
[...]
Memory Configuration

Name             Origin             Length             Attributes
RAM              0x20000000         0x00020000         xrw
CCMRAM           0x10000000         0x00010000         xrw
FLASH            0x08000000         0x00100000         xr
*default*        0x00000000         0xffffffff

Linker script and memory map

LOAD e:/stm32+clion/gcc-arm-none-eabi-9-2020-q2-update-win32/bin/../lib/gcc/arm-none-eabi/9.3.1/thumb/v7e-m/nofp/crti.o
LOAD e:/stm32+clion/gcc-arm-none-eabi-9-2020-q2-update-win32/bin/../lib/gcc/arm-none-eabi/9.3.1/thumb/v7e-m/nofp/crtbegin.o
LOAD e:/stm32+clion/gcc-arm-none-eabi-9-2020-q2-update-win32/bin/../lib/gcc/arm-none-eabi/9.3.1/../../../../arm-none-eabi/lib/thumb/v7e-m/nofp/crt0.o
LOAD CMakeFiles/C_Board.elf.dir/APP/CAN_receive.c.obj
LOAD CMakeFiles/C_Board.elf.dir/APP/remote_control.c.obj
LOAD CMakeFiles/C_Board.elf.dir/Board_test/bsp_adc.c.obj
LOAD CMakeFiles/C_Board.elf.dir/Board_test/bsp_buzzer.c.obj
LOAD CMakeFiles/C_Board.elf.dir/Board_test/bsp_can.c.obj
LOAD CMakeFiles/C_Board.elf.dir/Board_test/bsp_delay.c.obj
LOAD CMakeFiles/C_Board.elf.dir/Board_test/bsp_key.c.obj
LOAD CMakeFiles/C_Board.elf.dir/Board_test/bsp_led.c.obj
LOAD CMakeFiles/C_Board.elf.dir/Board_test/bsp_rc.c.obj
LOAD CMakeFiles/C_Board.elf.dir/Board_test/bsp_usart.c.obj
LOAD CMakeFiles/C_Board.elf.dir/Core/Src/adc.c.obj
LOAD CMakeFiles/C_Board.elf.dir/Core/Src/can.c.obj
LOAD CMakeFiles/C_Board.elf.dir/Core/Src/dma.c.obj
LOAD CMakeFiles/C_Board.elf.dir/Core/Src/gpio.c.obj
LOAD CMakeFiles/C_Board.elf.dir/Core/Src/i2c.c.obj
LOAD CMakeFiles/C_Board.elf.dir/Core/Src/main.c.obj
LOAD CMakeFiles/C_Board.elf.dir/Core/Src/stm32f4xx_hal_msp.c.obj
LOAD CMakeFiles/C_Board.elf.dir/Core/Src/stm32f4xx_it.c.obj
LOAD CMakeFiles/C_Board.elf.dir/Core/Src/syscalls.c.obj
LOAD CMakeFiles/C_Board.elf.dir/Core/Src/system_stm32f4xx.c.obj
LOAD CMakeFiles/C_Board.elf.dir/Core/Src/tim.c.obj
LOAD CMakeFiles/C_Board.elf.dir/Core/Src/usart.c.obj
LOAD CMakeFiles/C_Board.elf.dir/Drivers/STM32F4xx_HAL_Driver/Src/stm32f4xx_hal.c.obj
LOAD CMakeFiles/C_Board.elf.dir/Drivers/STM32F4xx_HAL_Driver/Src/stm32f4xx_hal_adc.c.obj
LOAD CMakeFiles/C_Board.elf.dir/Drivers/STM32F4xx_HAL_Driver/Src/stm32f4xx_hal_adc_ex.c.obj
LOAD CMakeFiles/C_Board.elf.dir/Drivers/STM32F4xx_HAL_Driver/Src/stm32f4xx_hal_can.c.obj
LOAD CMakeFiles/C_Board.elf.dir/Drivers/STM32F4xx_HAL_Driver/Src/stm32f4xx_hal_cortex.c.obj
LOAD CMakeFiles/C_Board.elf.dir/Drivers/STM32F4xx_HAL_Driver/Src/stm32f4xx_hal_dma.c.obj
LOAD CMakeFiles/C_Board.elf.dir/Drivers/STM32F4xx_HAL_Driver/Src/stm32f4xx_hal_dma_ex.c.obj
LOAD CMakeFiles/C_Board.elf.dir/Drivers/STM32F4xx_HAL_Driver/Src/stm32f4xx_hal_exti.c.obj
LOAD CMakeFiles/C_Board.elf.dir/Drivers/STM32F4xx_HAL_Driver/Src/stm32f4xx_hal_flash.c.obj
LOAD CMakeFiles/C_Board.elf.dir/Drivers/STM32F4xx_HAL_Driver/Src/stm32f4xx_hal_flash_ex.c.obj
LOAD CMakeFiles/C_Board.elf.dir/Drivers/STM32F4xx_HAL_Driver/Src/stm32f4xx_hal_flash_ramfunc.c.obj
LOAD CMakeFiles/C_Board.elf.dir/Drivers/STM32F4xx_HAL_Driver/Src/stm32f4xx_hal_gpio.c.obj
LOAD CMakeFiles/C_Board.elf.dir/Drivers/STM32F4xx_HAL_Driver/Src/stm32f4xx_hal_i2c.c.obj
LOAD CMakeFiles/C_Board.elf.dir/Drivers/STM32F4xx_HAL_Driver/Src/stm32f4xx_hal_i2c_ex.c.obj
LOAD CMakeFiles/C_Board.elf.dir/Drivers/STM32F4xx_HAL_Driver/Src/stm32f4xx_hal_pwr.c.obj
LOAD CMakeFiles/C_Board.elf.dir/Drivers/STM32F4xx_HAL_Driver/Src/stm32f4xx_hal_pwr_ex.c.obj
LOAD CMakeFiles/C_Board.elf.dir/Drivers/STM32F4xx_HAL_Driver/Src/stm32f4xx_hal_rcc.c.obj
LOAD CMakeFiles/C_Board.elf.dir/Drivers/STM32F4xx_HAL_Driver/Src/stm32f4xx_hal_rcc_ex.c.obj
LOAD CMakeFiles/C_Board.elf.dir/Drivers/STM32F4xx_HAL_Driver/Src/stm32f4xx_hal_tim.c.obj
LOAD CMakeFiles/C_Board.elf.dir/Drivers/STM32F4xx_HAL_Driver/Src/stm32f4xx_hal_tim_ex.c.obj
LOAD CMakeFiles/C_Board.elf.dir/Drivers/STM32F4xx_HAL_Driver/Src/stm32f4xx_hal_uart.c.obj
LOAD CMakeFiles/C_Board.elf.dir/devices/OLED.c.obj
LOAD CMakeFiles/C_Board.elf.dir/startup/startup_stm32f407xx.s.obj
START GROUP
LOAD e:/stm32+clion/gcc-arm-none-eabi-9-2020-q2-update-win32/bin/../lib/gcc/arm-none-eabi/9.3.1/thumb/v7e-m/nofp\libgcc.a
LOAD e:/stm32+clion/gcc-arm-none-eabi-9-2020-q2-update-win32/bin/../lib/gcc/arm-none-eabi/9.3.1/../../../../arm-none-eabi/lib/thumb/v7e-m/nofp\libg.a
LOAD e:/stm32+clion/gcc-arm-none-eabi-9-2020-q2-update-win32/bin/../lib/gcc/arm-none-eabi/9.3.1/../../../../arm-none-eabi/lib/thumb/v7e-m/nofp\libc.a
END GROUP
LOAD e:/stm32+clion/gcc-arm-none-eabi-9-2020-q2-update-win32/bin/../lib/gcc/arm-none-eabi/9.3.1/thumb/v7e-m/nofp/crtend.o
LOAD e:/stm32+clion/gcc-arm-none-eabi-9-2020-q2-update-win32/bin/../lib/gcc/arm-none-eabi/9.3.1/thumb/v7e-m/nofp/crtn.o
                0x20020000                _estack = 0x20020000
                0x00000200                _Min_Heap_Size = 0x200
                0x00000400                _Min_Stack_Size = 0x400

.isr_vector     0x08000000      0x188
                0x08000000                . = ALIGN (0x4)
 *(.isr_vector)
 .isr_vector    0x08000000      0x188 CMakeFiles/C_Board.elf.dir/startup/startup_stm32f407xx.s.obj
                0x08000000                g_pfnVectors
                0x08000188                . = ALIGN (0x4)

.text           0x08000188     0x3e00
                0x08000188                . = ALIGN (0x4)
 *(.text)
 .text          0x08000188       0x40 e:/stm32+clion/gcc-arm-none-eabi-9-2020-q2-update-win32/bin/../lib/gcc/arm-none-eabi/9.3.1/thumb/v7e-m/nofp/crtbegin.o
 .text          0x080001c8      0x21c e:/stm32+clion/gcc-arm-none-eabi-9-2020-q2-update-win32/bin/../lib/gcc/arm-none-eabi/9.3.1/thumb/v7e-m/nofp\libgcc.a(_arm_addsubsf3.o)
                0x080001c8                __aeabi_frsub
                0x080001d0                __subsf3
                0x080001d0                __aeabi_fsub
                0x080001d4                __aeabi_fadd
                0x080001d4                __addsf3
                0x08000334                __aeabi_ui2f
                0x08000334                __floatunsisf
                0x0800033c                __aeabi_i2f
                0x0800033c                __floatsisf
                0x08000358                __aeabi_ul2f
                0x08000358                __floatundisf
                0x08000368                __aeabi_l2f
                0x08000368                __floatdisf
 .text          0x080003e4      0x2a0 e:/stm32+clion/gcc-arm-none-eabi-9-2020-q2-update-win32/bin/../lib/gcc/arm-none-eabi/9.3.1/thumb/v7e-m/nofp\libgcc.a(_arm_muldivsf3.o)
                0x080003e4                __mulsf3
                0x080003e4                __aeabi_fmul
                0x0800054c                __aeabi_fdiv
                0x0800054c                __divsf3
 .text          0x08000684       0x30 e:/stm32+clion/gcc-arm-none-eabi-9-2020-q2-update-win32/bin/../lib/gcc/arm-none-eabi/9.3.1/thumb/v7e-m/nofp\libgcc.a(_aeabi_uldivmod.o)
                0x08000684                __aeabi_uldivmod
 .text          0x080006b4      0x2c0 e:/stm32+clion/gcc-arm-none-eabi-9-2020-q2-update-win32/bin/../lib/gcc/arm-none-eabi/9.3.1/thumb/v7e-m/nofp\libgcc.a(_udivmoddi4.o)
                0x080006b4                __udivmoddi4
 .text          0x08000974        0x4 e:/stm32+clion/gcc-arm-none-eabi-9-2020-q2-update-win32/bin/../lib/gcc/arm-none-eabi/9.3.1/thumb/v7e-m/nofp\libgcc.a(_dvmd_tls.o)
                0x08000974                __aeabi_idiv0
                0x08000974                __aeabi_ldiv0
 *(.text*)
 .text.CAN_cmd_chassis
                0x08000978       0x4c CMakeFiles/C_Board.elf.dir/APP/CAN_receive.c.obj
                0x08000978                CAN_cmd_chassis
 .text.sbus_to_rc
                0x080009c4       0xbc CMakeFiles/C_Board.elf.dir/APP/remote_control.c.obj
 .text.remote_control_init
                0x08000a80       0x14 CMakeFiles/C_Board.elf.dir/APP/remote_control.c.obj
                0x08000a80                remote_control_init
 .text.get_remote_control_point
                0x08000a94        0x8 CMakeFiles/C_Board.elf.dir/APP/remote_control.c.obj
                0x08000a94                get_remote_control_point
 .text.USART3_IRQHandler
                0x08000a9c       0xe4 CMakeFiles/C_Board.elf.dir/APP/remote_control.c.obj
                0x08000a9c                USART3_IRQHandler
 .text.adcx_get_chx_value
                0x08000b80       0x3c CMakeFiles/C_Board.elf.dir/Board_test/bsp_adc.c.obj
 .text.init_vrefint_reciprocal
                0x08000bbc       0x3c CMakeFiles/C_Board.elf.dir/Board_test/bsp_adc.c.obj
                0x08000bbc                init_vrefint_reciprocal
 .text.can_filter_init
                0x08000bf8       0x5c CMakeFiles/C_Board.elf.dir/Board_test/bsp_can.c.obj
                0x08000bf8                can_filter_init
 .text.HAL_GPIO_EXTI_Callback
                0x08000c54       0x30 CMakeFiles/C_Board.elf.dir/Board_test/bsp_key.c.obj
                0x08000c54                HAL_GPIO_EXTI_Callback
 .text.RC_init  0x08000c84       0x68 CMakeFiles/C_Board.elf.dir/Board_test/bsp_rc.c.obj
                0x08000c84                RC_init
 .text.MX_ADC1_Init
                0x08000cec       0x70 CMakeFiles/C_Board.elf.dir/Core/Src/adc.c.obj
                0x08000cec                MX_ADC1_Init
 .text.MX_ADC3_Init
                0x08000d5c       0x70 CMakeFiles/C_Board.elf.dir/Core/Src/adc.c.obj
                0x08000d5c                MX_ADC3_Init
 .text.HAL_ADC_MspInit
                0x08000dcc       0x90 CMakeFiles/C_Board.elf.dir/Core/Src/adc.c.obj
                0x08000dcc                HAL_ADC_MspInit
 .text.MX_CAN1_Init
                0x08000e5c       0x40 CMakeFiles/C_Board.elf.dir/Core/Src/can.c.obj
                0x08000e5c                MX_CAN1_Init
 .text.MX_CAN2_Init
                0x08000e9c       0x40 CMakeFiles/C_Board.elf.dir/Core/Src/can.c.obj
                0x08000e9c                MX_CAN2_Init
 .text.HAL_CAN_MspInit
                0x08000edc      0x108 CMakeFiles/C_Board.elf.dir/Core/Src/can.c.obj
                0x08000edc                HAL_CAN_MspInit
 .text.MX_DMA_Init
                0x08000fe4       0x34 CMakeFiles/C_Board.elf.dir/Core/Src/dma.c.obj
                0x08000fe4                MX_DMA_Init
 .text.MX_GPIO_Init
                0x08001018       0xe4 CMakeFiles/C_Board.elf.dir/Core/Src/gpio.c.obj
                0x08001018                MX_GPIO_Init
 .text.MX_I2C2_Init
                0x080010fc       0x3c CMakeFiles/C_Board.elf.dir/Core/Src/i2c.c.obj
                0x080010fc                MX_I2C2_Init
 .text.HAL_I2C_MspInit
                0x08001138       0x70 CMakeFiles/C_Board.elf.dir/Core/Src/i2c.c.obj
                0x08001138                HAL_I2C_MspInit
 .text.SystemClock_Config
                0x080011a8       0x98 CMakeFiles/C_Board.elf.dir/Core/Src/main.c.obj
                0x080011a8                SystemClock_Config
 .text.main     0x08001240       0x98 CMakeFiles/C_Board.elf.dir/Core/Src/main.c.obj
                0x08001240                main
 .text.Error_Handler
                0x080012d8        0x2 CMakeFiles/C_Board.elf.dir/Core/Src/main.c.obj
                0x080012d8                Error_Handler
 *fill*         0x080012da        0x2 
 .text.HAL_MspInit
                0x080012dc       0x38 CMakeFiles/C_Board.elf.dir/Core/Src/stm32f4xx_hal_msp.c.obj
                0x080012dc                HAL_MspInit
 .text.NMI_Handler
                0x08001314        0x2 CMakeFiles/C_Board.elf.dir/Core/Src/stm32f4xx_it.c.obj
                0x08001314                NMI_Handler
 .text.HardFault_Handler
                0x08001316        0x2 CMakeFiles/C_Board.elf.dir/Core/Src/stm32f4xx_it.c.obj
                0x08001316                HardFault_Handler
 .text.MemManage_Handler
                0x08001318        0x2 CMakeFiles/C_Board.elf.dir/Core/Src/stm32f4xx_it.c.obj
                0x08001318                MemManage_Handler
 .text.BusFault_Handler
                0x0800131a        0x2 CMakeFiles/C_Board.elf.dir/Core/Src/stm32f4xx_it.c.obj
                0x0800131a                BusFault_Handler
 .text.UsageFault_Handler
                0x0800131c        0x2 CMakeFiles/C_Board.elf.dir/Core/Src/stm32f4xx_it.c.obj
                0x0800131c                UsageFault_Handler
 .text.SVC_Handler
                0x0800131e        0x2 CMakeFiles/C_Board.elf.dir/Core/Src/stm32f4xx_it.c.obj
                0x0800131e                SVC_Handler
 .text.DebugMon_Handler
                0x08001320        0x2 CMakeFiles/C_Board.elf.dir/Core/Src/stm32f4xx_it.c.obj
                0x08001320                DebugMon_Handler
 .text.PendSV_Handler
                0x08001322        0x2 CMakeFiles/C_Board.elf.dir/Core/Src/stm32f4xx_it.c.obj
                0x08001322                PendSV_Handler
 .text.SysTick_Handler
                0x08001324        0x8 CMakeFiles/C_Board.elf.dir/Core/Src/stm32f4xx_it.c.obj
                0x08001324                SysTick_Handler
 .text.EXTI0_IRQHandler
                0x0800132c        0xa CMakeFiles/C_Board.elf.dir/Core/Src/stm32f4xx_it.c.obj
                0x0800132c                EXTI0_IRQHandler
 *fill*         0x08001336        0x2 
 .text.DMA1_Stream1_IRQHandler
                0x08001338       0x10 CMakeFiles/C_Board.elf.dir/Core/Src/stm32f4xx_it.c.obj
                0x08001338                DMA1_Stream1_IRQHandler
 .text.TIM1_UP_TIM10_IRQHandler
                0x08001348       0x10 CMakeFiles/C_Board.elf.dir/Core/Src/stm32f4xx_it.c.obj
                0x08001348                TIM1_UP_TIM10_IRQHandler
 .text.SystemInit
                0x08001358       0x10 CMakeFiles/C_Board.elf.dir/Core/Src/system_stm32f4xx.c.obj
                0x08001358                SystemInit
 .text.MX_TIM1_Init
                0x08001368       0x74 CMakeFiles/C_Board.elf.dir/Core/Src/tim.c.obj
                0x08001368                MX_TIM1_Init
 .text.HAL_TIM_Base_MspInit
                0x080013dc       0x68 CMakeFiles/C_Board.elf.dir/Core/Src/tim.c.obj
                0x080013dc                HAL_TIM_Base_MspInit
 .text.HAL_TIM_MspPostInit
                0x08001444       0x5c CMakeFiles/C_Board.elf.dir/Core/Src/tim.c.obj
                0x08001444                HAL_TIM_MspPostInit
 .text.MX_TIM4_Init
                0x080014a0       0xac CMakeFiles/C_Board.elf.dir/Core/Src/tim.c.obj
                0x080014a0                MX_TIM4_Init
 .text.MX_USART1_UART_Init
                0x0800154c       0x34 CMakeFiles/C_Board.elf.dir/Core/Src/usart.c.obj
                0x0800154c                MX_USART1_UART_Init
 .text.MX_USART3_UART_Init
                0x08001580       0x38 CMakeFiles/C_Board.elf.dir/Core/Src/usart.c.obj
                0x08001580                MX_USART3_UART_Init
 .text.HAL_UART_MspInit
                0x080015b8      0x148 CMakeFiles/C_Board.elf.dir/Core/Src/usart.c.obj
                0x080015b8                HAL_UART_MspInit
 .text.HAL_InitTick
                0x08001700       0x4c CMakeFiles/C_Board.elf.dir/Drivers/STM32F4xx_HAL_Driver/Src/stm32f4xx_hal.c.obj
                0x08001700                HAL_InitTick
 .text.HAL_Init
                0x0800174c       0x34 CMakeFiles/C_Board.elf.dir/Drivers/STM32F4xx_HAL_Driver/Src/stm32f4xx_hal.c.obj
                0x0800174c                HAL_Init
 .text.HAL_IncTick
                0x08001780       0x18 CMakeFiles/C_Board.elf.dir/Drivers/STM32F4xx_HAL_Driver/Src/stm32f4xx_hal.c.obj
                0x08001780                HAL_IncTick
 .text.HAL_GetTick
                0x08001798        0xc CMakeFiles/C_Board.elf.dir/Drivers/STM32F4xx_HAL_Driver/Src/stm32f4xx_hal.c.obj
                0x08001798                HAL_GetTick
 .text.ADC_Init
                0x080017a4      0x134 CMakeFiles/C_Board.elf.dir/Drivers/STM32F4xx_HAL_Driver/Src/stm32f4xx_hal_adc.c.obj
 .text.HAL_ADC_Init
                0x080018d8       0x56 CMakeFiles/C_Board.elf.dir/Drivers/STM32F4xx_HAL_Driver/Src/stm32f4xx_hal_adc.c.obj
                0x080018d8                HAL_ADC_Init
 *fill*         0x0800192e        0x2 
 .text.HAL_ADC_Start
                0x08001930      0x130 CMakeFiles/C_Board.elf.dir/Drivers/STM32F4xx_HAL_Driver/Src/stm32f4xx_hal_adc.c.obj
                0x08001930                HAL_ADC_Start
 .text.HAL_ADC_PollForConversion
                0x08001a60       0xac CMakeFiles/C_Board.elf.dir/Drivers/STM32F4xx_HAL_Driver/Src/stm32f4xx_hal_adc.c.obj
                0x08001a60                HAL_ADC_PollForConversion
 .text.HAL_ADC_GetValue
                0x08001b0c        0x6 CMakeFiles/C_Board.elf.dir/Drivers/STM32F4xx_HAL_Driver/Src/stm32f4xx_hal_adc.c.obj
                0x08001b0c                HAL_ADC_GetValue
 *fill*         0x08001b12        0x2 
 .text.HAL_ADC_ConfigChannel
                0x08001b14      0x190 CMakeFiles/C_Board.elf.dir/Drivers/STM32F4xx_HAL_Driver/Src/stm32f4xx_hal_adc.c.obj
                0x08001b14                HAL_ADC_ConfigChannel
 .text.HAL_CAN_Init
                0x08001ca4      0x14c CMakeFiles/C_Board.elf.dir/Drivers/STM32F4xx_HAL_Driver/Src/stm32f4xx_hal_can.c.obj
                0x08001ca4                HAL_CAN_Init
 .text.HAL_CAN_ConfigFilter
                0x08001df0      0x130 CMakeFiles/C_Board.elf.dir/Drivers/STM32F4xx_HAL_Driver/Src/stm32f4xx_hal_can.c.obj
                0x08001df0                HAL_CAN_ConfigFilter
 .text.HAL_CAN_Start
                0x08001f20       0x5c CMakeFiles/C_Board.elf.dir/Drivers/STM32F4xx_HAL_Driver/Src/stm32f4xx_hal_can.c.obj
                0x08001f20                HAL_CAN_Start
 .text.HAL_CAN_AddTxMessage
                0x08001f7c       0xec CMakeFiles/C_Board.elf.dir/Drivers/STM32F4xx_HAL_Driver/Src/stm32f4xx_hal_can.c.obj
                0x08001f7c                HAL_CAN_AddTxMessage
 .text.HAL_CAN_ActivateNotification
                0x08002068       0x24 CMakeFiles/C_Board.elf.dir/Drivers/STM32F4xx_HAL_Driver/Src/stm32f4xx_hal_can.c.obj
                0x08002068                HAL_CAN_ActivateNotification
 .text.HAL_NVIC_SetPriorityGrouping
                0x0800208c       0x24 CMakeFiles/C_Board.elf.dir/Drivers/STM32F4xx_HAL_Driver/Src/stm32f4xx_hal_cortex.c.obj
                0x0800208c                HAL_NVIC_SetPriorityGrouping
 .text.HAL_NVIC_SetPriority
                0x080020b0       0x68 CMakeFiles/C_Board.elf.dir/Drivers/STM32F4xx_HAL_Driver/Src/stm32f4xx_hal_cortex.c.obj
                0x080020b0                HAL_NVIC_SetPriority
 .text.HAL_NVIC_EnableIRQ
                0x08002118       0x1c CMakeFiles/C_Board.elf.dir/Drivers/STM32F4xx_HAL_Driver/Src/stm32f4xx_hal_cortex.c.obj
                0x08002118                HAL_NVIC_EnableIRQ
 .text.HAL_SYSTICK_Config
                0x08002134       0x2c CMakeFiles/C_Board.elf.dir/Drivers/STM32F4xx_HAL_Driver/Src/stm32f4xx_hal_cortex.c.obj
                0x08002134                HAL_SYSTICK_Config
 .text.DMA_CalcBaseAndBitshift
                0x08002160       0x40 CMakeFiles/C_Board.elf.dir/Drivers/STM32F4xx_HAL_Driver/Src/stm32f4xx_hal_dma.c.obj
 .text.DMA_CheckFifoParam
                0x080021a0       0x8e CMakeFiles/C_Board.elf.dir/Drivers/STM32F4xx_HAL_Driver/Src/stm32f4xx_hal_dma.c.obj
 *fill*         0x0800222e        0x2 
 .text.HAL_DMA_Init
                0x08002230       0xcc CMakeFiles/C_Board.elf.dir/Drivers/STM32F4xx_HAL_Driver/Src/stm32f4xx_hal_dma.c.obj
                0x08002230                HAL_DMA_Init
 .text.HAL_DMA_IRQHandler
                0x080022fc      0x1dc CMakeFiles/C_Board.elf.dir/Drivers/STM32F4xx_HAL_Driver/Src/stm32f4xx_hal_dma.c.obj
                0x080022fc                HAL_DMA_IRQHandler
 .text.HAL_GPIO_Init
                0x080024d8      0x1cc CMakeFiles/C_Board.elf.dir/Drivers/STM32F4xx_HAL_Driver/Src/stm32f4xx_hal_gpio.c.obj
                0x080024d8                HAL_GPIO_Init
 .text.HAL_GPIO_ReadPin
                0x080026a4        0xe CMakeFiles/C_Board.elf.dir/Drivers/STM32F4xx_HAL_Driver/Src/stm32f4xx_hal_gpio.c.obj
                0x080026a4                HAL_GPIO_ReadPin
 .text.HAL_GPIO_WritePin
                0x080026b2        0xc CMakeFiles/C_Board.elf.dir/Drivers/STM32F4xx_HAL_Driver/Src/stm32f4xx_hal_gpio.c.obj
                0x080026b2                HAL_GPIO_WritePin
 *fill*         0x080026be        0x2 
 .text.HAL_GPIO_EXTI_IRQHandler
                0x080026c0       0x1c CMakeFiles/C_Board.elf.dir/Drivers/STM32F4xx_HAL_Driver/Src/stm32f4xx_hal_gpio.c.obj
                0x080026c0                HAL_GPIO_EXTI_IRQHandler
 .text.I2C_IsAcknowledgeFailed
                0x080026dc       0x32 CMakeFiles/C_Board.elf.dir/Drivers/STM32F4xx_HAL_Driver/Src/stm32f4xx_hal_i2c.c.obj
 .text.I2C_WaitOnFlagUntilTimeout
                0x0800270e       0x74 CMakeFiles/C_Board.elf.dir/Drivers/STM32F4xx_HAL_Driver/Src/stm32f4xx_hal_i2c.c.obj
 .text.I2C_WaitOnMasterAddressFlagUntilTimeout
                0x08002782       0xaa CMakeFiles/C_Board.elf.dir/Drivers/STM32F4xx_HAL_Driver/Src/stm32f4xx_hal_i2c.c.obj
 .text.I2C_MasterRequestWrite
                0x0800282c       0xb4 CMakeFiles/C_Board.elf.dir/Drivers/STM32F4xx_HAL_Driver/Src/stm32f4xx_hal_i2c.c.obj
 .text.I2C_WaitOnTXEFlagUntilTimeout
                0x080028e0       0x54 CMakeFiles/C_Board.elf.dir/Drivers/STM32F4xx_HAL_Driver/Src/stm32f4xx_hal_i2c.c.obj
 .text.I2C_WaitOnBTFFlagUntilTimeout
                0x08002934       0x54 CMakeFiles/C_Board.elf.dir/Drivers/STM32F4xx_HAL_Driver/Src/stm32f4xx_hal_i2c.c.obj
 .text.HAL_I2C_Init
                0x08002988      0x1bc CMakeFiles/C_Board.elf.dir/Drivers/STM32F4xx_HAL_Driver/Src/stm32f4xx_hal_i2c.c.obj
                0x08002988                HAL_I2C_Init
 .text.HAL_I2C_Master_Transmit
                0x08002b44      0x178 CMakeFiles/C_Board.elf.dir/Drivers/STM32F4xx_HAL_Driver/Src/stm32f4xx_hal_i2c.c.obj
                0x08002b44                HAL_I2C_Master_Transmit
 .text.HAL_RCC_OscConfig
                0x08002cbc      0x3ec CMakeFiles/C_Board.elf.dir/Drivers/STM32F4xx_HAL_Driver/Src/stm32f4xx_hal_rcc.c.obj
                0x08002cbc                HAL_RCC_OscConfig
 .text.HAL_RCC_GetSysClockFreq
                0x080030a8       0xa0 CMakeFiles/C_Board.elf.dir/Drivers/STM32F4xx_HAL_Driver/Src/stm32f4xx_hal_rcc.c.obj
                0x080030a8                HAL_RCC_GetSysClockFreq
 .text.HAL_RCC_ClockConfig
                0x08003148      0x160 CMakeFiles/C_Board.elf.dir/Drivers/STM32F4xx_HAL_Driver/Src/stm32f4xx_hal_rcc.c.obj
                0x08003148                HAL_RCC_ClockConfig
 .text.HAL_RCC_GetHCLKFreq
                0x080032a8        0xc CMakeFiles/C_Board.elf.dir/Drivers/STM32F4xx_HAL_Driver/Src/stm32f4xx_hal_rcc.c.obj
                0x080032a8                HAL_RCC_GetHCLKFreq
 .text.HAL_RCC_GetPCLK1Freq
                0x080032b4       0x20 CMakeFiles/C_Board.elf.dir/Drivers/STM32F4xx_HAL_Driver/Src/stm32f4xx_hal_rcc.c.obj
                0x080032b4                HAL_RCC_GetPCLK1Freq
 .text.HAL_RCC_GetPCLK2Freq
                0x080032d4       0x20 CMakeFiles/C_Board.elf.dir/Drivers/STM32F4xx_HAL_Driver/Src/stm32f4xx_hal_rcc.c.obj
                0x080032d4                HAL_RCC_GetPCLK2Freq
 .text.TIM_OC1_SetConfig
                0x080032f4       0x68 CMakeFiles/C_Board.elf.dir/Drivers/STM32F4xx_HAL_Driver/Src/stm32f4xx_hal_tim.c.obj
 .text.TIM_OC3_SetConfig
                0x0800335c       0x70 CMakeFiles/C_Board.elf.dir/Drivers/STM32F4xx_HAL_Driver/Src/stm32f4xx_hal_tim.c.obj
 .text.TIM_OC4_SetConfig
                0x080033cc       0x50 CMakeFiles/C_Board.elf.dir/Drivers/STM32F4xx_HAL_Driver/Src/stm32f4xx_hal_tim.c.obj
 .text.TIM_TI1_ConfigInputStage
                0x0800341c       0x24 CMakeFiles/C_Board.elf.dir/Drivers/STM32F4xx_HAL_Driver/Src/stm32f4xx_hal_tim.c.obj
 .text.TIM_TI2_ConfigInputStage
                0x08003440       0x26 CMakeFiles/C_Board.elf.dir/Drivers/STM32F4xx_HAL_Driver/Src/stm32f4xx_hal_tim.c.obj
 .text.TIM_ITRx_SetConfig
                0x08003466       0x10 CMakeFiles/C_Board.elf.dir/Drivers/STM32F4xx_HAL_Driver/Src/stm32f4xx_hal_tim.c.obj
 .text.HAL_TIM_PWM_MspInit
                0x08003476        0x2 CMakeFiles/C_Board.elf.dir/Drivers/STM32F4xx_HAL_Driver/Src/stm32f4xx_hal_tim.c.obj
                0x08003476                HAL_TIM_PWM_MspInit
 .text.HAL_TIM_PeriodElapsedCallback
                0x08003478        0x2 CMakeFiles/C_Board.elf.dir/Drivers/STM32F4xx_HAL_Driver/Src/stm32f4xx_hal_tim.c.obj
                0x08003478                HAL_TIM_PeriodElapsedCallback
 .text.HAL_TIM_OC_DelayElapsedCallback
                0x0800347a        0x2 CMakeFiles/C_Board.elf.dir/Drivers/STM32F4xx_HAL_Driver/Src/stm32f4xx_hal_tim.c.obj
                0x0800347a                HAL_TIM_OC_DelayElapsedCallback
 .text.HAL_TIM_IC_CaptureCallback
                0x0800347c        0x2 CMakeFiles/C_Board.elf.dir/Drivers/STM32F4xx_HAL_Driver/Src/stm32f4xx_hal_tim.c.obj
                0x0800347c                HAL_TIM_IC_CaptureCallback
 .text.HAL_TIM_PWM_PulseFinishedCallback
                0x0800347e        0x2 CMakeFiles/C_Board.elf.dir/Drivers/STM32F4xx_HAL_Driver/Src/stm32f4xx_hal_tim.c.obj
                0x0800347e                HAL_TIM_PWM_PulseFinishedCallback
 .text.HAL_TIM_TriggerCallback
                0x08003480        0x2 CMakeFiles/C_Board.elf.dir/Drivers/STM32F4xx_HAL_Driver/Src/stm32f4xx_hal_tim.c.obj
                0x08003480                HAL_TIM_TriggerCallback
 .text.HAL_TIM_IRQHandler
                0x08003482      0x17a CMakeFiles/C_Board.elf.dir/Drivers/STM32F4xx_HAL_Driver/Src/stm32f4xx_hal_tim.c.obj
                0x08003482                HAL_TIM_IRQHandler
 .text.TIM_Base_SetConfig
                0x080035fc       0xc8 CMakeFiles/C_Board.elf.dir/Drivers/STM32F4xx_HAL_Driver/Src/stm32f4xx_hal_tim.c.obj
                0x080035fc                TIM_Base_SetConfig
 .text.HAL_TIM_Base_Init
                0x080036c4       0x34 CMakeFiles/C_Board.elf.dir/Drivers/STM32F4xx_HAL_Driver/Src/stm32f4xx_hal_tim.c.obj
                0x080036c4                HAL_TIM_Base_Init
 .text.HAL_TIM_PWM_Init
                0x080036f8       0x34 CMakeFiles/C_Board.elf.dir/Drivers/STM32F4xx_HAL_Driver/Src/stm32f4xx_hal_tim.c.obj
                0x080036f8                HAL_TIM_PWM_Init
 .text.TIM_OC2_SetConfig
                0x0800372c       0x70 CMakeFiles/C_Board.elf.dir/Drivers/STM32F4xx_HAL_Driver/Src/stm32f4xx_hal_tim.c.obj
                0x0800372c                TIM_OC2_SetConfig
 .text.HAL_TIM_PWM_ConfigChannel
                0x0800379c       0xdc CMakeFiles/C_Board.elf.dir/Drivers/STM32F4xx_HAL_Driver/Src/stm32f4xx_hal_tim.c.obj
                0x0800379c                HAL_TIM_PWM_ConfigChannel
 .text.TIM_ETR_SetConfig
                0x08003878       0x16 CMakeFiles/C_Board.elf.dir/Drivers/STM32F4xx_HAL_Driver/Src/stm32f4xx_hal_tim.c.obj
                0x08003878                TIM_ETR_SetConfig
 .text.HAL_TIM_ConfigClockSource
                0x0800388e       0xda CMakeFiles/C_Board.elf.dir/Drivers/STM32F4xx_HAL_Driver/Src/stm32f4xx_hal_tim.c.obj
                0x0800388e                HAL_TIM_ConfigClockSource
 .text.HAL_TIMEx_MasterConfigSynchronization
                0x08003968       0x88 CMakeFiles/C_Board.elf.dir/Drivers/STM32F4xx_HAL_Driver/Src/stm32f4xx_hal_tim_ex.c.obj
                0x08003968                HAL_TIMEx_MasterConfigSynchronization
 .text.HAL_TIMEx_CommutCallback
                0x080039f0        0x2 CMakeFiles/C_Board.elf.dir/Drivers/STM32F4xx_HAL_Driver/Src/stm32f4xx_hal_tim_ex.c.obj
                0x080039f0                HAL_TIMEx_CommutCallback
 .text.HAL_TIMEx_BreakCallback
                0x080039f2        0x2 CMakeFiles/C_Board.elf.dir/Drivers/STM32F4xx_HAL_Driver/Src/stm32f4xx_hal_tim_ex.c.obj
                0x080039f2                HAL_TIMEx_BreakCallback
 .text.UART_SetConfig
                0x080039f4      0x1e8 CMakeFiles/C_Board.elf.dir/Drivers/STM32F4xx_HAL_Driver/Src/stm32f4xx_hal_uart.c.obj
 .text.HAL_UART_Init
                0x08003bdc       0x5e CMakeFiles/C_Board.elf.dir/Drivers/STM32F4xx_HAL_Driver/Src/stm32f4xx_hal_uart.c.obj
                0x08003bdc                HAL_UART_Init
 *fill*         0x08003c3a        0x2 
 .text.oled_write_byte
                0x08003c3c       0x34 CMakeFiles/C_Board.elf.dir/devices/OLED.c.obj
                0x08003c3c                oled_write_byte
 .text.OLED_init
                0x08003c70       0xe4 CMakeFiles/C_Board.elf.dir/devices/OLED.c.obj
                0x08003c70                OLED_init
 .text.Reset_Handler
                0x08003d54       0x50 CMakeFiles/C_Board.elf.dir/startup/startup_stm32f407xx.s.obj
                0x08003d54                Reset_Handler
 .text.Default_Handler
                0x08003da4        0x2 CMakeFiles/C_Board.elf.dir/startup/startup_stm32f407xx.s.obj
                0x08003da4                RTC_Alarm_IRQHandler
                0x08003da4                HASH_RNG_IRQHandler
                0x08003da4                EXTI2_IRQHandler
                0x08003da4                TIM8_CC_IRQHandler
                0x08003da4                TIM1_CC_IRQHandler
                0x08003da4                DMA2_Stream5_IRQHandler
                0x08003da4                DMA1_Stream5_IRQHandler
                0x08003da4                PVD_IRQHandler
                0x08003da4                SDIO_IRQHandler
                0x08003da4                TAMP_STAMP_IRQHandler
                0x08003da4                CAN2_RX1_IRQHandler
                0x08003da4                EXTI3_IRQHandler
                0x08003da4                TIM8_TRG_COM_TIM14_IRQHandler
                0x08003da4                TIM8_UP_TIM13_IRQHandler
                0x08003da4                I2C3_ER_IRQHandler
                0x08003da4                I2C2_EV_IRQHandler
                0x08003da4                DMA1_Stream2_IRQHandler
                0x08003da4                CAN1_RX0_IRQHandler
                0x08003da4                FPU_IRQHandler
                0x08003da4                OTG_HS_WKUP_IRQHandler
                0x08003da4                CAN2_SCE_IRQHandler
                0x08003da4                DMA2_Stream2_IRQHandler
                0x08003da4                SPI1_IRQHandler
                0x08003da4                TIM6_DAC_IRQHandler
                0x08003da4                TIM1_BRK_TIM9_IRQHandler
                0x08003da4                DCMI_IRQHandler
                0x08003da4                CAN2_RX0_IRQHandler
                0x08003da4                DMA2_Stream3_IRQHandler
                0x08003da4                USART6_IRQHandler
                0x08003da4                CAN1_RX1_IRQHandler
                0x08003da4                UART5_IRQHandler
                0x08003da4                DMA2_Stream0_IRQHandler
                0x08003da4                TIM4_IRQHandler
                0x08003da4                I2C1_EV_IRQHandler
                0x08003da4                DMA1_Stream6_IRQHandler
                0x08003da4                UART4_IRQHandler
                0x08003da4                TIM3_IRQHandler
                0x08003da4                RCC_IRQHandler
                0x08003da4                TIM8_BRK_TIM12_IRQHandler
                0x08003da4                Default_Handler
                0x08003da4                EXTI15_10_IRQHandler
                0x08003da4                ADC_IRQHandler
                0x08003da4                DMA1_Stream7_IRQHandler
                0x08003da4                TIM7_IRQHandler
                0x08003da4                CAN2_TX_IRQHandler
                0x08003da4                TIM5_IRQHandler
                0x08003da4                DMA2_Stream7_IRQHandler
                0x08003da4                I2C3_EV_IRQHandler
                0x08003da4                EXTI9_5_IRQHandler
                0x08003da4                RTC_WKUP_IRQHandler
                0x08003da4                ETH_WKUP_IRQHandler
                0x08003da4                SPI2_IRQHandler
                0x08003da4                OTG_HS_EP1_IN_IRQHandler
                0x08003da4                DMA1_Stream0_IRQHandler
                0x08003da4                CAN1_TX_IRQHandler
                0x08003da4                EXTI4_IRQHandler
                0x08003da4                FSMC_IRQHandler
                0x08003da4                ETH_IRQHandler
                0x08003da4                OTG_HS_EP1_OUT_IRQHandler
                0x08003da4                WWDG_IRQHandler
                0x08003da4                TIM2_IRQHandler
                0x08003da4                OTG_FS_WKUP_IRQHandler
                0x08003da4                TIM1_TRG_COM_TIM11_IRQHandler
                0x08003da4                OTG_HS_IRQHandler
                0x08003da4                EXTI1_IRQHandler
                0x08003da4                USART2_IRQHandler
                0x08003da4                I2C2_ER_IRQHandler
                0x08003da4                DMA2_Stream1_IRQHandler
                0x08003da4                CAN1_SCE_IRQHandler
                0x08003da4                FLASH_IRQHandler
                0x08003da4                DMA2_Stream4_IRQHandler
                0x08003da4                USART1_IRQHandler
                0x08003da4                OTG_FS_IRQHandler
                0x08003da4                SPI3_IRQHandler
                0x08003da4                DMA1_Stream4_IRQHandler
                0x08003da4                I2C1_ER_IRQHandler
                0x08003da4                DMA2_Stream6_IRQHandler
                0x08003da4                DMA1_Stream3_IRQHandler
 *fill*         0x08003da6        0x2 
 .text.__libc_init_array
                0x08003da8       0x48 e:/stm32+clion/gcc-arm-none-eabi-9-2020-q2-update-win32/bin/../lib/gcc/arm-none-eabi/9.3.1/../../../../arm-none-eabi/lib/thumb/v7e-m/nofp\libg.a(lib_a-init.o)
                0x08003da8                __libc_init_array
 .text.memset   0x08003df0       0xa0 e:/stm32+clion/gcc-arm-none-eabi-9-2020-q2-update-win32/bin/../lib/gcc/arm-none-eabi/9.3.1/../../../../arm-none-eabi/lib/thumb/v7e-m/nofp\libg.a(lib_a-memset.o)
                0x08003df0                memset
 .text.startup.register_fini
                0x08003e90       0x14 e:/stm32+clion/gcc-arm-none-eabi-9-2020-q2-update-win32/bin/../lib/gcc/arm-none-eabi/9.3.1/../../../../arm-none-eabi/lib/thumb/v7e-m/nofp\libg.a(lib_a-__call_atexit.o)
 .text.atexit   0x08003ea4        0xc e:/stm32+clion/gcc-arm-none-eabi-9-2020-q2-update-win32/bin/../lib/gcc/arm-none-eabi/9.3.1/../../../../arm-none-eabi/lib/thumb/v7e-m/nofp\libg.a(lib_a-atexit.o)
                0x08003ea4                atexit
 .text.__libc_fini_array
                0x08003eb0       0x2c e:/stm32+clion/gcc-arm-none-eabi-9-2020-q2-update-win32/bin/../lib/gcc/arm-none-eabi/9.3.1/../../../../arm-none-eabi/lib/thumb/v7e-m/nofp\libg.a(lib_a-fini.o)
                0x08003eb0                __libc_fini_array
 .text.__retarget_lock_acquire_recursive
                0x08003edc        0x4 e:/stm32+clion/gcc-arm-none-eabi-9-2020-q2-update-win32/bin/../lib/gcc/arm-none-eabi/9.3.1/../../../../arm-none-eabi/lib/thumb/v7e-m/nofp\libg.a(lib_a-lock.o)
                0x08003edc                __retarget_lock_acquire_recursive
 .text.__retarget_lock_release_recursive
                0x08003ee0        0x4 e:/stm32+clion/gcc-arm-none-eabi-9-2020-q2-update-win32/bin/../lib/gcc/arm-none-eabi/9.3.1/../../../../arm-none-eabi/lib/thumb/v7e-m/nofp\libg.a(lib_a-lock.o)
                0x08003ee0                __retarget_lock_release_recursive
 .text.__register_exitproc
                0x08003ee4       0x8c e:/stm32+clion/gcc-arm-none-eabi-9-2020-q2-update-win32/bin/../lib/gcc/arm-none-eabi/9.3.1/../../../../arm-none-eabi/lib/thumb/v7e-m/nofp\libg.a(lib_a-__atexit.o)
                0x08003ee4                __register_exitproc
 *(.glue_7)
 .glue_7        0x08003f70        0x0 linker stubs
 *(.glue_7t)
 .glue_7t       0x08003f70        0x0 linker stubs
 *(.eh_frame)
 .eh_frame      0x08003f70        0x0 e:/stm32+clion/gcc-arm-none-eabi-9-2020-q2-update-win32/bin/../lib/gcc/arm-none-eabi/9.3.1/thumb/v7e-m/nofp/crtbegin.o
 *(.init)
 .init          0x08003f70        0x4 e:/stm32+clion/gcc-arm-none-eabi-9-2020-q2-update-win32/bin/../lib/gcc/arm-none-eabi/9.3.1/thumb/v7e-m/nofp/crti.o
                0x08003f70                _init
 .init          0x08003f74        0x8 e:/stm32+clion/gcc-arm-none-eabi-9-2020-q2-update-win32/bin/../lib/gcc/arm-none-eabi/9.3.1/thumb/v7e-m/nofp/crtn.o
 *(.fini)
 .fini          0x08003f7c        0x4 e:/stm32+clion/gcc-arm-none-eabi-9-2020-q2-update-win32/bin/../lib/gcc/arm-none-eabi/9.3.1/thumb/v7e-m/nofp/crti.o
                0x08003f7c                _fini
 .fini          0x08003f80        0x8 e:/stm32+clion/gcc-arm-none-eabi-9-2020-q2-update-win32/bin/../lib/gcc/arm-none-eabi/9.3.1/thumb/v7e-m/nofp/crtn.o
                0x08003f88                . = ALIGN (0x4)
                0x08003f88                _etext = .

.vfp11_veneer   0x08003f88        0x0
 .vfp11_veneer  0x08003f88        0x0 linker stubs

.v4_bx          0x08003f88        0x0
 .v4_bx         0x08003f88        0x0 linker stubs

.iplt           0x08003f88        0x0
 .iplt          0x08003f88        0x0 e:/stm32+clion/gcc-arm-none-eabi-9-2020-q2-update-win32/bin/../lib/gcc/arm-none-eabi/9.3.1/thumb/v7e-m/nofp/crtbegin.o

.rodata         0x08003f88       0x24
                0x08003f88                . = ALIGN (0x4)
 *(.rodata)
 *(.rodata*)
 .rodata.AHBPrescTable
                0x08003f88       0x10 CMakeFiles/C_Board.elf.dir/Core/Src/system_stm32f4xx.c.obj
                0x08003f88                AHBPrescTable
 .rodata.APBPrescTable
                0x08003f98        0x8 CMakeFiles/C_Board.elf.dir/Core/Src/system_stm32f4xx.c.obj
                0x08003f98                APBPrescTable
 .rodata.flagBitshiftOffset.7406
                0x08003fa0        0x8 CMakeFiles/C_Board.elf.dir/Drivers/STM32F4xx_HAL_Driver/Src/stm32f4xx_hal_dma.c.obj
 .rodata._global_impure_ptr
                0x08003fa8        0x4 e:/stm32+clion/gcc-arm-none-eabi-9-2020-q2-update-win32/bin/../lib/gcc/arm-none-eabi/9.3.1/../../../../arm-none-eabi/lib/thumb/v7e-m/nofp\libg.a(lib_a-impure.o)
                0x08003fa8                _global_impure_ptr
                0x08003fac                . = ALIGN (0x4)

.ARM.extab
 *(.ARM.extab* .gnu.linkonce.armextab.*)

.ARM            0x08003fac        0x8
                0x08003fac                __exidx_start = .
 *(.ARM.exidx*)
 .ARM.exidx     0x08003fac        0x8 e:/stm32+clion/gcc-arm-none-eabi-9-2020-q2-update-win32/bin/../lib/gcc/arm-none-eabi/9.3.1/thumb/v7e-m/nofp\libgcc.a(_udivmoddi4.o)
                0x08003fb4                __exidx_end = .

.rel.dyn        0x08003fb4        0x0
 .rel.iplt      0x08003fb4        0x0 e:/stm32+clion/gcc-arm-none-eabi-9-2020-q2-update-win32/bin/../lib/gcc/arm-none-eabi/9.3.1/thumb/v7e-m/nofp/crtbegin.o

.preinit_array  0x08003fb4        0x0
                0x08003fb4                PROVIDE (__preinit_array_start = .)
 *(.preinit_array*)
                0x08003fb4                PROVIDE (__preinit_array_end = .)

.init_array     0x08003fb4        0x8
                0x08003fb4                PROVIDE (__init_array_start = .)
 *(SORT_BY_NAME(.init_array.*))
 .init_array.00000
                0x08003fb4        0x4 e:/stm32+clion/gcc-arm-none-eabi-9-2020-q2-update-win32/bin/../lib/gcc/arm-none-eabi/9.3.1/../../../../arm-none-eabi/lib/thumb/v7e-m/nofp\libg.a(lib_a-__call_atexit.o)
 *(.init_array*)
 .init_array    0x08003fb8        0x4 e:/stm32+clion/gcc-arm-none-eabi-9-2020-q2-update-win32/bin/../lib/gcc/arm-none-eabi/9.3.1/thumb/v7e-m/nofp/crtbegin.o
                0x08003fbc                PROVIDE (__init_array_end = .)

.fini_array     0x08003fbc        0x4
                0x08003fbc                PROVIDE (__fini_array_start = .)
 *(SORT_BY_NAME(.fini_array.*))
 *(.fini_array*)
 .fini_array    0x08003fbc        0x4 e:/stm32+clion/gcc-arm-none-eabi-9-2020-q2-update-win32/bin/../lib/gcc/arm-none-eabi/9.3.1/thumb/v7e-m/nofp/crtbegin.o
                0x08003fc0                PROVIDE (__fini_array_end = .)
                0x08003fc0                _sidata = LOADADDR (.data)

.data           0x20000000      0x43c load address 0x08003fc0
                0x20000000                . = ALIGN (0x4)
                0x20000000                _sdata = .
 *(.data)
 *(.data*)
 .data.voltage_vrefint_proportion
                0x20000000        0x4 CMakeFiles/C_Board.elf.dir/Board_test/bsp_adc.c.obj
                0x20000000                voltage_vrefint_proportion
 .data.SystemCoreClock
                0x20000004        0x4 CMakeFiles/C_Board.elf.dir/Core/Src/system_stm32f4xx.c.obj
                0x20000004                SystemCoreClock
 .data.uwTickFreq
                0x20000008        0x1 CMakeFiles/C_Board.elf.dir/Drivers/STM32F4xx_HAL_Driver/Src/stm32f4xx_hal.c.obj
                0x20000008                uwTickFreq
 *fill*         0x20000009        0x3 
 .data.uwTickPrio
                0x2000000c        0x4 CMakeFiles/C_Board.elf.dir/Drivers/STM32F4xx_HAL_Driver/Src/stm32f4xx_hal.c.obj
                0x2000000c                uwTickPrio
 .data.impure_data
                0x20000010      0x428 e:/stm32+clion/gcc-arm-none-eabi-9-2020-q2-update-win32/bin/../lib/gcc/arm-none-eabi/9.3.1/../../../../arm-none-eabi/lib/thumb/v7e-m/nofp\libg.a(lib_a-impure.o)
 .data.__atexit_recursive_mutex
                0x20000438        0x4 e:/stm32+clion/gcc-arm-none-eabi-9-2020-q2-update-win32/bin/../lib/gcc/arm-none-eabi/9.3.1/../../../../arm-none-eabi/lib/thumb/v7e-m/nofp\libg.a(lib_a-__call_atexit.o)
                0x20000438                __atexit_recursive_mutex
                0x2000043c                . = ALIGN (0x4)
                0x2000043c                _edata = .
                0x080043fc                _siccmram = LOADADDR (.ccmram)

.igot.plt       0x2000043c        0x0 load address 0x080043fc
 .igot.plt      0x2000043c        0x0 e:/stm32+clion/gcc-arm-none-eabi-9-2020-q2-update-win32/bin/../lib/gcc/arm-none-eabi/9.3.1/thumb/v7e-m/nofp/crtbegin.o

.ccmram         0x10000000        0x0 load address 0x080043fc
                0x10000000                . = ALIGN (0x4)
                0x10000000                _sccmram = .
 *(.ccmram)
 *(.ccmram*)
                0x10000000                . = ALIGN (0x4)
                0x10000000                _eccmram = .
                0x10000000                . = ALIGN (0x4)

.bss            0x2000043c      0x378
                0x2000043c                _sbss = .
                0x2000043c                __bss_start__ = _sbss
 *(.bss)
 .bss           0x2000043c       0x1c e:/stm32+clion/gcc-arm-none-eabi-9-2020-q2-update-win32/bin/../lib/gcc/arm-none-eabi/9.3.1/thumb/v7e-m/nofp/crtbegin.o
 *(.bss*)
 .bss.chassis_can_send_data
                0x20000458        0x8 CMakeFiles/C_Board.elf.dir/APP/CAN_receive.c.obj
 .bss.chassis_tx_message
                0x20000460       0x18 CMakeFiles/C_Board.elf.dir/APP/CAN_receive.c.obj
 .bss.rc_ctrl   0x20000478       0x16 CMakeFiles/C_Board.elf.dir/APP/remote_control.c.obj
                0x20000478                rc_ctrl
 *fill*         0x2000048e        0x2 
 .bss.sbus_rx_buf
                0x20000490       0x48 CMakeFiles/C_Board.elf.dir/APP/remote_control.c.obj
 .bss.this_time_rx_len.7340
                0x200004d8        0x2 CMakeFiles/C_Board.elf.dir/APP/remote_control.c.obj
 *fill*         0x200004da        0x2 
 .bss.sConfig.7313
                0x200004dc       0x10 CMakeFiles/C_Board.elf.dir/Board_test/bsp_adc.c.obj
 .bss.exit_flag
                0x200004ec        0x1 CMakeFiles/C_Board.elf.dir/Board_test/bsp_key.c.obj
                0x200004ec                exit_flag
 .bss.rising_falling_flag
                0x200004ed        0x1 CMakeFiles/C_Board.elf.dir/Board_test/bsp_key.c.obj
                0x200004ed                rising_falling_flag
 *fill*         0x200004ee        0x2 
 .bss.hadc1     0x200004f0       0x48 CMakeFiles/C_Board.elf.dir/Core/Src/adc.c.obj
                0x200004f0                hadc1
 .bss.hadc3     0x20000538       0x48 CMakeFiles/C_Board.elf.dir/Core/Src/adc.c.obj
                0x20000538                hadc3
 .bss.HAL_RCC_CAN1_CLK_ENABLED
                0x20000580        0x4 CMakeFiles/C_Board.elf.dir/Core/Src/can.c.obj
 .bss.hcan1     0x20000584       0x28 CMakeFiles/C_Board.elf.dir/Core/Src/can.c.obj
                0x20000584                hcan1
 .bss.hcan2     0x200005ac       0x28 CMakeFiles/C_Board.elf.dir/Core/Src/can.c.obj
                0x200005ac                hcan2
 .bss.hi2c2     0x200005d4       0x54 CMakeFiles/C_Board.elf.dir/Core/Src/i2c.c.obj
                0x200005d4                hi2c2
 .bss.htim1     0x20000628       0x40 CMakeFiles/C_Board.elf.dir/Core/Src/tim.c.obj
                0x20000628                htim1
 .bss.htim4     0x20000668       0x40 CMakeFiles/C_Board.elf.dir/Core/Src/tim.c.obj
                0x20000668                htim4
 .bss.hdma_usart3_rx
                0x200006a8       0x60 CMakeFiles/C_Board.elf.dir/Core/Src/usart.c.obj
                0x200006a8                hdma_usart3_rx
 .bss.huart1    0x20000708       0x40 CMakeFiles/C_Board.elf.dir/Core/Src/usart.c.obj
                0x20000708                huart1
 .bss.huart3    0x20000748       0x40 CMakeFiles/C_Board.elf.dir/Core/Src/usart.c.obj
                0x20000748                huart3
 .bss.uwTick    0x20000788        0x4 CMakeFiles/C_Board.elf.dir/Drivers/STM32F4xx_HAL_Driver/Src/stm32f4xx_hal.c.obj
                0x20000788                uwTick
 .bss.cmd_data.8365
                0x2000078c        0x2 CMakeFiles/C_Board.elf.dir/devices/OLED.c.obj
 *(COMMON)
 *fill*         0x2000078e        0x2 
 COMMON         0x20000790       0x21 e:/stm32+clion/gcc-arm-none-eabi-9-2020-q2-update-win32/bin/../lib/gcc/arm-none-eabi/9.3.1/../../../../arm-none-eabi/lib/thumb/v7e-m/nofp\libg.a(lib_a-lock.o)
                0x20000790                __lock___atexit_recursive_mutex
                0x20000794                __lock___arc4random_mutex
                0x20000798                __lock___env_recursive_mutex
                0x2000079c                __lock___sinit_recursive_mutex
                0x200007a0                __lock___malloc_recursive_mutex
                0x200007a4                __lock___at_quick_exit_mutex
                0x200007a8                __lock___dd_hash_mutex
                0x200007ac                __lock___tz_mutex
                0x200007b0                __lock___sfp_recursive_mutex
                0x200007b4                . = ALIGN (0x4)
 *fill*         0x200007b1        0x3 
                0x200007b4                _ebss = .
                0x200007b4                __bss_end__ = _ebss

._user_heap_stack
                0x200007b4      0x604
                0x200007b8                . = ALIGN (0x8)
 *fill*         0x200007b4        0x4 
                0x200007b8                PROVIDE (end = .)
                [!provide]                PROVIDE (_end = .)
                0x200009b8                . = (. + _Min_Heap_Size)
 *fill*         0x200007b8      0x200 
                0x20000db8                . = (. + _Min_Stack_Size)
 *fill*         0x200009b8      0x400 
                0x20000db8                . = ALIGN (0x8)

/DISCARD/
 libc.a(*)
 libm.a(*)
 libgcc.a(*)

.ARM.attributes
                0x00000000       0x2a
 *(.ARM.attributes)
 .ARM.attributes
                0x00000000       0x1e e:/stm32+clion/gcc-arm-none-eabi-9-2020-q2-update-win32/bin/../lib/gcc/arm-none-eabi/9.3.1/thumb/v7e-m/nofp/crti.o
 .ARM.attributes
                0x0000001e       0x2e e:/stm32+clion/gcc-arm-none-eabi-9-2020-q2-update-win32/bin/../lib/gcc/arm-none-eabi/9.3.1/thumb/v7e-m/nofp/crtbegin.o
 .ARM.attributes
                0x0000004c       0x2e CMakeFiles/C_Board.elf.dir/APP/CAN_receive.c.obj
 .ARM.attributes
                0x0000007a       0x2e CMakeFiles/C_Board.elf.dir/APP/remote_control.c.obj
 .ARM.attributes
                0x000000a8       0x2e CMakeFiles/C_Board.elf.dir/Board_test/bsp_adc.c.obj
 .ARM.attributes
                0x000000d6       0x2e CMakeFiles/C_Board.elf.dir/Board_test/bsp_can.c.obj
 .ARM.attributes
                0x00000104       0x2e CMakeFiles/C_Board.elf.dir/Board_test/bsp_key.c.obj
 .ARM.attributes
                0x00000132       0x2e CMakeFiles/C_Board.elf.dir/Board_test/bsp_rc.c.obj
 .ARM.attributes
                0x00000160       0x2e CMakeFiles/C_Board.elf.dir/Core/Src/adc.c.obj
 .ARM.attributes
                0x0000018e       0x2e CMakeFiles/C_Board.elf.dir/Core/Src/can.c.obj
 .ARM.attributes
                0x000001bc       0x2e CMakeFiles/C_Board.elf.dir/Core/Src/dma.c.obj
 .ARM.attributes
                0x000001ea       0x2e CMakeFiles/C_Board.elf.dir/Core/Src/gpio.c.obj
 .ARM.attributes
                0x00000218       0x2e CMakeFiles/C_Board.elf.dir/Core/Src/i2c.c.obj
 .ARM.attributes
                0x00000246       0x2e CMakeFiles/C_Board.elf.dir/Core/Src/main.c.obj
 .ARM.attributes
                0x00000274       0x2e CMakeFiles/C_Board.elf.dir/Core/Src/stm32f4xx_hal_msp.c.obj
 .ARM.attributes
                0x000002a2       0x2e CMakeFiles/C_Board.elf.dir/Core/Src/stm32f4xx_it.c.obj
 .ARM.attributes
                0x000002d0       0x2e CMakeFiles/C_Board.elf.dir/Core/Src/system_stm32f4xx.c.obj
 .ARM.attributes
                0x000002fe       0x2e CMakeFiles/C_Board.elf.dir/Core/Src/tim.c.obj
 .ARM.attributes
                0x0000032c       0x2e CMakeFiles/C_Board.elf.dir/Core/Src/usart.c.obj
 .ARM.attributes
                0x0000035a       0x2e CMakeFiles/C_Board.elf.dir/Drivers/STM32F4xx_HAL_Driver/Src/stm32f4xx_hal.c.obj
 .ARM.attributes
                0x00000388       0x2e CMakeFiles/C_Board.elf.dir/Drivers/STM32F4xx_HAL_Driver/Src/stm32f4xx_hal_adc.c.obj
 .ARM.attributes
                0x000003b6       0x2e CMakeFiles/C_Board.elf.dir/Drivers/STM32F4xx_HAL_Driver/Src/stm32f4xx_hal_can.c.obj
 .ARM.attributes
                0x000003e4       0x2e CMakeFiles/C_Board.elf.dir/Drivers/STM32F4xx_HAL_Driver/Src/stm32f4xx_hal_cortex.c.obj
 .ARM.attributes
                0x00000412       0x2e CMakeFiles/C_Board.elf.dir/Drivers/STM32F4xx_HAL_Driver/Src/stm32f4xx_hal_dma.c.obj
 .ARM.attributes
                0x00000440       0x2e CMakeFiles/C_Board.elf.dir/Drivers/STM32F4xx_HAL_Driver/Src/stm32f4xx_hal_gpio.c.obj
 .ARM.attributes
                0x0000046e       0x2e CMakeFiles/C_Board.elf.dir/Drivers/STM32F4xx_HAL_Driver/Src/stm32f4xx_hal_i2c.c.obj
 .ARM.attributes
                0x0000049c       0x2e CMakeFiles/C_Board.elf.dir/Drivers/STM32F4xx_HAL_Driver/Src/stm32f4xx_hal_rcc.c.obj
 .ARM.attributes
                0x000004ca       0x2e CMakeFiles/C_Board.elf.dir/Drivers/STM32F4xx_HAL_Driver/Src/stm32f4xx_hal_tim.c.obj
 .ARM.attributes
                0x000004f8       0x2e CMakeFiles/C_Board.elf.dir/Drivers/STM32F4xx_HAL_Driver/Src/stm32f4xx_hal_tim_ex.c.obj
 .ARM.attributes
                0x00000526       0x2e CMakeFiles/C_Board.elf.dir/Drivers/STM32F4xx_HAL_Driver/Src/stm32f4xx_hal_uart.c.obj
 .ARM.attributes
                0x00000554       0x2e CMakeFiles/C_Board.elf.dir/devices/OLED.c.obj
 .ARM.attributes
                0x00000582       0x21 CMakeFiles/C_Board.elf.dir/startup/startup_stm32f407xx.s.obj
 .ARM.attributes
                0x000005a3       0x1e e:/stm32+clion/gcc-arm-none-eabi-9-2020-q2-update-win32/bin/../lib/gcc/arm-none-eabi/9.3.1/thumb/v7e-m/nofp\libgcc.a(_arm_addsubsf3.o)
 .ARM.attributes
                0x000005c1       0x1e e:/stm32+clion/gcc-arm-none-eabi-9-2020-q2-update-win32/bin/../lib/gcc/arm-none-eabi/9.3.1/thumb/v7e-m/nofp\libgcc.a(_arm_muldivsf3.o)
 .ARM.attributes
                0x000005df       0x1e e:/stm32+clion/gcc-arm-none-eabi-9-2020-q2-update-win32/bin/../lib/gcc/arm-none-eabi/9.3.1/thumb/v7e-m/nofp\libgcc.a(_aeabi_uldivmod.o)
 .ARM.attributes
                0x000005fd       0x2e e:/stm32+clion/gcc-arm-none-eabi-9-2020-q2-update-win32/bin/../lib/gcc/arm-none-eabi/9.3.1/thumb/v7e-m/nofp\libgcc.a(_udivmoddi4.o)
 .ARM.attributes
                0x0000062b       0x1e e:/stm32+clion/gcc-arm-none-eabi-9-2020-q2-update-win32/bin/../lib/gcc/arm-none-eabi/9.3.1/thumb/v7e-m/nofp\libgcc.a(_dvmd_tls.o)
 .ARM.attributes
                0x00000649       0x2e e:/stm32+clion/gcc-arm-none-eabi-9-2020-q2-update-win32/bin/../lib/gcc/arm-none-eabi/9.3.1/../../../../arm-none-eabi/lib/thumb/v7e-m/nofp\libg.a(lib_a-impure.o)
 .ARM.attributes
                0x00000677       0x2e e:/stm32+clion/gcc-arm-none-eabi-9-2020-q2-update-win32/bin/../lib/gcc/arm-none-eabi/9.3.1/../../../../arm-none-eabi/lib/thumb/v7e-m/nofp\libg.a(lib_a-init.o)
 .ARM.attributes
                0x000006a5       0x2e e:/stm32+clion/gcc-arm-none-eabi-9-2020-q2-update-win32/bin/../lib/gcc/arm-none-eabi/9.3.1/../../../../arm-none-eabi/lib/thumb/v7e-m/nofp\libg.a(lib_a-memset.o)
 .ARM.attributes
                0x000006d3       0x2e e:/stm32+clion/gcc-arm-none-eabi-9-2020-q2-update-win32/bin/../lib/gcc/arm-none-eabi/9.3.1/../../../../arm-none-eabi/lib/thumb/v7e-m/nofp\libg.a(lib_a-__call_atexit.o)
 .ARM.attributes
                0x00000701       0x2e e:/stm32+clion/gcc-arm-none-eabi-9-2020-q2-update-win32/bin/../lib/gcc/arm-none-eabi/9.3.1/../../../../arm-none-eabi/lib/thumb/v7e-m/nofp\libg.a(lib_a-atexit.o)
 .ARM.attributes
                0x0000072f       0x2e e:/stm32+clion/gcc-arm-none-eabi-9-2020-q2-update-win32/bin/../lib/gcc/arm-none-eabi/9.3.1/../../../../arm-none-eabi/lib/thumb/v7e-m/nofp\libg.a(lib_a-fini.o)
 .ARM.attributes
                0x0000075d       0x2e e:/stm32+clion/gcc-arm-none-eabi-9-2020-q2-update-win32/bin/../lib/gcc/arm-none-eabi/9.3.1/../../../../arm-none-eabi/lib/thumb/v7e-m/nofp\libg.a(lib_a-lock.o)
 .ARM.attributes
                0x0000078b       0x2e e:/stm32+clion/gcc-arm-none-eabi-9-2020-q2-update-win32/bin/../lib/gcc/arm-none-eabi/9.3.1/../../../../arm-none-eabi/lib/thumb/v7e-m/nofp\libg.a(lib_a-__atexit.o)
 .ARM.attributes
                0x000007b9       0x1e e:/stm32+clion/gcc-arm-none-eabi-9-2020-q2-update-win32/bin/../lib/gcc/arm-none-eabi/9.3.1/thumb/v7e-m/nofp/crtn.o
OUTPUT(C_Board.elf elf32-littlearm)
LOAD linker stubs
LOAD e:/stm32+clion/gcc-arm-none-eabi-9-2020-q2-update-win32/bin/../lib/gcc/arm-none-eabi/9.3.1/../../../../arm-none-eabi/lib/thumb/v7e-m/nofp\libc.a
LOAD e:/stm32+clion/gcc-arm-none-eabi-9-2020-q2-update-win32/bin/../lib/gcc/arm-none-eabi/9.3.1/../../../../arm-none-eabi/lib/thumb/v7e-m/nofp\libm.a
LOAD e:/stm32+clion/gcc-arm-none-eabi-9-2020-q2-update-win32/bin/../lib/gcc/arm-none-eabi/9.3.1/thumb/v7e-m/nofp\libgcc.a

.debug_info     0x00000000    0x1c315
 .debug_info    0x00000000      0xa14 CMakeFiles/C_Board.elf.dir/APP/CAN_receive.c.obj
 .debug_info    0x00000a14      0x8d6 CMakeFiles/C_Board.elf.dir/APP/remote_control.c.obj
 .debug_info    0x000012ea      0x918 CMakeFiles/C_Board.elf.dir/Board_test/bsp_adc.c.obj
 .debug_info    0x00001c02      0x6e2 CMakeFiles/C_Board.elf.dir/Board_test/bsp_can.c.obj
 .debug_info    0x000022e4      0x392 CMakeFiles/C_Board.elf.dir/Board_test/bsp_key.c.obj
 .debug_info    0x00002676      0x67c CMakeFiles/C_Board.elf.dir/Board_test/bsp_rc.c.obj
 .debug_info    0x00002cf2      0xbf6 CMakeFiles/C_Board.elf.dir/Core/Src/adc.c.obj
 .debug_info    0x000038e8      0xab1 CMakeFiles/C_Board.elf.dir/Core/Src/can.c.obj
 .debug_info    0x00004399      0x5e6 CMakeFiles/C_Board.elf.dir/Core/Src/dma.c.obj
 .debug_info    0x0000497f      0x82d CMakeFiles/C_Board.elf.dir/Core/Src/gpio.c.obj
 .debug_info    0x000051ac      0xb24 CMakeFiles/C_Board.elf.dir/Core/Src/i2c.c.obj
 .debug_info    0x00005cd0     0x19a3 CMakeFiles/C_Board.elf.dir/Core/Src/main.c.obj
 .debug_info    0x00007673      0x390 CMakeFiles/C_Board.elf.dir/Core/Src/stm32f4xx_hal_msp.c.obj
 .debug_info    0x00007a03      0xa34 CMakeFiles/C_Board.elf.dir/Core/Src/stm32f4xx_it.c.obj
 .debug_info    0x00008437      0x5b9 CMakeFiles/C_Board.elf.dir/Core/Src/system_stm32f4xx.c.obj
 .debug_info    0x000089f0     0x105a CMakeFiles/C_Board.elf.dir/Core/Src/tim.c.obj
 .debug_info    0x00009a4a      0xe83 CMakeFiles/C_Board.elf.dir/Core/Src/usart.c.obj
 .debug_info    0x0000a8cd      0xa79 CMakeFiles/C_Board.elf.dir/Drivers/STM32F4xx_HAL_Driver/Src/stm32f4xx_hal.c.obj
 .debug_info    0x0000b346      0xf7f CMakeFiles/C_Board.elf.dir/Drivers/STM32F4xx_HAL_Driver/Src/stm32f4xx_hal_adc.c.obj
 .debug_info    0x0000c2c5     0x133e CMakeFiles/C_Board.elf.dir/Drivers/STM32F4xx_HAL_Driver/Src/stm32f4xx_hal_can.c.obj
 .debug_info    0x0000d603     0x1154 CMakeFiles/C_Board.elf.dir/Drivers/STM32F4xx_HAL_Driver/Src/stm32f4xx_hal_cortex.c.obj
 .debug_info    0x0000e757      0xbed CMakeFiles/C_Board.elf.dir/Drivers/STM32F4xx_HAL_Driver/Src/stm32f4xx_hal_dma.c.obj
 .debug_info    0x0000f344      0x86f CMakeFiles/C_Board.elf.dir/Drivers/STM32F4xx_HAL_Driver/Src/stm32f4xx_hal_gpio.c.obj
 .debug_info    0x0000fbb3     0x39d9 CMakeFiles/C_Board.elf.dir/Drivers/STM32F4xx_HAL_Driver/Src/stm32f4xx_hal_i2c.c.obj
 .debug_info    0x0001358c      0xb5d CMakeFiles/C_Board.elf.dir/Drivers/STM32F4xx_HAL_Driver/Src/stm32f4xx_hal_rcc.c.obj
 .debug_info    0x000140e9     0x36b9 CMakeFiles/C_Board.elf.dir/Drivers/STM32F4xx_HAL_Driver/Src/stm32f4xx_hal_tim.c.obj
 .debug_info    0x000177a2     0x16f7 CMakeFiles/C_Board.elf.dir/Drivers/STM32F4xx_HAL_Driver/Src/stm32f4xx_hal_tim_ex.c.obj
 .debug_info    0x00018e99     0x19ad CMakeFiles/C_Board.elf.dir/Drivers/STM32F4xx_HAL_Driver/Src/stm32f4xx_hal_uart.c.obj
 .debug_info    0x0001a846     0x1aad CMakeFiles/C_Board.elf.dir/devices/OLED.c.obj
 .debug_info    0x0001c2f3       0x22 CMakeFiles/C_Board.elf.dir/startup/startup_stm32f407xx.s.obj

.debug_abbrev   0x00000000     0x3eb1
 .debug_abbrev  0x00000000      0x224 CMakeFiles/C_Board.elf.dir/APP/CAN_receive.c.obj
 .debug_abbrev  0x00000224      0x22c CMakeFiles/C_Board.elf.dir/APP/remote_control.c.obj
 .debug_abbrev  0x00000450      0x25c CMakeFiles/C_Board.elf.dir/Board_test/bsp_adc.c.obj
 .debug_abbrev  0x000006ac      0x1ac CMakeFiles/C_Board.elf.dir/Board_test/bsp_can.c.obj
 .debug_abbrev  0x00000858      0x160 CMakeFiles/C_Board.elf.dir/Board_test/bsp_key.c.obj
 .debug_abbrev  0x000009b8      0x16b CMakeFiles/C_Board.elf.dir/Board_test/bsp_rc.c.obj
 .debug_abbrev  0x00000b23      0x1ed CMakeFiles/C_Board.elf.dir/Core/Src/adc.c.obj
 .debug_abbrev  0x00000d10      0x207 CMakeFiles/C_Board.elf.dir/Core/Src/can.c.obj
 .debug_abbrev  0x00000f17      0x153 CMakeFiles/C_Board.elf.dir/Core/Src/dma.c.obj
 .debug_abbrev  0x0000106a      0x197 CMakeFiles/C_Board.elf.dir/Core/Src/gpio.c.obj
 .debug_abbrev  0x00001201      0x1ed CMakeFiles/C_Board.elf.dir/Core/Src/i2c.c.obj
 .debug_abbrev  0x000013ee      0x27a CMakeFiles/C_Board.elf.dir/Core/Src/main.c.obj
 .debug_abbrev  0x00001668      0x11a CMakeFiles/C_Board.elf.dir/Core/Src/stm32f4xx_hal_msp.c.obj
 .debug_abbrev  0x00001782      0x1bd CMakeFiles/C_Board.elf.dir/Core/Src/stm32f4xx_it.c.obj
 .debug_abbrev  0x0000193f      0x148 CMakeFiles/C_Board.elf.dir/Core/Src/system_stm32f4xx.c.obj
 .debug_abbrev  0x00001a87      0x209 CMakeFiles/C_Board.elf.dir/Core/Src/tim.c.obj
 .debug_abbrev  0x00001c90      0x209 CMakeFiles/C_Board.elf.dir/Core/Src/usart.c.obj
 .debug_abbrev  0x00001e99      0x219 CMakeFiles/C_Board.elf.dir/Drivers/STM32F4xx_HAL_Driver/Src/stm32f4xx_hal.c.obj
 .debug_abbrev  0x000020b2      0x266 CMakeFiles/C_Board.elf.dir/Drivers/STM32F4xx_HAL_Driver/Src/stm32f4xx_hal_adc.c.obj
 .debug_abbrev  0x00002318      0x294 CMakeFiles/C_Board.elf.dir/Drivers/STM32F4xx_HAL_Driver/Src/stm32f4xx_hal_can.c.obj
 .debug_abbrev  0x000025ac      0x390 CMakeFiles/C_Board.elf.dir/Drivers/STM32F4xx_HAL_Driver/Src/stm32f4xx_hal_cortex.c.obj
 .debug_abbrev  0x0000293c      0x2d5 CMakeFiles/C_Board.elf.dir/Drivers/STM32F4xx_HAL_Driver/Src/stm32f4xx_hal_dma.c.obj
 .debug_abbrev  0x00002c11      0x21c CMakeFiles/C_Board.elf.dir/Drivers/STM32F4xx_HAL_Driver/Src/stm32f4xx_hal_gpio.c.obj
 .debug_abbrev  0x00002e2d      0x2ab CMakeFiles/C_Board.elf.dir/Drivers/STM32F4xx_HAL_Driver/Src/stm32f4xx_hal_i2c.c.obj
 .debug_abbrev  0x000030d8      0x2ae CMakeFiles/C_Board.elf.dir/Drivers/STM32F4xx_HAL_Driver/Src/stm32f4xx_hal_rcc.c.obj
 .debug_abbrev  0x00003386      0x258 CMakeFiles/C_Board.elf.dir/Drivers/STM32F4xx_HAL_Driver/Src/stm32f4xx_hal_tim.c.obj
 .debug_abbrev  0x000035de      0x26e CMakeFiles/C_Board.elf.dir/Drivers/STM32F4xx_HAL_Driver/Src/stm32f4xx_hal_tim_ex.c.obj
 .debug_abbrev  0x0000384c      0x2c0 CMakeFiles/C_Board.elf.dir/Drivers/STM32F4xx_HAL_Driver/Src/stm32f4xx_hal_uart.c.obj
 .debug_abbrev  0x00003b0c      0x393 CMakeFiles/C_Board.elf.dir/devices/OLED.c.obj
 .debug_abbrev  0x00003e9f       0x12 CMakeFiles/C_Board.elf.dir/startup/startup_stm32f407xx.s.obj

.debug_loc      0x00000000     0xeef7
 .debug_loc     0x00000000      0x172 CMakeFiles/C_Board.elf.dir/APP/CAN_receive.c.obj
 .debug_loc     0x00000172       0x3f CMakeFiles/C_Board.elf.dir/APP/remote_control.c.obj
 .debug_loc     0x000001b1      0x128 CMakeFiles/C_Board.elf.dir/Board_test/bsp_adc.c.obj
 .debug_loc     0x000002d9       0x42 CMakeFiles/C_Board.elf.dir/Board_test/bsp_key.c.obj
 .debug_loc     0x0000031b       0x25 CMakeFiles/C_Board.elf.dir/Board_test/bsp_rc.c.obj
 .debug_loc     0x00000340       0x84 CMakeFiles/C_Board.elf.dir/Core/Src/adc.c.obj
 .debug_loc     0x000003c4       0xcb CMakeFiles/C_Board.elf.dir/Core/Src/can.c.obj
 .debug_loc     0x0000048f       0x67 CMakeFiles/C_Board.elf.dir/Core/Src/i2c.c.obj
 .debug_loc     0x000004f6       0x22 CMakeFiles/C_Board.elf.dir/Core/Src/main.c.obj
 .debug_loc     0x00000518      0x16c CMakeFiles/C_Board.elf.dir/Core/Src/system_stm32f4xx.c.obj
 .debug_loc     0x00000684       0xe0 CMakeFiles/C_Board.elf.dir/Core/Src/tim.c.obj
 .debug_loc     0x00000764       0xb8 CMakeFiles/C_Board.elf.dir/Core/Src/usart.c.obj
 .debug_loc     0x0000081c      0x141 CMakeFiles/C_Board.elf.dir/Drivers/STM32F4xx_HAL_Driver/Src/stm32f4xx_hal.c.obj
 .debug_loc     0x0000095d      0xb16 CMakeFiles/C_Board.elf.dir/Drivers/STM32F4xx_HAL_Driver/Src/stm32f4xx_hal_adc.c.obj
 .debug_loc     0x00001473      0xdd6 CMakeFiles/C_Board.elf.dir/Drivers/STM32F4xx_HAL_Driver/Src/stm32f4xx_hal_can.c.obj
 .debug_loc     0x00002249      0x744 CMakeFiles/C_Board.elf.dir/Drivers/STM32F4xx_HAL_Driver/Src/stm32f4xx_hal_cortex.c.obj
 .debug_loc     0x0000298d      0xbf9 CMakeFiles/C_Board.elf.dir/Drivers/STM32F4xx_HAL_Driver/Src/stm32f4xx_hal_dma.c.obj
 .debug_loc     0x00003586      0x4ff CMakeFiles/C_Board.elf.dir/Drivers/STM32F4xx_HAL_Driver/Src/stm32f4xx_hal_gpio.c.obj
 .debug_loc     0x00003a85     0x3eed CMakeFiles/C_Board.elf.dir/Drivers/STM32F4xx_HAL_Driver/Src/stm32f4xx_hal_i2c.c.obj
 .debug_loc     0x00007972      0x56f CMakeFiles/C_Board.elf.dir/Drivers/STM32F4xx_HAL_Driver/Src/stm32f4xx_hal_rcc.c.obj
 .debug_loc     0x00007ee1     0x3a8e CMakeFiles/C_Board.elf.dir/Drivers/STM32F4xx_HAL_Driver/Src/stm32f4xx_hal_tim.c.obj
 .debug_loc     0x0000b96f     0x1164 CMakeFiles/C_Board.elf.dir/Drivers/STM32F4xx_HAL_Driver/Src/stm32f4xx_hal_tim_ex.c.obj
 .debug_loc     0x0000cad3     0x18c5 CMakeFiles/C_Board.elf.dir/Drivers/STM32F4xx_HAL_Driver/Src/stm32f4xx_hal_uart.c.obj
 .debug_loc     0x0000e398      0xb5f CMakeFiles/C_Board.elf.dir/devices/OLED.c.obj

.debug_aranges  0x00000000     0x12b0
 .debug_aranges
                0x00000000       0x58 CMakeFiles/C_Board.elf.dir/APP/CAN_receive.c.obj
 .debug_aranges
                0x00000058       0x38 CMakeFiles/C_Board.elf.dir/APP/remote_control.c.obj
 .debug_aranges
                0x00000090       0x38 CMakeFiles/C_Board.elf.dir/Board_test/bsp_adc.c.obj
 .debug_aranges
                0x000000c8       0x20 CMakeFiles/C_Board.elf.dir/Board_test/bsp_can.c.obj
 .debug_aranges
                0x000000e8       0x28 CMakeFiles/C_Board.elf.dir/Board_test/bsp_key.c.obj
 .debug_aranges
                0x00000110       0x20 CMakeFiles/C_Board.elf.dir/Board_test/bsp_rc.c.obj
 .debug_aranges
                0x00000130       0x38 CMakeFiles/C_Board.elf.dir/Core/Src/adc.c.obj
 .debug_aranges
                0x00000168       0x38 CMakeFiles/C_Board.elf.dir/Core/Src/can.c.obj
 .debug_aranges
                0x000001a0       0x20 CMakeFiles/C_Board.elf.dir/Core/Src/dma.c.obj
 .debug_aranges
                0x000001c0       0x20 CMakeFiles/C_Board.elf.dir/Core/Src/gpio.c.obj
 .debug_aranges
                0x000001e0       0x30 CMakeFiles/C_Board.elf.dir/Core/Src/i2c.c.obj
 .debug_aranges
                0x00000210       0x30 CMakeFiles/C_Board.elf.dir/Core/Src/main.c.obj
 .debug_aranges
                0x00000240       0x20 CMakeFiles/C_Board.elf.dir/Core/Src/stm32f4xx_hal_msp.c.obj
 .debug_aranges
                0x00000260       0x78 CMakeFiles/C_Board.elf.dir/Core/Src/stm32f4xx_it.c.obj
 .debug_aranges
                0x000002d8       0x28 CMakeFiles/C_Board.elf.dir/Core/Src/system_stm32f4xx.c.obj
 .debug_aranges
                0x00000300       0x40 CMakeFiles/C_Board.elf.dir/Core/Src/tim.c.obj
 .debug_aranges
                0x00000340       0x38 CMakeFiles/C_Board.elf.dir/Core/Src/usart.c.obj
 .debug_aranges
                0x00000378       0xf0 CMakeFiles/C_Board.elf.dir/Drivers/STM32F4xx_HAL_Driver/Src/stm32f4xx_hal.c.obj
 .debug_aranges
                0x00000468       0xe8 CMakeFiles/C_Board.elf.dir/Drivers/STM32F4xx_HAL_Driver/Src/stm32f4xx_hal_adc.c.obj
 .debug_aranges
                0x00000550      0x138 CMakeFiles/C_Board.elf.dir/Drivers/STM32F4xx_HAL_Driver/Src/stm32f4xx_hal_can.c.obj
 .debug_aranges
                0x00000688       0xa8 CMakeFiles/C_Board.elf.dir/Drivers/STM32F4xx_HAL_Driver/Src/stm32f4xx_hal_cortex.c.obj
 .debug_aranges
                0x00000730       0x90 CMakeFiles/C_Board.elf.dir/Drivers/STM32F4xx_HAL_Driver/Src/stm32f4xx_hal_dma.c.obj
 .debug_aranges
                0x000007c0       0x58 CMakeFiles/C_Board.elf.dir/Drivers/STM32F4xx_HAL_Driver/Src/stm32f4xx_hal_gpio.c.obj
 .debug_aranges
                0x00000818      0x2a0 CMakeFiles/C_Board.elf.dir/Drivers/STM32F4xx_HAL_Driver/Src/stm32f4xx_hal_i2c.c.obj
 .debug_aranges
                0x00000ab8       0x88 CMakeFiles/C_Board.elf.dir/Drivers/STM32F4xx_HAL_Driver/Src/stm32f4xx_hal_rcc.c.obj
 .debug_aranges
                0x00000b40      0x3a8 CMakeFiles/C_Board.elf.dir/Drivers/STM32F4xx_HAL_Driver/Src/stm32f4xx_hal_tim.c.obj
 .debug_aranges
                0x00000ee8      0x150 CMakeFiles/C_Board.elf.dir/Drivers/STM32F4xx_HAL_Driver/Src/stm32f4xx_hal_tim_ex.c.obj
 .debug_aranges
                0x00001038      0x1d0 CMakeFiles/C_Board.elf.dir/Drivers/STM32F4xx_HAL_Driver/Src/stm32f4xx_hal_uart.c.obj
 .debug_aranges
                0x00001208       0x80 CMakeFiles/C_Board.elf.dir/devices/OLED.c.obj
 .debug_aranges
                0x00001288       0x28 CMakeFiles/C_Board.elf.dir/startup/startup_stm32f407xx.s.obj

.debug_ranges   0x00000000     0x1168
 .debug_ranges  0x00000000       0x48 CMakeFiles/C_Board.elf.dir/APP/CAN_receive.c.obj
 .debug_ranges  0x00000048       0x28 CMakeFiles/C_Board.elf.dir/APP/remote_control.c.obj
 .debug_ranges  0x00000070       0x28 CMakeFiles/C_Board.elf.dir/Board_test/bsp_adc.c.obj
 .debug_ranges  0x00000098       0x10 CMakeFiles/C_Board.elf.dir/Board_test/bsp_can.c.obj
 .debug_ranges  0x000000a8       0x18 CMakeFiles/C_Board.elf.dir/Board_test/bsp_key.c.obj
 .debug_ranges  0x000000c0       0x10 CMakeFiles/C_Board.elf.dir/Board_test/bsp_rc.c.obj
 .debug_ranges  0x000000d0       0x28 CMakeFiles/C_Board.elf.dir/Core/Src/adc.c.obj
 .debug_ranges  0x000000f8       0x28 CMakeFiles/C_Board.elf.dir/Core/Src/can.c.obj
 .debug_ranges  0x00000120       0x10 CMakeFiles/C_Board.elf.dir/Core/Src/dma.c.obj
 .debug_ranges  0x00000130       0x10 CMakeFiles/C_Board.elf.dir/Core/Src/gpio.c.obj
 .debug_ranges  0x00000140       0x20 CMakeFiles/C_Board.elf.dir/Core/Src/i2c.c.obj
 .debug_ranges  0x00000160       0x20 CMakeFiles/C_Board.elf.dir/Core/Src/main.c.obj
 .debug_ranges  0x00000180       0x10 CMakeFiles/C_Board.elf.dir/Core/Src/stm32f4xx_hal_msp.c.obj
 .debug_ranges  0x00000190       0x68 CMakeFiles/C_Board.elf.dir/Core/Src/stm32f4xx_it.c.obj
 .debug_ranges  0x000001f8       0x18 CMakeFiles/C_Board.elf.dir/Core/Src/system_stm32f4xx.c.obj
 .debug_ranges  0x00000210       0x30 CMakeFiles/C_Board.elf.dir/Core/Src/tim.c.obj
 .debug_ranges  0x00000240       0x28 CMakeFiles/C_Board.elf.dir/Core/Src/usart.c.obj
 .debug_ranges  0x00000268       0xe0 CMakeFiles/C_Board.elf.dir/Drivers/STM32F4xx_HAL_Driver/Src/stm32f4xx_hal.c.obj
 .debug_ranges  0x00000348       0xd8 CMakeFiles/C_Board.elf.dir/Drivers/STM32F4xx_HAL_Driver/Src/stm32f4xx_hal_adc.c.obj
 .debug_ranges  0x00000420      0x128 CMakeFiles/C_Board.elf.dir/Drivers/STM32F4xx_HAL_Driver/Src/stm32f4xx_hal_can.c.obj
 .debug_ranges  0x00000548       0xf8 CMakeFiles/C_Board.elf.dir/Drivers/STM32F4xx_HAL_Driver/Src/stm32f4xx_hal_cortex.c.obj
 .debug_ranges  0x00000640       0x80 CMakeFiles/C_Board.elf.dir/Drivers/STM32F4xx_HAL_Driver/Src/stm32f4xx_hal_dma.c.obj
 .debug_ranges  0x000006c0       0x48 CMakeFiles/C_Board.elf.dir/Drivers/STM32F4xx_HAL_Driver/Src/stm32f4xx_hal_gpio.c.obj
 .debug_ranges  0x00000708      0x2a8 CMakeFiles/C_Board.elf.dir/Drivers/STM32F4xx_HAL_Driver/Src/stm32f4xx_hal_i2c.c.obj
 .debug_ranges  0x000009b0       0x90 CMakeFiles/C_Board.elf.dir/Drivers/STM32F4xx_HAL_Driver/Src/stm32f4xx_hal_rcc.c.obj
 .debug_ranges  0x00000a40      0x398 CMakeFiles/C_Board.elf.dir/Drivers/STM32F4xx_HAL_Driver/Src/stm32f4xx_hal_tim.c.obj
 .debug_ranges  0x00000dd8      0x140 CMakeFiles/C_Board.elf.dir/Drivers/STM32F4xx_HAL_Driver/Src/stm32f4xx_hal_tim_ex.c.obj
 .debug_ranges  0x00000f18      0x1c0 CMakeFiles/C_Board.elf.dir/Drivers/STM32F4xx_HAL_Driver/Src/stm32f4xx_hal_uart.c.obj
 .debug_ranges  0x000010d8       0x70 CMakeFiles/C_Board.elf.dir/devices/OLED.c.obj
 .debug_ranges  0x00001148       0x20 CMakeFiles/C_Board.elf.dir/startup/startup_stm32f407xx.s.obj

.debug_line     0x00000000    0x1566e
 .debug_line    0x00000000      0x4a5 CMakeFiles/C_Board.elf.dir/APP/CAN_receive.c.obj
 .debug_line    0x000004a5      0x4c0 CMakeFiles/C_Board.elf.dir/APP/remote_control.c.obj
 .debug_line    0x00000965      0x3cf CMakeFiles/C_Board.elf.dir/Board_test/bsp_adc.c.obj
 .debug_line    0x00000d34      0x2c1 CMakeFiles/C_Board.elf.dir/Board_test/bsp_can.c.obj
 .debug_line    0x00000ff5      0x30a CMakeFiles/C_Board.elf.dir/Board_test/bsp_key.c.obj
 .debug_line    0x000012ff      0x2c0 CMakeFiles/C_Board.elf.dir/Board_test/bsp_rc.c.obj
 .debug_line    0x000015bf      0x4c7 CMakeFiles/C_Board.elf.dir/Core/Src/adc.c.obj
 .debug_line    0x00001a86      0x583 CMakeFiles/C_Board.elf.dir/Core/Src/can.c.obj
 .debug_line    0x00002009      0x246 CMakeFiles/C_Board.elf.dir/Core/Src/dma.c.obj
 .debug_line    0x0000224f      0x2c0 CMakeFiles/C_Board.elf.dir/Core/Src/gpio.c.obj
 .debug_line    0x0000250f      0x3a7 CMakeFiles/C_Board.elf.dir/Core/Src/i2c.c.obj
 .debug_line    0x000028b6      0x543 CMakeFiles/C_Board.elf.dir/Core/Src/main.c.obj
 .debug_line    0x00002df9      0x23f CMakeFiles/C_Board.elf.dir/Core/Src/stm32f4xx_hal_msp.c.obj
 .debug_line    0x00003038      0x3cf CMakeFiles/C_Board.elf.dir/Core/Src/stm32f4xx_it.c.obj
 .debug_line    0x00003407      0x2fc CMakeFiles/C_Board.elf.dir/Core/Src/system_stm32f4xx.c.obj
 .debug_line    0x00003703      0x53c CMakeFiles/C_Board.elf.dir/Core/Src/tim.c.obj
 .debug_line    0x00003c3f      0x51a CMakeFiles/C_Board.elf.dir/Core/Src/usart.c.obj
 .debug_line    0x00004159      0x5db CMakeFiles/C_Board.elf.dir/Drivers/STM32F4xx_HAL_Driver/Src/stm32f4xx_hal.c.obj
 .debug_line    0x00004734     0x10f9 CMakeFiles/C_Board.elf.dir/Drivers/STM32F4xx_HAL_Driver/Src/stm32f4xx_hal_adc.c.obj
 .debug_line    0x0000582d     0x118c CMakeFiles/C_Board.elf.dir/Drivers/STM32F4xx_HAL_Driver/Src/stm32f4xx_hal_can.c.obj
 .debug_line    0x000069b9      0x818 CMakeFiles/C_Board.elf.dir/Drivers/STM32F4xx_HAL_Driver/Src/stm32f4xx_hal_cortex.c.obj
 .debug_line    0x000071d1      0xe9d CMakeFiles/C_Board.elf.dir/Drivers/STM32F4xx_HAL_Driver/Src/stm32f4xx_hal_dma.c.obj
 .debug_line    0x0000806e      0x79f CMakeFiles/C_Board.elf.dir/Drivers/STM32F4xx_HAL_Driver/Src/stm32f4xx_hal_gpio.c.obj
 .debug_line    0x0000880d     0x51b7 CMakeFiles/C_Board.elf.dir/Drivers/STM32F4xx_HAL_Driver/Src/stm32f4xx_hal_i2c.c.obj
 .debug_line    0x0000d9c4      0xbaa CMakeFiles/C_Board.elf.dir/Drivers/STM32F4xx_HAL_Driver/Src/stm32f4xx_hal_rcc.c.obj
 .debug_line    0x0000e56e     0x373d CMakeFiles/C_Board.elf.dir/Drivers/STM32F4xx_HAL_Driver/Src/stm32f4xx_hal_tim.c.obj
 .debug_line    0x00011cab     0x1269 CMakeFiles/C_Board.elf.dir/Drivers/STM32F4xx_HAL_Driver/Src/stm32f4xx_hal_tim_ex.c.obj
 .debug_line    0x00012f14     0x1cdf CMakeFiles/C_Board.elf.dir/Drivers/STM32F4xx_HAL_Driver/Src/stm32f4xx_hal_uart.c.obj
 .debug_line    0x00014bf3      0x9e5 CMakeFiles/C_Board.elf.dir/devices/OLED.c.obj
 .debug_line    0x000155d8       0x96 CMakeFiles/C_Board.elf.dir/startup/startup_stm32f407xx.s.obj

.debug_str      0x00000000     0x5cf0
 .debug_str     0x00000000      0x7a6 CMakeFiles/C_Board.elf.dir/APP/CAN_receive.c.obj
                                0x846 (size before relaxing)
 .debug_str     0x000007a6      0x486 CMakeFiles/C_Board.elf.dir/APP/remote_control.c.obj
                                0x77b (size before relaxing)
 .debug_str     0x00000c2c      0x2d8 CMakeFiles/C_Board.elf.dir/Board_test/bsp_adc.c.obj
                                0x7e0 (size before relaxing)
 .debug_str     0x00000f04      0x12c CMakeFiles/C_Board.elf.dir/Board_test/bsp_can.c.obj
                                0x653 (size before relaxing)
 .debug_str     0x00001030      0x10f CMakeFiles/C_Board.elf.dir/Board_test/bsp_key.c.obj
                                0x38e (size before relaxing)
 .debug_str     0x0000113f       0x4b CMakeFiles/C_Board.elf.dir/Board_test/bsp_rc.c.obj
                                0x6e4 (size before relaxing)
 .debug_str     0x0000118a      0x186 CMakeFiles/C_Board.elf.dir/Core/Src/adc.c.obj
                                0x8ed (size before relaxing)
 .debug_str     0x00001310       0x96 CMakeFiles/C_Board.elf.dir/Core/Src/can.c.obj
                                0x744 (size before relaxing)
 .debug_str     0x000013a6      0x54c CMakeFiles/C_Board.elf.dir/Core/Src/dma.c.obj
                                0x8c2 (size before relaxing)
 .debug_str     0x000018f2       0x4a CMakeFiles/C_Board.elf.dir/Core/Src/gpio.c.obj
                                0x981 (size before relaxing)
 .debug_str     0x0000193c      0x2c8 CMakeFiles/C_Board.elf.dir/Core/Src/i2c.c.obj
                                0x985 (size before relaxing)
 .debug_str     0x00001c04      0x3d8 CMakeFiles/C_Board.elf.dir/Core/Src/main.c.obj
                               0x12cf (size before relaxing)
 .debug_str     0x00001fdc       0x44 CMakeFiles/C_Board.elf.dir/Core/Src/stm32f4xx_hal_msp.c.obj
                                0x3ba (size before relaxing)
 .debug_str     0x00002020      0x150 CMakeFiles/C_Board.elf.dir/Core/Src/stm32f4xx_it.c.obj
                                0x9c2 (size before relaxing)
 .debug_str     0x00002170       0xc7 CMakeFiles/C_Board.elf.dir/Core/Src/system_stm32f4xx.c.obj
                                0x436 (size before relaxing)
 .debug_str     0x00002237      0x207 CMakeFiles/C_Board.elf.dir/Core/Src/tim.c.obj
                                0xfb1 (size before relaxing)
 .debug_str     0x0000243e       0x85 CMakeFiles/C_Board.elf.dir/Core/Src/usart.c.obj
                                0xe34 (size before relaxing)
 .debug_str     0x000024c3      0x2df CMakeFiles/C_Board.elf.dir/Drivers/STM32F4xx_HAL_Driver/Src/stm32f4xx_hal.c.obj
                                0xbc8 (size before relaxing)
 .debug_str     0x000027a2      0x2a0 CMakeFiles/C_Board.elf.dir/Drivers/STM32F4xx_HAL_Driver/Src/stm32f4xx_hal_adc.c.obj
                                0xa30 (size before relaxing)
 .debug_str     0x00002a42      0x3e8 CMakeFiles/C_Board.elf.dir/Drivers/STM32F4xx_HAL_Driver/Src/stm32f4xx_hal_can.c.obj
                                0xb38 (size before relaxing)
 .debug_str     0x00002e2a      0x43e CMakeFiles/C_Board.elf.dir/Drivers/STM32F4xx_HAL_Driver/Src/stm32f4xx_hal_cortex.c.obj
                                0xd07 (size before relaxing)
 .debug_str     0x00003268      0x2c6 CMakeFiles/C_Board.elf.dir/Drivers/STM32F4xx_HAL_Driver/Src/stm32f4xx_hal_dma.c.obj
                                0x853 (size before relaxing)
 .debug_str     0x0000352e       0xf6 CMakeFiles/C_Board.elf.dir/Drivers/STM32F4xx_HAL_Driver/Src/stm32f4xx_hal_gpio.c.obj
                                0x5cd (size before relaxing)
 .debug_str     0x00003624      0x8b7 CMakeFiles/C_Board.elf.dir/Drivers/STM32F4xx_HAL_Driver/Src/stm32f4xx_hal_i2c.c.obj
                               0x110d (size before relaxing)
 .debug_str     0x00003edb      0x18b CMakeFiles/C_Board.elf.dir/Drivers/STM32F4xx_HAL_Driver/Src/stm32f4xx_hal_rcc.c.obj
                                0x7ab (size before relaxing)
 .debug_str     0x00004066      0xcf8 CMakeFiles/C_Board.elf.dir/Drivers/STM32F4xx_HAL_Driver/Src/stm32f4xx_hal_tim.c.obj
                               0x15aa (size before relaxing)
 .debug_str     0x00004d5e      0x4f0 CMakeFiles/C_Board.elf.dir/Drivers/STM32F4xx_HAL_Driver/Src/stm32f4xx_hal_tim_ex.c.obj
                                0xdc2 (size before relaxing)
 .debug_str     0x0000524e      0x517 CMakeFiles/C_Board.elf.dir/Drivers/STM32F4xx_HAL_Driver/Src/stm32f4xx_hal_uart.c.obj
                                0xd0e (size before relaxing)
 .debug_str     0x00005765      0x544 CMakeFiles/C_Board.elf.dir/devices/OLED.c.obj
                                0xcfa (size before relaxing)
 .debug_str     0x00005ca9       0x47 CMakeFiles/C_Board.elf.dir/startup/startup_stm32f407xx.s.obj
                                 0x74 (size before relaxing)

.comment        0x00000000       0x4c
 .comment       0x00000000       0x4c CMakeFiles/C_Board.elf.dir/APP/CAN_receive.c.obj
                                 0x4d (size before relaxing)
 .comment       0x0000004c       0x4d CMakeFiles/C_Board.elf.dir/APP/remote_control.c.obj
 .comment       0x0000004c       0x4d CMakeFiles/C_Board.elf.dir/Board_test/bsp_adc.c.obj
 .comment       0x0000004c       0x4d CMakeFiles/C_Board.elf.dir/Board_test/bsp_can.c.obj
 .comment       0x0000004c       0x4d CMakeFiles/C_Board.elf.dir/Board_test/bsp_key.c.obj
 .comment       0x0000004c       0x4d CMakeFiles/C_Board.elf.dir/Board_test/bsp_rc.c.obj
 .comment       0x0000004c       0x4d CMakeFiles/C_Board.elf.dir/Core/Src/adc.c.obj
 .comment       0x0000004c       0x4d CMakeFiles/C_Board.elf.dir/Core/Src/can.c.obj
 .comment       0x0000004c       0x4d CMakeFiles/C_Board.elf.dir/Core/Src/dma.c.obj
 .comment       0x0000004c       0x4d CMakeFiles/C_Board.elf.dir/Core/Src/gpio.c.obj
 .comment       0x0000004c       0x4d CMakeFiles/C_Board.elf.dir/Core/Src/i2c.c.obj
 .comment       0x0000004c       0x4d CMakeFiles/C_Board.elf.dir/Core/Src/main.c.obj
 .comment       0x0000004c       0x4d CMakeFiles/C_Board.elf.dir/Core/Src/stm32f4xx_hal_msp.c.obj
 .comment       0x0000004c       0x4d CMakeFiles/C_Board.elf.dir/Core/Src/stm32f4xx_it.c.obj
 .comment       0x0000004c       0x4d CMakeFiles/C_Board.elf.dir/Core/Src/system_stm32f4xx.c.obj
 .comment       0x0000004c       0x4d CMakeFiles/C_Board.elf.dir/Core/Src/tim.c.obj
 .comment       0x0000004c       0x4d CMakeFiles/C_Board.elf.dir/Core/Src/usart.c.obj
 .comment       0x0000004c       0x4d CMakeFiles/C_Board.elf.dir/Drivers/STM32F4xx_HAL_Driver/Src/stm32f4xx_hal.c.obj
 .comment       0x0000004c       0x4d CMakeFiles/C_Board.elf.dir/Drivers/STM32F4xx_HAL_Driver/Src/stm32f4xx_hal_adc.c.obj
 .comment       0x0000004c       0x4d CMakeFiles/C_Board.elf.dir/Drivers/STM32F4xx_HAL_Driver/Src/stm32f4xx_hal_can.c.obj
 .comment       0x0000004c       0x4d CMakeFiles/C_Board.elf.dir/Drivers/STM32F4xx_HAL_Driver/Src/stm32f4xx_hal_cortex.c.obj
 .comment       0x0000004c       0x4d CMakeFiles/C_Board.elf.dir/Drivers/STM32F4xx_HAL_Driver/Src/stm32f4xx_hal_dma.c.obj
 .comment       0x0000004c       0x4d CMakeFiles/C_Board.elf.dir/Drivers/STM32F4xx_HAL_Driver/Src/stm32f4xx_hal_gpio.c.obj
 .comment       0x0000004c       0x4d CMakeFiles/C_Board.elf.dir/Drivers/STM32F4xx_HAL_Driver/Src/stm32f4xx_hal_i2c.c.obj
 .comment       0x0000004c       0x4d CMakeFiles/C_Board.elf.dir/Drivers/STM32F4xx_HAL_Driver/Src/stm32f4xx_hal_rcc.c.obj
 .comment       0x0000004c       0x4d CMakeFiles/C_Board.elf.dir/Drivers/STM32F4xx_HAL_Driver/Src/stm32f4xx_hal_tim.c.obj
 .comment       0x0000004c       0x4d CMakeFiles/C_Board.elf.dir/Drivers/STM32F4xx_HAL_Driver/Src/stm32f4xx_hal_tim_ex.c.obj
 .comment       0x0000004c       0x4d CMakeFiles/C_Board.elf.dir/Drivers/STM32F4xx_HAL_Driver/Src/stm32f4xx_hal_uart.c.obj
 .comment       0x0000004c       0x4d CMakeFiles/C_Board.elf.dir/devices/OLED.c.obj

.debug_frame    0x00000000     0x3454
 .debug_frame   0x00000000       0xd4 CMakeFiles/C_Board.elf.dir/APP/CAN_receive.c.obj
 .debug_frame   0x000000d4       0x7c CMakeFiles/C_Board.elf.dir/APP/remote_control.c.obj
 .debug_frame   0x00000150       0x74 CMakeFiles/C_Board.elf.dir/Board_test/bsp_adc.c.obj
 .debug_frame   0x000001c4       0x30 CMakeFiles/C_Board.elf.dir/Board_test/bsp_can.c.obj
 .debug_frame   0x000001f4       0x40 CMakeFiles/C_Board.elf.dir/Board_test/bsp_key.c.obj
 .debug_frame   0x00000234       0x2c CMakeFiles/C_Board.elf.dir/Board_test/bsp_rc.c.obj
 .debug_frame   0x00000260       0x88 CMakeFiles/C_Board.elf.dir/Core/Src/adc.c.obj
 .debug_frame   0x000002e8       0x78 CMakeFiles/C_Board.elf.dir/Core/Src/can.c.obj
 .debug_frame   0x00000360       0x2c CMakeFiles/C_Board.elf.dir/Core/Src/dma.c.obj
 .debug_frame   0x0000038c       0x34 CMakeFiles/C_Board.elf.dir/Core/Src/gpio.c.obj
 .debug_frame   0x000003c0       0x64 CMakeFiles/C_Board.elf.dir/Core/Src/i2c.c.obj
 .debug_frame   0x00000424       0x58 CMakeFiles/C_Board.elf.dir/Core/Src/main.c.obj
 .debug_frame   0x0000047c       0x28 CMakeFiles/C_Board.elf.dir/Core/Src/stm32f4xx_hal_msp.c.obj
 .debug_frame   0x000004a4       0xf0 CMakeFiles/C_Board.elf.dir/Core/Src/stm32f4xx_it.c.obj
 .debug_frame   0x00000594       0x30 CMakeFiles/C_Board.elf.dir/Core/Src/system_stm32f4xx.c.obj
 .debug_frame   0x000005c4       0xa8 CMakeFiles/C_Board.elf.dir/Core/Src/tim.c.obj
 .debug_frame   0x0000066c       0x80 CMakeFiles/C_Board.elf.dir/Core/Src/usart.c.obj
 .debug_frame   0x000006ec      0x1ec CMakeFiles/C_Board.elf.dir/Drivers/STM32F4xx_HAL_Driver/Src/stm32f4xx_hal.c.obj
 .debug_frame   0x000008d8      0x268 CMakeFiles/C_Board.elf.dir/Drivers/STM32F4xx_HAL_Driver/Src/stm32f4xx_hal_adc.c.obj
 .debug_frame   0x00000b40      0x2dc CMakeFiles/C_Board.elf.dir/Drivers/STM32F4xx_HAL_Driver/Src/stm32f4xx_hal_can.c.obj
 .debug_frame   0x00000e1c      0x15c CMakeFiles/C_Board.elf.dir/Drivers/STM32F4xx_HAL_Driver/Src/stm32f4xx_hal_cortex.c.obj
 .debug_frame   0x00000f78      0x188 CMakeFiles/C_Board.elf.dir/Drivers/STM32F4xx_HAL_Driver/Src/stm32f4xx_hal_dma.c.obj
 .debug_frame   0x00001100       0xd8 CMakeFiles/C_Board.elf.dir/Drivers/STM32F4xx_HAL_Driver/Src/stm32f4xx_hal_gpio.c.obj
 .debug_frame   0x000011d8      0x968 CMakeFiles/C_Board.elf.dir/Drivers/STM32F4xx_HAL_Driver/Src/stm32f4xx_hal_i2c.c.obj
 .debug_frame   0x00001b40      0x174 CMakeFiles/C_Board.elf.dir/Drivers/STM32F4xx_HAL_Driver/Src/stm32f4xx_hal_rcc.c.obj
 .debug_frame   0x00001cb4      0xa7c CMakeFiles/C_Board.elf.dir/Drivers/STM32F4xx_HAL_Driver/Src/stm32f4xx_hal_tim.c.obj
 .debug_frame   0x00002730      0x3b4 CMakeFiles/C_Board.elf.dir/Drivers/STM32F4xx_HAL_Driver/Src/stm32f4xx_hal_tim_ex.c.obj
 .debug_frame   0x00002ae4      0x4ec CMakeFiles/C_Board.elf.dir/Drivers/STM32F4xx_HAL_Driver/Src/stm32f4xx_hal_uart.c.obj
 .debug_frame   0x00002fd0      0x1a8 CMakeFiles/C_Board.elf.dir/devices/OLED.c.obj
 .debug_frame   0x00003178       0x4c e:/stm32+clion/gcc-arm-none-eabi-9-2020-q2-update-win32/bin/../lib/gcc/arm-none-eabi/9.3.1/thumb/v7e-m/nofp\libgcc.a(_arm_addsubsf3.o)
 .debug_frame   0x000031c4       0x38 e:/stm32+clion/gcc-arm-none-eabi-9-2020-q2-update-win32/bin/../lib/gcc/arm-none-eabi/9.3.1/thumb/v7e-m/nofp\libgcc.a(_arm_muldivsf3.o)
 .debug_frame   0x000031fc       0x2c e:/stm32+clion/gcc-arm-none-eabi-9-2020-q2-update-win32/bin/../lib/gcc/arm-none-eabi/9.3.1/thumb/v7e-m/nofp\libgcc.a(_aeabi_uldivmod.o)
 .debug_frame   0x00003228       0x34 e:/stm32+clion/gcc-arm-none-eabi-9-2020-q2-update-win32/bin/../lib/gcc/arm-none-eabi/9.3.1/thumb/v7e-m/nofp\libgcc.a(_udivmoddi4.o)
 .debug_frame   0x0000325c       0x2c e:/stm32+clion/gcc-arm-none-eabi-9-2020-q2-update-win32/bin/../lib/gcc/arm-none-eabi/9.3.1/../../../../arm-none-eabi/lib/thumb/v7e-m/nofp\libg.a(lib_a-init.o)
 .debug_frame   0x00003288       0x38 e:/stm32+clion/gcc-arm-none-eabi-9-2020-q2-update-win32/bin/../lib/gcc/arm-none-eabi/9.3.1/../../../../arm-none-eabi/lib/thumb/v7e-m/nofp\libg.a(lib_a-memset.o)
 .debug_frame   0x000032c0       0x5c e:/stm32+clion/gcc-arm-none-eabi-9-2020-q2-update-win32/bin/../lib/gcc/arm-none-eabi/9.3.1/../../../../arm-none-eabi/lib/thumb/v7e-m/nofp\libg.a(lib_a-__call_atexit.o)
 .debug_frame   0x0000331c       0x20 e:/stm32+clion/gcc-arm-none-eabi-9-2020-q2-update-win32/bin/../lib/gcc/arm-none-eabi/9.3.1/../../../../arm-none-eabi/lib/thumb/v7e-m/nofp\libg.a(lib_a-atexit.o)
 .debug_frame   0x0000333c       0x34 e:/stm32+clion/gcc-arm-none-eabi-9-2020-q2-update-win32/bin/../lib/gcc/arm-none-eabi/9.3.1/../../../../arm-none-eabi/lib/thumb/v7e-m/nofp\libg.a(lib_a-fini.o)
 .debug_frame   0x00003370       0xb0 e:/stm32+clion/gcc-arm-none-eabi-9-2020-q2-update-win32/bin/../lib/gcc/arm-none-eabi/9.3.1/../../../../arm-none-eabi/lib/thumb/v7e-m/nofp\libg.a(lib_a-lock.o)
 .debug_frame   0x00003420       0x34 e:/stm32+clion/gcc-arm-none-eabi-9-2020-q2-update-win32/bin/../lib/gcc/arm-none-eabi/9.3.1/../../../../arm-none-eabi/lib/thumb/v7e-m/nofp\libg.a(lib_a-__atexit.o)
